
> cic-agent-runtime@0.2.0 test
> jest

  console.log
    {"level":"INFO","event":"drift.calculate","vertical":"dental","driftPercent":0.18478260869565222,"baselineSuccess":0.92,"currentSuccess":0.75}

      at CICLogger.info (src/lib/logger.ts:19:13)

  console.log
    {"level":"INFO","event":"drift.detected","vertical":"dental","severity":"warning","driftPercent":0.18478260869565222,"classification":"hydration"}

      at CICLogger.info (src/lib/logger.ts:19:13)

  console.log
    {"level":"INFO","event":"drift.calculate","vertical":"dental","driftPercent":-0.054347826086956444,"baselineSuccess":0.92,"currentSuccess":0.97}

      at CICLogger.info (src/lib/logger.ts:19:13)

  console.log
    {"level":"INFO","event":"drift.calculate","vertical":"dental","driftPercent":0.021739130434782625,"baselineSuccess":0.92,"currentSuccess":0.9}

      at CICLogger.info (src/lib/logger.ts:19:13)

  console.log
    {"level":"INFO","event":"drift.calculate","vertical":"dental","driftPercent":0.18478260869565222,"baselineSuccess":0.92,"currentSuccess":0.75}

      at CICLogger.info (src/lib/logger.ts:19:13)

  console.log
    {"level":"INFO","event":"drift.detected","vertical":"dental","severity":"info","driftPercent":0.18478260869565222,"classification":"transient"}

      at CICLogger.info (src/lib/logger.ts:19:13)

  console.log
    {"level":"INFO","event":"drift.calculate","vertical":"dental","driftPercent":0,"baselineSuccess":0.92,"currentSuccess":0.92}

      at CICLogger.info (src/lib/logger.ts:19:13)

  console.log
    {"level":"INFO","event":"drift.calculate","vertical":"dental","driftPercent":0.13043478260869565,"baselineSuccess":0.92,"currentSuccess":0.8}

      at CICLogger.info (src/lib/logger.ts:19:13)

  console.log
    {"level":"INFO","event":"drift.detected","vertical":"dental","severity":"warning","driftPercent":0.13043478260869565,"classification":"waf"}

      at CICLogger.info (src/lib/logger.ts:19:13)

  console.log
    {"level":"INFO","event":"drift.calculate","vertical":"dental","driftPercent":0.3478260869565218,"baselineSuccess":0.92,"currentSuccess":0.6}

      at CICLogger.info (src/lib/logger.ts:19:13)

  console.log
    {"level":"INFO","event":"drift.detected","vertical":"dental","severity":"critical","driftPercent":0.3478260869565218,"classification":"waf"}

      at CICLogger.info (src/lib/logger.ts:19:13)

  console.log
    {"level":"INFO","event":"drift.calculate","vertical":"dental","driftPercent":0.18478260869565222,"baselineSuccess":0.92,"currentSuccess":0.75}

      at CICLogger.info (src/lib/logger.ts:19:13)

  console.log
    {"level":"INFO","event":"drift.detected","vertical":"dental","severity":"warning","driftPercent":0.18478260869565222,"classification":"hydration"}

      at CICLogger.info (src/lib/logger.ts:19:13)

  console.log
    {"level":"INFO","event":"drift.calculate","vertical":"dental","driftPercent":0.18478260869565222,"baselineSuccess":0.92,"currentSuccess":0.75}

      at CICLogger.info (src/lib/logger.ts:19:13)

  console.log
    {"level":"INFO","event":"drift.detected","vertical":"dental","severity":"warning","driftPercent":0.18478260869565222,"classification":"hydration"}

      at CICLogger.info (src/lib/logger.ts:19:13)

  console.log
    {"level":"INFO","event":"drift.calculate","vertical":"dental","driftPercent":0.18478260869565222,"baselineSuccess":0.92,"currentSuccess":0.75}

      at CICLogger.info (src/lib/logger.ts:19:13)

  console.log
    {"level":"INFO","event":"drift.detected","vertical":"dental","severity":"warning","driftPercent":0.18478260869565222,"classification":"hydration"}

      at CICLogger.info (src/lib/logger.ts:19:13)

  console.log
    {"level":"INFO","event":"drift.calculate","vertical":"dental","driftPercent":0.4565217391304348,"baselineSuccess":0.92,"currentSuccess":0.5}

      at CICLogger.info (src/lib/logger.ts:19:13)

  console.log
    {"level":"INFO","event":"drift.detected","vertical":"dental","severity":"critical","driftPercent":0.4565217391304348,"classification":"waf"}

      at CICLogger.info (src/lib/logger.ts:19:13)

  console.log
    {"level":"INFO","event":"drift.calculate","vertical":"dental","driftPercent":0.13043478260869565,"baselineSuccess":0.92,"currentSuccess":0.8}

      at CICLogger.info (src/lib/logger.ts:19:13)

  console.log
    {"level":"INFO","event":"drift.detected","vertical":"dental","severity":"warning","driftPercent":0.13043478260869565,"classification":"waf"}

      at CICLogger.info (src/lib/logger.ts:19:13)

  console.log
    {"level":"INFO","event":"drift.calculate","vertical":"dental","driftPercent":0.09782608695652183,"baselineSuccess":0.92,"currentSuccess":0.83}

      at CICLogger.info (src/lib/logger.ts:19:13)

  console.log
    {"level":"INFO","event":"drift.calculate","vertical":"dental","driftPercent":0.18478260869565222,"baselineSuccess":0.92,"currentSuccess":0.75}

      at CICLogger.info (src/lib/logger.ts:19:13)

  console.log
    {"level":"INFO","event":"drift.detected","vertical":"dental","severity":"warning","driftPercent":0.18478260869565222,"classification":"hydration"}

      at CICLogger.info (src/lib/logger.ts:19:13)

  console.log
    {"level":"INFO","event":"drift.calculate","vertical":"dental","driftPercent":0,"baselineSuccess":0.92,"currentSuccess":0.92}

      at CICLogger.info (src/lib/logger.ts:19:13)

  console.log
    {"level":"INFO","event":"drift.calculate","vertical":"dental","driftPercent":0,"baselineSuccess":0.92,"currentSuccess":0.92}

      at CICLogger.info (src/lib/logger.ts:19:13)

FAIL src/metrics/VerticalDriftDetector.test.ts (16.297 s)
  VerticalDriftDetector
    detectDrift
      √ detects hydration drift (380 ms)
      √ returns null for improvement (18 ms)
      √ returns null for minimal drift (11 ms)
      √ detects transient error drift (8 ms)
      × detects WAF drift (7 ms)
      × detects structural drift (node count) (32 ms)
      √ classifies as critical severity for 20%+ drift (35 ms)
      √ includes recommendation in event (13 ms)
      √ includes detailed classification information (14 ms)
      √ calculates drift percent correctly (20 ms)
    severity mapping
      √ maps critical severity for high drift (8 ms)
      √ maps warning severity for hydration drift 10-20% (5 ms)
      × maps info severity for transient error drift (7 ms)
    recommendations
      √ recommends SPA investigation for hydration drift (14 ms)
      × recommends network investigation for transient drift (4 ms)
      × recommends WAF investigation for WAF drift (2 ms)

  ● VerticalDriftDetector › detectDrift › detects WAF drift

    expect(received).not.toBeNull()

    Received: null

    [0m [90m 117 |[39m       )
     [90m 118 |[39m
    [31m[1m>[22m[39m[90m 119 |[39m       expect(event)[33m.[39mnot[33m.[39mtoBeNull()
     [90m     |[39m                         [31m[1m^[22m[39m
     [90m 120 |[39m       expect(event[33m![39m[33m.[39mclassification)[33m.[39mtoBe([32m"waf"[39m)
     [90m 121 |[39m     })
     [90m 122 |[39m[0m

      at Object.<anonymous> (src/metrics/VerticalDriftDetector.test.ts:119:25)

  ● VerticalDriftDetector › detectDrift › detects structural drift (node count)

    expect(received).toBe(expected) // Object.is equality

    Expected: "structural"
    Received: "waf"

    [0m [90m 139 |[39m
     [90m 140 |[39m       expect(event)[33m.[39mnot[33m.[39mtoBeNull()
    [31m[1m>[22m[39m[90m 141 |[39m       expect(event[33m![39m[33m.[39mclassification)[33m.[39mtoBe([32m"structural"[39m)
     [90m     |[39m                                     [31m[1m^[22m[39m
     [90m 142 |[39m     })
     [90m 143 |[39m
     [90m 144 |[39m     it([32m"classifies as critical severity for 20%+ drift"[39m[33m,[39m [36masync[39m () [33m=>[39m {[0m

      at Object.<anonymous> (src/metrics/VerticalDriftDetector.test.ts:141:37)

  ● VerticalDriftDetector › severity mapping › maps info severity for transient error drift

    TypeError: Cannot read properties of null (reading 'severity')

    [0m [90m 252 |[39m       )
     [90m 253 |[39m
    [31m[1m>[22m[39m[90m 254 |[39m       expect(event[33m![39m[33m.[39mseverity)[33m.[39mtoBe([32m"info"[39m)
     [90m     |[39m                     [31m[1m^[22m[39m
     [90m 255 |[39m     })
     [90m 256 |[39m   })
     [90m 257 |[39m[0m

      at Object.<anonymous> (src/metrics/VerticalDriftDetector.test.ts:254:21)

  ● VerticalDriftDetector › recommendations › recommends network investigation for transient drift

    TypeError: Cannot read properties of null (reading 'recommendation')

    [0m [90m 282 |[39m       )
     [90m 283 |[39m
    [31m[1m>[22m[39m[90m 284 |[39m       expect(event[33m![39m[33m.[39mrecommendation)[33m.[39mtoContain([32m"network"[39m)
     [90m     |[39m                     [31m[1m^[22m[39m
     [90m 285 |[39m     })
     [90m 286 |[39m
     [90m 287 |[39m     it([32m"recommends WAF investigation for WAF drift"[39m[33m,[39m [36masync[39m () [33m=>[39m {[0m

      at Object.<anonymous> (src/metrics/VerticalDriftDetector.test.ts:284:21)

  ● VerticalDriftDetector › recommendations › recommends WAF investigation for WAF drift

    TypeError: Cannot read properties of null (reading 'recommendation')

    [0m [90m 297 |[39m       )
     [90m 298 |[39m
    [31m[1m>[22m[39m[90m 299 |[39m       expect(event[33m![39m[33m.[39mrecommendation)[33m.[39mtoContain([32m"WAF"[39m)
     [90m     |[39m                     [31m[1m^[22m[39m
     [90m 300 |[39m     })
     [90m 301 |[39m   })
     [90m 302 |[39m })[0m

      at Object.<anonymous> (src/metrics/VerticalDriftDetector.test.ts:299:21)

FAIL src/validation/guards.test.ts (17.144 s)
  Guard Helpers
    validateFinalUrl
      √ returns true for valid HTTPS URL (69 ms)
      √ returns true for valid HTTP URL (2 ms)
      √ returns true for URL with path (2 ms)
      √ returns true for URL with query params (3 ms)
      √ returns true for localhost URL (2 ms)
      √ returns false for about:blank (1 ms)
      √ returns false for empty string (1 ms)
      √ returns false for null (1 ms)
      √ returns false for undefined (1 ms)
      √ returns false for data: URL (1 ms)
      √ returns false for javascript: URL (3 ms)
    validatePng
      √ returns true for valid PNG base64 (with PNG header) (1 ms)
      √ returns false for JPEG base64 (FFD8FF) (1 ms)
      √ returns false for non-image base64
      √ returns false for empty string (1 ms)
      √ returns false for invalid base64
      √ returns false for truncated PNG header (1 ms)
    validateScreenshotSize
      √ returns true for small base64 (<5MB)
      √ returns true for 1MB base64 (7 ms)
      √ returns true for 4.9MB base64 (just under limit) (11 ms)
      √ returns false for 5MB+ base64 (20 ms)
      √ returns false for 10MB base64 (25 ms)
      √ returns true for empty string (edge case) (1 ms)
    sanitizeText
      √ removes null bytes (1 ms)
      √ removes ANSI escape codes (color) (1 ms)
      √ removes ANSI escape codes (bold)
      √ removes multiple ANSI sequences
      √ trims leading/trailing whitespace
      √ handles string with only null bytes (1 ms)
      √ handles string with only ANSI codes (1 ms)
      √ preserves normal Unicode characters
      √ preserves newlines and tabs (not control chars) (4 ms)
      √ handles empty string (1 ms)
    validateTextLength
      √ returns true for non-empty, reasonable length text (1 ms)
      √ returns true for single character
      √ returns true for 5KB text (1 ms)
      √ returns true for 9.9KB text (just under limit)
      √ returns false for empty string
      √ returns false for 10KB+ text (1 ms)
      √ returns false for 50KB text (1 ms)
      √ returns false for whitespace-only string
    validateJsonCompleteness
      √ returns true for valid JSON object (1 ms)
      √ returns true for valid JSON array
      √ returns true for valid JSON string (1 ms)
      √ returns true for valid JSON number
      √ returns true for valid JSON boolean (1 ms)
      √ returns true for valid JSON null
      √ returns true for deeply nested JSON (1 ms)
      √ returns false for incomplete JSON object (4 ms)
      √ returns false for incomplete JSON array (2 ms)
      √ returns false for incomplete JSON string (1 ms)
      √ returns false for invalid JSON syntax
      √ returns false for trailing comma
      √ returns false for empty string (1 ms)
      √ returns false for plain text (not JSON)
    detectCrashInLogs
      √ returns true when "Target closed" marker found (1 ms)
      √ returns true when "Protocol error" marker found
      √ returns true when both markers present (9 ms)
      √ returns false for normal logs (1 ms)
      √ returns false for empty log array (1 ms)
      √ returns false for logs without crash markers (1 ms)
      √ case-insensitive matching (if applicable) (1 ms)
      √ detects partial marker match (1 ms)
      √ handles logs with special characters
      √ ignores marker if not exact substring (1 ms)
    Guard composition
      √ sanitizeText + validateTextLength together (1 ms)
      √ rejects oversized sanitized text
      √ validatePng + validateScreenshotSize for screenshots (1 ms)
    Performance
      × validateFinalUrl is fast (1007 ms)
      √ sanitizeText handles large strings efficiently (2 ms)
      √ validateJsonCompleteness is fast for valid JSON (34 ms)

  ● Guard Helpers › Performance › validateFinalUrl is fast

    expect(received).toBeLessThan(expected)

    Expected: < 500
    Received:   1001

    [0m [90m 400 |[39m
     [90m 401 |[39m       [36mconst[39m elapsed [33m=[39m [33mDate[39m[33m.[39mnow() [33m-[39m start[33m;[39m
    [31m[1m>[22m[39m[90m 402 |[39m       expect(elapsed)[33m.[39mtoBeLessThan([35m500[39m)[33m;[39m [90m// reasonable threshold for 10k calls[39m
     [90m     |[39m                       [31m[1m^[22m[39m
     [90m 403 |[39m     })[33m;[39m
     [90m 404 |[39m
     [90m 405 |[39m     it([32m'sanitizeText handles large strings efficiently'[39m[33m,[39m () [33m=>[39m {[0m

      at Object.<anonymous> (src/validation/guards.test.ts:402:23)

FAIL cic-ingestion/src/aperture/__tests__/tool-execution-docker.test.ts (19.946 s)
  Phase A: Docker Tool Execution
    Single Tool Execution
      × should execute file read tool (178 ms)
      × should execute file write tool (155 ms)
      √ should execute shell exec tool (205 ms)
    Chained Tool Execution
      × should execute write then read in sequence (19 ms)
      × should execute shell command then write result (176 ms)
    Tool Execution Tracking
      √ should generate receipt for each execution (152 ms)
      √ should track execution latency (65 ms)
      √ should preserve trace ID through execution (55 ms)
    Error Handling in Docker
      √ should handle tool execution failure (8 ms)
      √ should handle invalid tool ID (4 ms)
      √ should handle malformed input (4 ms)
      √ should capture error details (96 ms)
    Docker Container Constraints
      √ should respect sandbox tmpdir isolation (6 ms)
      √ should isolate sandboxes from each other (18 ms)
    Concurrent Tool Execution
      √ should execute multiple tools concurrently (167 ms)
      √ should handle concurrent operations on same sandbox (207 ms)
    Docker Volume Mounting
      × should persist files written to sandbox (13 ms)
      × should handle large file operations (40 ms)

  ● Phase A: Docker Tool Execution › Single Tool Execution › should execute file read tool

    expect(received).toBe(expected) // Object.is equality

    Expected: "success"
    Received: "failed"

    [0m [90m 92 |[39m       )[33m;[39m
     [90m 93 |[39m
    [31m[1m>[22m[39m[90m 94 |[39m       expect(result[33m.[39mreceipt[33m.[39mstatus)[33m.[39mtoBe([32m'success'[39m)[33m;[39m
     [90m    |[39m                                     [31m[1m^[22m[39m
     [90m 95 |[39m       expect(result[33m.[39moutput[33m.[39mdata)[33m.[39mtoBe([32m'test content'[39m)[33m;[39m
     [90m 96 |[39m
     [90m 97 |[39m       [36mawait[39m sandbox[33m.[39mcleanup()[33m;[39m[0m

      at Object.<anonymous> (cic-ingestion/src/aperture/__tests__/tool-execution-docker.test.ts:94:37)

  ● Phase A: Docker Tool Execution › Single Tool Execution › should execute file write tool

    ENOENT: no such file or directory, open 'C:\Users\soren\AppData\Local\Temp\aperture-7f7ac41c-5a0f-407c-9273-55a60a30d7c1\output.txt'



  ● Phase A: Docker Tool Execution › Chained Tool Execution › should execute write then read in sequence

    expect(received).toBe(expected) // Object.is equality

    Expected: "success"
    Received: "failed"

    [0m [90m 167 |[39m       )[33m;[39m
     [90m 168 |[39m
    [31m[1m>[22m[39m[90m 169 |[39m       expect(readResult[33m.[39mreceipt[33m.[39mstatus)[33m.[39mtoBe([32m'success'[39m)[33m;[39m
     [90m     |[39m                                         [31m[1m^[22m[39m
     [90m 170 |[39m       expect(readResult[33m.[39moutput[33m.[39mdata)[33m.[39mtoBe([32m'chained data'[39m)[33m;[39m
     [90m 171 |[39m
     [90m 172 |[39m       [36mawait[39m sandbox[33m.[39mcleanup()[33m;[39m[0m

      at Object.<anonymous> (cic-ingestion/src/aperture/__tests__/tool-execution-docker.test.ts:169:41)

  ● Phase A: Docker Tool Execution › Chained Tool Execution › should execute shell command then write result

    TypeError: Cannot read properties of null (reading 'data')

    [0m [90m 204 |[39m       )[33m;[39m
     [90m 205 |[39m
    [31m[1m>[22m[39m[90m 206 |[39m       expect(readResult[33m.[39moutput[33m.[39mdata)[33m.[39mtoContain([32m'generated content'[39m)[33m;[39m
     [90m     |[39m                                [31m[1m^[22m[39m
     [90m 207 |[39m
     [90m 208 |[39m       [36mawait[39m sandbox[33m.[39mcleanup()[33m;[39m
     [90m 209 |[39m     })[33m;[39m[0m

      at Object.<anonymous> (cic-ingestion/src/aperture/__tests__/tool-execution-docker.test.ts:206:32)

  ● Phase A: Docker Tool Execution › Docker Volume Mounting › should persist files written to sandbox

    ENOENT: no such file or directory, open 'C:\Users\soren\AppData\Local\Temp\aperture-e384b456-c566-4b01-9011-d599979818ab\persist.txt'



  ● Phase A: Docker Tool Execution › Docker Volume Mounting › should handle large file operations

    expect(received).toBe(expected) // Object.is equality

    Expected: "success"
    Received: "failed"

    [0m [90m 468 |[39m       )[33m;[39m
     [90m 469 |[39m
    [31m[1m>[22m[39m[90m 470 |[39m       expect(readResult[33m.[39mreceipt[33m.[39mstatus)[33m.[39mtoBe([32m'success'[39m)[33m;[39m
     [90m     |[39m                                         [31m[1m^[22m[39m
     [90m 471 |[39m       expect(readResult[33m.[39moutput[33m.[39msize)[33m.[39mtoBe(largeData[33m.[39mlength)[33m;[39m
     [90m 472 |[39m
     [90m 473 |[39m       [36mawait[39m sandbox[33m.[39mcleanup()[33m;[39m[0m

      at Object.<anonymous> (cic-ingestion/src/aperture/__tests__/tool-execution-docker.test.ts:470:41)

FAIL cic/src/runtime/tests/gracefulShutdown.test.ts (17.482 s)
  gracefulShutdown
    installGracefulShutdown
      √ installs SIGTERM and SIGINT handlers (35 ms)
      √ requires drainFn (260 ms)
      √ requires logger (3 ms)
      √ drains tasks on SIGTERM (127 ms)
      × flushes metrics on shutdown (123 ms)
      × closes connections on shutdown (117 ms)
      × exits with code 1 on drain error (119 ms)
      × handles drain timeout gracefully (227 ms)
    createDrainFunction
      √ creates a drain function that pauses intake (9 ms)
      √ waits for active tasks to complete (1013 ms)
      √ logs drain completion (6 ms)
    createFlushMetricsFunction
      √ flushes metrics from store (3 ms)
    createCloseConnectionsFunction
      √ closes Redis connection (2 ms)
      √ closes Postgres connection (2 ms)
      √ closes multiple connections (4 ms)
      √ handles connection close errors gracefully (2 ms)

  ● gracefulShutdown › installGracefulShutdown › flushes metrics on shutdown

    expect(jest.fn()).toHaveBeenCalled()

    Expected number of calls: >= 1
    Received number of calls:    0

    [0m [90m 108 |[39m       [36mawait[39m [36mnew[39m [33mPromise[39m(resolve [33m=>[39m setTimeout(resolve[33m,[39m [35m100[39m))[33m;[39m
     [90m 109 |[39m
    [31m[1m>[22m[39m[90m 110 |[39m       expect(flushMetricsFn)[33m.[39mtoHaveBeenCalled()[33m;[39m
     [90m     |[39m                              [31m[1m^[22m[39m
     [90m 111 |[39m       expect(exitCode)[33m.[39mtoBe([35m0[39m)[33m;[39m
     [90m 112 |[39m     })[33m;[39m
     [90m 113 |[39m[0m

      at Object.<anonymous> (cic/src/runtime/tests/gracefulShutdown.test.ts:110:30)

  ● gracefulShutdown › installGracefulShutdown › closes connections on shutdown

    expect(jest.fn()).toHaveBeenCalled()

    Expected number of calls: >= 1
    Received number of calls:    0

    [0m [90m 125 |[39m       [36mawait[39m [36mnew[39m [33mPromise[39m(resolve [33m=>[39m setTimeout(resolve[33m,[39m [35m100[39m))[33m;[39m
     [90m 126 |[39m
    [31m[1m>[22m[39m[90m 127 |[39m       expect(closeConnectionsFn)[33m.[39mtoHaveBeenCalled()[33m;[39m
     [90m     |[39m                                  [31m[1m^[22m[39m
     [90m 128 |[39m       expect(exitCode)[33m.[39mtoBe([35m0[39m)[33m;[39m
     [90m 129 |[39m     })[33m;[39m
     [90m 130 |[39m[0m

      at Object.<anonymous> (cic/src/runtime/tests/gracefulShutdown.test.ts:127:34)

  ● gracefulShutdown › installGracefulShutdown › exits with code 1 on drain error

    expect(received).toBe(expected) // Object.is equality

    Expected: 1
    Received: null

    [0m [90m 141 |[39m       [36mawait[39m [36mnew[39m [33mPromise[39m(resolve [33m=>[39m setTimeout(resolve[33m,[39m [35m100[39m))[33m;[39m
     [90m 142 |[39m
    [31m[1m>[22m[39m[90m 143 |[39m       expect(exitCode)[33m.[39mtoBe([35m1[39m)[33m;[39m
     [90m     |[39m                        [31m[1m^[22m[39m
     [90m 144 |[39m       expect(mockLogger[33m.[39merror)[33m.[39mtoHaveBeenCalledWith(
     [90m 145 |[39m         expect[33m.[39mobjectContaining({
     [90m 146 |[39m           msg[33m:[39m [32m"shutdown:error"[39m[0m

      at Object.<anonymous> (cic/src/runtime/tests/gracefulShutdown.test.ts:143:24)

  ● gracefulShutdown › installGracefulShutdown › handles drain timeout gracefully

    expect(jest.fn()).toHaveBeenCalled()

    Expected number of calls: >= 1
    Received number of calls:    0

    [0m [90m 169 |[39m
     [90m 170 |[39m       [90m// Should have called drain[39m
    [31m[1m>[22m[39m[90m 171 |[39m       expect(drainFn)[33m.[39mtoHaveBeenCalled()[33m;[39m
     [90m     |[39m                       [31m[1m^[22m[39m
     [90m 172 |[39m
     [90m 173 |[39m       [90m// Should log timeout warning and exit despite drain not completing[39m
     [90m 174 |[39m       expect(mockLogger[33m.[39mwarn)[33m.[39mtoHaveBeenCalledWith([0m

      at Object.<anonymous> (cic/src/runtime/tests/gracefulShutdown.test.ts:171:23)

  console.error
    Error: Cross origin http://localhost forbidden
        at dispatchError (C:\dev\node_modules\jsdom\lib\jsdom\living\xhr\xhr-utils.js:62:19)
        at Object.validCORSHeaders (C:\dev\node_modules\jsdom\lib\jsdom\living\xhr\xhr-utils.js:74:5)
        at receiveResponse (C:\dev\node_modules\jsdom\lib\jsdom\living\xhr\XMLHttpRequest-impl.js:794:19)
        at Request.<anonymous> (C:\dev\node_modules\jsdom\lib\jsdom\living\xhr\XMLHttpRequest-impl.js:658:43)
        at Request.emit (node:events:508:28)
        at Request._processResponse (C:\dev\node_modules\jsdom\lib\jsdom\living\helpers\http-request.js:240:12)
        at ClientRequest.<anonymous> (C:\dev\node_modules\jsdom\lib\jsdom\living\helpers\http-request.js:107:12)
        at Object.onceWrapper (node:events:623:26)
        at ClientRequest.emit (node:events:520:35)
        at HTTPParser.parserOnIncomingClient [as onIncoming] (node:_http_client:780:27)
        at HTTPParser.parserOnHeadersComplete (node:_http_common:125:17)
        at Socket.socketOnData (node:_http_client:615:22)
        at Socket.emit (node:events:508:28)
        at addChunk (node:internal/streams/readable:563:12)
        at readableAddChunkPushByteMode (node:internal/streams/readable:514:3)
        at Socket.Readable.push (node:internal/streams/readable:394:5)
        at TCP.onStreamRead (node:internal/stream_base_commons:189:23) {
      type: 'XMLHttpRequest'
    }

      at VirtualConsole.<anonymous> (node_modules/@jest/environment-jsdom-abstract/build/index.js:87:23)
      at dispatchError (node_modules/jsdom/lib/jsdom/living/xhr/xhr-utils.js:65:53)
      at Object.validCORSHeaders (node_modules/jsdom/lib/jsdom/living/xhr/xhr-utils.js:74:5)
      at receiveResponse (node_modules/jsdom/lib/jsdom/living/xhr/XMLHttpRequest-impl.js:794:19)
      at Request.<anonymous> (node_modules/jsdom/lib/jsdom/living/xhr/XMLHttpRequest-impl.js:658:43)
      at Request._processResponse (node_modules/jsdom/lib/jsdom/living/helpers/http-request.js:240:12)
      at ClientRequest.<anonymous> (node_modules/jsdom/lib/jsdom/living/helpers/http-request.js:107:12)

FAIL cic-ingestion/tests/phase-26-integration.test.ts (17.396 s)
  Phase 26: TorqueQuery Integration (Python ↔ TypeScript)
    × ingests event via TypeScript endpoint (259 ms)
    × queries ingested event by type (52 ms)
    × handles batch ingest from TypeScript (11 ms)
    × rejects invalid query from Python (11 ms)
    × enforces read limit validation (8 ms)
    × rejects event without required fields (8 ms)
    × preserves signals through ingestion (8 ms)
    × reports health from TypeScript endpoint (29 ms)
    × reports health from Python endpoint (6 ms)

  ● Phase 26: TorqueQuery Integration (Python ↔ TypeScript) › ingests event via TypeScript endpoint

    expect(received).toBe(expected) // Object.is equality

    Expected: 201
    Received: 404

    [0m [90m 27 |[39m     })[33m;[39m
     [90m 28 |[39m
    [31m[1m>[22m[39m[90m 29 |[39m     expect(response[33m.[39mstatus)[33m.[39mtoBe([35m201[39m)[33m;[39m
     [90m    |[39m                             [31m[1m^[22m[39m
     [90m 30 |[39m     [36mconst[39m result [33m=[39m [36mawait[39m response[33m.[39mjson()[33m;[39m
     [90m 31 |[39m     expect(result[33m.[39mstatus)[33m.[39mtoBe([32m'indexed'[39m)[33m;[39m
     [90m 32 |[39m   })[33m;[39m[0m

      at Object.<anonymous> (cic-ingestion/tests/phase-26-integration.test.ts:29:29)

  ● Phase 26: TorqueQuery Integration (Python ↔ TypeScript) › queries ingested event by type

    expect(received).toBe(expected) // Object.is equality

    Expected: 200
    Received: 404

    [0m [90m 54 |[39m     )[33m;[39m
     [90m 55 |[39m
    [31m[1m>[22m[39m[90m 56 |[39m     expect(response[33m.[39mstatus)[33m.[39mtoBe([35m200[39m)[33m;[39m
     [90m    |[39m                             [31m[1m^[22m[39m
     [90m 57 |[39m     [36mconst[39m result [33m=[39m [36mawait[39m response[33m.[39mjson()[33m;[39m
     [90m 58 |[39m     expect(result[33m.[39mcount)[33m.[39mtoBeGreaterThan([35m0[39m)[33m;[39m
     [90m 59 |[39m     expect(result[33m.[39mevents[33m.[39msome((e[33m:[39m any) [33m=>[39m e[33m.[39magentId [33m===[39m [32m'query-agent'[39m))[33m.[39mtoBe([36mtrue[39m)[33m;[39m[0m

      at Object.<anonymous> (cic-ingestion/tests/phase-26-integration.test.ts:56:29)

  ● Phase 26: TorqueQuery Integration (Python ↔ TypeScript) › handles batch ingest from TypeScript

    expect(received).toBe(expected) // Object.is equality

    Expected: 201
    Received: 404

    [0m [90m 83 |[39m     })[33m;[39m
     [90m 84 |[39m
    [31m[1m>[22m[39m[90m 85 |[39m     expect(response[33m.[39mstatus)[33m.[39mtoBe([35m201[39m)[33m;[39m
     [90m    |[39m                             [31m[1m^[22m[39m
     [90m 86 |[39m     [36mconst[39m result [33m=[39m [36mawait[39m response[33m.[39mjson()[33m;[39m
     [90m 87 |[39m     expect(result[33m.[39mindexed)[33m.[39mtoBe([35m2[39m)[33m;[39m
     [90m 88 |[39m   })[33m;[39m[0m

      at Object.<anonymous> (cic-ingestion/tests/phase-26-integration.test.ts:85:29)

  ● Phase 26: TorqueQuery Integration (Python ↔ TypeScript) › rejects invalid query from Python

    FetchError: request to http://localhost:8000/query failed, reason:

      at ClientRequest.<anonymous> (cic-ingestion/node_modules/node-fetch/lib/index.js:1501:11)

  ● Phase 26: TorqueQuery Integration (Python ↔ TypeScript) › enforces read limit validation

    FetchError: request to http://localhost:8000/api/fs/read failed, reason:

      at ClientRequest.<anonymous> (cic-ingestion/node_modules/node-fetch/lib/index.js:1501:11)

  ● Phase 26: TorqueQuery Integration (Python ↔ TypeScript) › rejects event without required fields

    expect(received).toBe(expected) // Object.is equality

    Expected: 400
    Received: 404

    [0m [90m 134 |[39m     })[33m;[39m
     [90m 135 |[39m
    [31m[1m>[22m[39m[90m 136 |[39m     expect(response[33m.[39mstatus)[33m.[39mtoBe([35m400[39m)[33m;[39m
     [90m     |[39m                             [31m[1m^[22m[39m
     [90m 137 |[39m     [36mconst[39m result [33m=[39m [36mawait[39m response[33m.[39mjson()[33m;[39m
     [90m 138 |[39m     expect(result[33m.[39merror)[33m.[39mtoContain([32m'agentId'[39m)[33m;[39m
     [90m 139 |[39m   })[33m;[39m[0m

      at Object.<anonymous> (cic-ingestion/tests/phase-26-integration.test.ts:136:29)

  ● Phase 26: TorqueQuery Integration (Python ↔ TypeScript) › preserves signals through ingestion

    expect(received).toBe(expected) // Object.is equality

    Expected: 201
    Received: 404

    [0m [90m 159 |[39m     })[33m;[39m
     [90m 160 |[39m
    [31m[1m>[22m[39m[90m 161 |[39m     expect(response[33m.[39mstatus)[33m.[39mtoBe([35m201[39m)[33m;[39m
     [90m     |[39m                             [31m[1m^[22m[39m
     [90m 162 |[39m
     [90m 163 |[39m     [90m// Query signals back[39m
     [90m 164 |[39m     [36mconst[39m signalResponse [33m=[39m [36mawait[39m fetch([0m

      at Object.<anonymous> (cic-ingestion/tests/phase-26-integration.test.ts:161:29)

  ● Phase 26: TorqueQuery Integration (Python ↔ TypeScript) › reports health from TypeScript endpoint

    expect(received).toBe(expected) // Object.is equality

    Expected: "ok"
    Received: "healthy"

    [0m [90m 178 |[39m     expect(response[33m.[39mstatus)[33m.[39mtoBe([35m200[39m)[33m;[39m
     [90m 179 |[39m     [36mconst[39m result [33m=[39m [36mawait[39m response[33m.[39mjson()[33m;[39m
    [31m[1m>[22m[39m[90m 180 |[39m     expect(result[33m.[39mstatus)[33m.[39mtoBe([32m'ok'[39m)[33m;[39m
     [90m     |[39m                           [31m[1m^[22m[39m
     [90m 181 |[39m   })[33m;[39m
     [90m 182 |[39m
     [90m 183 |[39m   it([32m'reports health from Python endpoint'[39m[33m,[39m [36masync[39m () [33m=>[39m {[0m

      at Object.<anonymous> (cic-ingestion/tests/phase-26-integration.test.ts:180:27)

  ● Phase 26: TorqueQuery Integration (Python ↔ TypeScript) › reports health from Python endpoint

    FetchError: request to http://localhost:8000/health failed, reason:

      at ClientRequest.<anonymous> (cic-ingestion/node_modules/node-fetch/lib/index.js:1501:11)

FAIL cic/src/adapters/__tests__/FileWriteAdapter.concurrency.test.ts (17.949 s)
  FileWriteAdapter – Concurrency
    √ CC-01: 10 parallel writes to different files (200 ms)
    √ CC-02: 10 parallel writes to same directory (263 ms)
    √ CC-03: 10 parallel writes to same file (237 ms)
    √ CC-04: parallel writes with mixed sizes (179 ms)
    √ CC-05: parallel writes to mixed path depths (459 ms)
    × CC-06: concurrent writes with mixed valid/invalid paths (64 ms)
    √ CC-07: data integrity under concurrent writes (438 ms)
    √ CC-08: concurrent operations followed by cleanup (430 ms)

  ● FileWriteAdapter – Concurrency › CC-06: concurrent writes with mixed valid/invalid paths

    expect(received).toBeGreaterThan(expected)

    Expected: > 8
    Received:   0

    [0m [90m 161 |[39m
     [90m 162 |[39m     [90m// Should have more successes than errors[39m
    [31m[1m>[22m[39m[90m 163 |[39m     expect(successes)[33m.[39mtoBeGreaterThan(errors)[33m;[39m
     [90m     |[39m                       [31m[1m^[22m[39m
     [90m 164 |[39m     expect(errors)[33m.[39mtoBeGreaterThan([35m0[39m)[33m;[39m
     [90m 165 |[39m   })[33m;[39m
     [90m 166 |[39m[0m

      at Object.<anonymous> (cic/src/adapters/__tests__/FileWriteAdapter.concurrency.test.ts:163:23)

  console.error
    Error: Cross origin http://localhost forbidden
        at dispatchError (C:\dev\node_modules\jsdom\lib\jsdom\living\xhr\xhr-utils.js:62:19)
        at Object.validCORSHeaders (C:\dev\node_modules\jsdom\lib\jsdom\living\xhr\xhr-utils.js:74:5)
        at receiveResponse (C:\dev\node_modules\jsdom\lib\jsdom\living\xhr\XMLHttpRequest-impl.js:794:19)
        at Request.<anonymous> (C:\dev\node_modules\jsdom\lib\jsdom\living\xhr\XMLHttpRequest-impl.js:658:43)
        at Request.emit (node:events:508:28)
        at Request._processResponse (C:\dev\node_modules\jsdom\lib\jsdom\living\helpers\http-request.js:240:12)
        at ClientRequest.<anonymous> (C:\dev\node_modules\jsdom\lib\jsdom\living\helpers\http-request.js:107:12)
        at Object.onceWrapper (node:events:623:26)
        at ClientRequest.emit (node:events:508:28)
        at HTTPParser.parserOnIncomingClient [as onIncoming] (node:_http_client:780:27)
        at HTTPParser.parserOnHeadersComplete (node:_http_common:125:17)
        at Socket.socketOnData (node:_http_client:615:22)
        at Socket.emit (node:events:508:28)
        at addChunk (node:internal/streams/readable:563:12)
        at readableAddChunkPushByteMode (node:internal/streams/readable:514:3)
        at Socket.Readable.push (node:internal/streams/readable:394:5)
        at TCP.onStreamRead (node:internal/stream_base_commons:189:23) {
      type: 'XMLHttpRequest'
    }

      at VirtualConsole.<anonymous> (node_modules/@jest/environment-jsdom-abstract/build/index.js:87:23)
      at dispatchError (node_modules/jsdom/lib/jsdom/living/xhr/xhr-utils.js:65:53)
      at Object.validCORSHeaders (node_modules/jsdom/lib/jsdom/living/xhr/xhr-utils.js:74:5)
      at receiveResponse (node_modules/jsdom/lib/jsdom/living/xhr/XMLHttpRequest-impl.js:794:19)
      at Request.<anonymous> (node_modules/jsdom/lib/jsdom/living/xhr/XMLHttpRequest-impl.js:658:43)
      at Request._processResponse (node_modules/jsdom/lib/jsdom/living/helpers/http-request.js:240:12)
      at ClientRequest.<anonymous> (node_modules/jsdom/lib/jsdom/living/helpers/http-request.js:107:12)

  console.error
    Error: Cross origin http://localhost forbidden
        at dispatchError (C:\dev\node_modules\jsdom\lib\jsdom\living\xhr\xhr-utils.js:62:19)
        at Object.validCORSHeaders (C:\dev\node_modules\jsdom\lib\jsdom\living\xhr\xhr-utils.js:74:5)
        at receiveResponse (C:\dev\node_modules\jsdom\lib\jsdom\living\xhr\XMLHttpRequest-impl.js:794:19)
        at Request.<anonymous> (C:\dev\node_modules\jsdom\lib\jsdom\living\xhr\XMLHttpRequest-impl.js:658:43)
        at Request.emit (node:events:508:28)
        at Request._processResponse (C:\dev\node_modules\jsdom\lib\jsdom\living\helpers\http-request.js:240:12)
        at ClientRequest.<anonymous> (C:\dev\node_modules\jsdom\lib\jsdom\living\helpers\http-request.js:107:12)
        at Object.onceWrapper (node:events:623:26)
        at ClientRequest.emit (node:events:508:28)
        at HTTPParser.parserOnIncomingClient [as onIncoming] (node:_http_client:780:27)
        at HTTPParser.parserOnHeadersComplete (node:_http_common:125:17)
        at Socket.socketOnData (node:_http_client:615:22)
        at Socket.emit (node:events:508:28)
        at addChunk (node:internal/streams/readable:563:12)
        at readableAddChunkPushByteMode (node:internal/streams/readable:514:3)
        at Socket.Readable.push (node:internal/streams/readable:394:5)
        at TCP.onStreamRead (node:internal/stream_base_commons:189:23) {
      type: 'XMLHttpRequest'
    }

      at VirtualConsole.<anonymous> (node_modules/@jest/environment-jsdom-abstract/build/index.js:87:23)
      at dispatchError (node_modules/jsdom/lib/jsdom/living/xhr/xhr-utils.js:65:53)
      at Object.validCORSHeaders (node_modules/jsdom/lib/jsdom/living/xhr/xhr-utils.js:74:5)
      at receiveResponse (node_modules/jsdom/lib/jsdom/living/xhr/XMLHttpRequest-impl.js:794:19)
      at Request.<anonymous> (node_modules/jsdom/lib/jsdom/living/xhr/XMLHttpRequest-impl.js:658:43)
      at Request._processResponse (node_modules/jsdom/lib/jsdom/living/helpers/http-request.js:240:12)
      at ClientRequest.<anonymous> (node_modules/jsdom/lib/jsdom/living/helpers/http-request.js:107:12)

FAIL src/integration/torquequery.bookstack.ingestion.test.ts (17.674 s)
  TorqueQuery BookStack ingestion
    × ingests pages with metadata (460 ms)
    × vector embeddings are generated (53 ms)
    × bm25 fields are populated (19 ms)

  ● TorqueQuery BookStack ingestion › ingests pages with metadata

    TypeError: Network request failed

      at node_modules/whatwg-fetch/dist/fetch.umd.js:567:18
      at Timeout.task [as _onTimeout] (node_modules/jsdom/lib/jsdom/browser/Window.js:579:19)

  ● TorqueQuery BookStack ingestion › vector embeddings are generated

    TypeError: Network request failed

      at node_modules/whatwg-fetch/dist/fetch.umd.js:567:18
      at Timeout.task [as _onTimeout] (node_modules/jsdom/lib/jsdom/browser/Window.js:579:19)

  ● TorqueQuery BookStack ingestion › bm25 fields are populated

    TypeError: Network request failed

      at node_modules/whatwg-fetch/dist/fetch.umd.js:567:18
      at Timeout.task [as _onTimeout] (node_modules/jsdom/lib/jsdom/browser/Window.js:579:19)

  console.log
    [CIC] browser.open.start | b51864c0-f3a8-4d26-aae2-b431515f5c8c | info

      at cic-ingestion/src/extractors/sweeper/SweeperFallbackRouter.ts:380:17

(node:18364) Warning: Setting the NODE_TLS_REJECT_UNAUTHORIZED environment variable to '0' makes TLS connections and HTTPS requests insecure by disabling certificate verification.
(Use `node --trace-warnings ...` to show where the warning was created)
  console.error
    Error: Error: getaddrinfo ENOTFOUND example-dental-office.com
        at Object.dispatchError (C:\dev\node_modules\jsdom\lib\jsdom\living\xhr\xhr-utils.js:62:19)
        at EventEmitter.<anonymous> (C:\dev\node_modules\jsdom\lib\jsdom\living\xhr\XMLHttpRequest-impl.js:655:18)
        at EventEmitter.emit (node:events:520:35)
        at Request.<anonymous> (C:\dev\node_modules\jsdom\lib\jsdom\living\xhr\xhr-utils.js:380:14)
        at Request.emit (node:events:508:28)
        at ClientRequest.<anonymous> (C:\dev\node_modules\jsdom\lib\jsdom\living\helpers\http-request.js:127:14)
        at ClientRequest.emit (node:events:508:28)
        at emitErrorEvent (node:_http_client:108:11)
        at TLSSocket.socketErrorListener (node:_http_client:575:5)
        at TLSSocket.emit (node:events:508:28)
        at emitErrorNT (node:internal/streams/destroy:170:8)
        at emitErrorCloseNT (node:internal/streams/destroy:129:3)
        at processTicksAndRejections (node:internal/process/task_queues:90:21) {
      type: 'XMLHttpRequest'
    }

      at VirtualConsole.<anonymous> (node_modules/@jest/environment-jsdom-abstract/build/index.js:87:23)
      at Object.dispatchError (node_modules/jsdom/lib/jsdom/living/xhr/xhr-utils.js:65:53)
      at EventEmitter.<anonymous> (node_modules/jsdom/lib/jsdom/living/xhr/XMLHttpRequest-impl.js:655:18)
      at Request.<anonymous> (node_modules/jsdom/lib/jsdom/living/xhr/xhr-utils.js:380:14)
      at ClientRequest.<anonymous> (node_modules/jsdom/lib/jsdom/living/helpers/http-request.js:127:14)

  console.log
    [DLQ] dental | https://example-dental-office.com | BROWSER_FAILED

      at SweeperFallbackRouter.routeToDLQ (cic-ingestion/src/extractors/sweeper/SweeperFallbackRouter.ts:351:13)

  console.log
    [CIC] browser.open.start | 4d569e6d-3d33-47e9-bf13-777b92cfc27d | info

      at cic-ingestion/src/extractors/sweeper/SweeperFallbackRouter.ts:380:17

  console.error
    Error: Error: getaddrinfo ENOTFOUND example-medspa.com
        at Object.dispatchError (C:\dev\node_modules\jsdom\lib\jsdom\living\xhr\xhr-utils.js:62:19)
        at EventEmitter.<anonymous> (C:\dev\node_modules\jsdom\lib\jsdom\living\xhr\XMLHttpRequest-impl.js:655:18)
        at EventEmitter.emit (node:events:520:35)
        at Request.<anonymous> (C:\dev\node_modules\jsdom\lib\jsdom\living\xhr\xhr-utils.js:380:14)
        at Request.emit (node:events:508:28)
        at ClientRequest.<anonymous> (C:\dev\node_modules\jsdom\lib\jsdom\living\helpers\http-request.js:127:14)
        at ClientRequest.emit (node:events:508:28)
        at emitErrorEvent (node:_http_client:108:11)
        at TLSSocket.socketErrorListener (node:_http_client:575:5)
        at TLSSocket.emit (node:events:508:28)
        at emitErrorNT (node:internal/streams/destroy:170:8)
        at emitErrorCloseNT (node:internal/streams/destroy:129:3)
        at processTicksAndRejections (node:internal/process/task_queues:90:21) {
      type: 'XMLHttpRequest'
    }

      at VirtualConsole.<anonymous> (node_modules/@jest/environment-jsdom-abstract/build/index.js:87:23)
      at Object.dispatchError (node_modules/jsdom/lib/jsdom/living/xhr/xhr-utils.js:65:53)
      at EventEmitter.<anonymous> (node_modules/jsdom/lib/jsdom/living/xhr/XMLHttpRequest-impl.js:655:18)
      at Request.<anonymous> (node_modules/jsdom/lib/jsdom/living/xhr/xhr-utils.js:380:14)
      at ClientRequest.<anonymous> (node_modules/jsdom/lib/jsdom/living/helpers/http-request.js:127:14)

  console.log
    [DLQ] medspa | https://example-medspa.com | BROWSER_FAILED

      at SweeperFallbackRouter.routeToDLQ (cic-ingestion/src/extractors/sweeper/SweeperFallbackRouter.ts:351:13)

  console.log
    [CIC] browser.open.start | 37dcd3d4-6cf7-4cb6-80c6-8983d7f3f4c0 | info

      at cic-ingestion/src/extractors/sweeper/SweeperFallbackRouter.ts:380:17

  console.error
    Error: Error: Response for preflight has invalid HTTP status code 403
        at Object.dispatchError (C:\dev\node_modules\jsdom\lib\jsdom\living\xhr\xhr-utils.js:62:19)
        at EventEmitter.<anonymous> (C:\dev\node_modules\jsdom\lib\jsdom\living\xhr\XMLHttpRequest-impl.js:655:18)
        at EventEmitter.emit (node:events:520:35)
        at Request.<anonymous> (C:\dev\node_modules\jsdom\lib\jsdom\living\xhr\xhr-utils.js:349:16)
        at Request.emit (node:events:508:28)
        at Request._processResponse (C:\dev\node_modules\jsdom\lib\jsdom\living\helpers\http-request.js:240:12)
        at ClientRequest.<anonymous> (C:\dev\node_modules\jsdom\lib\jsdom\living\helpers\http-request.js:107:12)
        at Object.onceWrapper (node:events:623:26)
        at ClientRequest.emit (node:events:508:28)
        at HTTPParser.parserOnIncomingClient [as onIncoming] (node:_http_client:780:27)
        at HTTPParser.parserOnHeadersComplete (node:_http_common:125:17)
        at TLSSocket.socketOnData (node:_http_client:615:22)
        at TLSSocket.emit (node:events:508:28)
        at addChunk (node:internal/streams/readable:563:12)
        at readableAddChunkPushByteMode (node:internal/streams/readable:514:3)
        at TLSSocket.Readable.push (node:internal/streams/readable:394:5)
        at TLSWrap.onStreamRead (node:internal/stream_base_commons:189:23) {
      type: 'XMLHttpRequest'
    }

      at VirtualConsole.<anonymous> (node_modules/@jest/environment-jsdom-abstract/build/index.js:87:23)
      at Object.dispatchError (node_modules/jsdom/lib/jsdom/living/xhr/xhr-utils.js:65:53)
      at EventEmitter.<anonymous> (node_modules/jsdom/lib/jsdom/living/xhr/XMLHttpRequest-impl.js:655:18)
      at Request.<anonymous> (node_modules/jsdom/lib/jsdom/living/xhr/xhr-utils.js:349:16)
      at Request._processResponse (node_modules/jsdom/lib/jsdom/living/helpers/http-request.js:240:12)
      at ClientRequest.<anonymous> (node_modules/jsdom/lib/jsdom/living/helpers/http-request.js:107:12)

  console.log
    [DLQ] agency | https://example-agency.com | BROWSER_FAILED

      at SweeperFallbackRouter.routeToDLQ (cic-ingestion/src/extractors/sweeper/SweeperFallbackRouter.ts:351:13)

PASS src/tests/cic/Input.test.tsx
  Input Component
    √ renders input with type (431 ms)
    √ renders with label (42 ms)
    √ applies error class (21 ms)
    √ applies size class (7 ms)
    √ forwards ref (18 ms)
    √ respects disabled prop (75 ms)
    √ default size is medium (25 ms)

  console.log
    {"level":"INFO","event":"warm_pool.init","targetSize":3}

      at CICLogger.info (src/lib/logger.ts:19:13)

  console.log
    {"level":"INFO","event":"warm_pool.spawn","sessionId":"6f887924-b7f4-4d7a-b843-1ec126eca99d","poolSize":1,"totalSpawned":1}

      at CICLogger.info (src/lib/logger.ts:19:13)
          at async Promise.all (index 0)

  console.log
    {"level":"INFO","event":"warm_pool.spawn","sessionId":"3b3104a3-7fec-4042-b6d2-ea4c7efb986a","poolSize":2,"totalSpawned":2}

      at CICLogger.info (src/lib/logger.ts:19:13)
          at async Promise.all (index 1)

  console.log
    {"level":"INFO","event":"warm_pool.spawn","sessionId":"0c31a484-6848-4066-9dfd-151de42220bf","poolSize":3,"totalSpawned":3}

      at CICLogger.info (src/lib/logger.ts:19:13)
          at async Promise.all (index 2)

  console.log
    {"level":"INFO","event":"warm_pool.health_check_started","intervalMs":30000}

      at CICLogger.info (src/lib/logger.ts:19:13)

  console.log
    {"level":"INFO","event":"warm_pool.initialized","poolSize":3}

      at CICLogger.info (src/lib/logger.ts:19:13)

  console.log
    {"level":"INFO","event":"warm_pool.draining","poolSize":3}

      at CICLogger.info (src/lib/logger.ts:19:13)

  console.log
    {"level":"INFO","event":"warm_pool.drained"}

      at CICLogger.info (src/lib/logger.ts:19:13)

  console.error
    Error: Error: Response for preflight has invalid HTTP status code 301
        at Object.dispatchError (C:\dev\node_modules\jsdom\lib\jsdom\living\xhr\xhr-utils.js:62:19)
        at EventEmitter.<anonymous> (C:\dev\node_modules\jsdom\lib\jsdom\living\xhr\XMLHttpRequest-impl.js:655:18)
        at EventEmitter.emit (node:events:520:35)
        at Request.<anonymous> (C:\dev\node_modules\jsdom\lib\jsdom\living\xhr\xhr-utils.js:349:16)
        at Request.emit (node:events:508:28)
        at Request._processResponse (C:\dev\node_modules\jsdom\lib\jsdom\living\helpers\http-request.js:240:12)
        at ClientRequest.<anonymous> (C:\dev\node_modules\jsdom\lib\jsdom\living\helpers\http-request.js:107:12)
        at Object.onceWrapper (node:events:623:26)
        at ClientRequest.emit (node:events:508:28)
        at HTTPParser.parserOnIncomingClient [as onIncoming] (node:_http_client:780:27)
        at HTTPParser.parserOnHeadersComplete (node:_http_common:125:17)
        at TLSSocket.socketOnData (node:_http_client:615:22)
        at TLSSocket.emit (node:events:508:28)
        at addChunk (node:internal/streams/readable:563:12)
        at readableAddChunkPushByteMode (node:internal/streams/readable:514:3)
        at TLSSocket.Readable.push (node:internal/streams/readable:394:5)
        at TLSWrap.onStreamRead (node:internal/stream_base_commons:189:23) {
      type: 'XMLHttpRequest'
    }

      at VirtualConsole.<anonymous> (node_modules/@jest/environment-jsdom-abstract/build/index.js:87:23)
      at Object.dispatchError (node_modules/jsdom/lib/jsdom/living/xhr/xhr-utils.js:65:53)
      at EventEmitter.<anonymous> (node_modules/jsdom/lib/jsdom/living/xhr/XMLHttpRequest-impl.js:655:18)
      at Request.<anonymous> (node_modules/jsdom/lib/jsdom/living/xhr/xhr-utils.js:349:16)
      at Request._processResponse (node_modules/jsdom/lib/jsdom/living/helpers/http-request.js:240:12)
      at ClientRequest.<anonymous> (node_modules/jsdom/lib/jsdom/living/helpers/http-request.js:107:12)

  console.log
    [CIC] browser.open.start | 819043af-dfff-4e61-a590-d021d5b24c21 | info

      at cic-ingestion/src/extractors/sweeper/SweeperFallbackRouter.ts:380:17

  console.log
    [DLQ] restaurant | https://example-restaurant.com | ALL_METHODS_FAILED

      at SweeperFallbackRouter.routeToDLQ (cic-ingestion/src/extractors/sweeper/SweeperFallbackRouter.ts:351:13)

  console.log
    {"level":"INFO","event":"warm_pool.init","targetSize":3}

      at CICLogger.info (src/lib/logger.ts:19:13)

  console.log
    {"level":"INFO","event":"warm_pool.spawn","sessionId":"d04124bb-11f8-4e56-bf7a-7bfd96b3c0ee","poolSize":1,"totalSpawned":1}

      at CICLogger.info (src/lib/logger.ts:19:13)
          at async Promise.all (index 0)

  console.log
    {"level":"INFO","event":"warm_pool.spawn","sessionId":"059020ba-8134-4b6b-aa30-8aee051716f7","poolSize":2,"totalSpawned":2}

      at CICLogger.info (src/lib/logger.ts:19:13)
          at async Promise.all (index 1)

  console.log
    {"level":"INFO","event":"warm_pool.spawn","sessionId":"87b44a33-b0ec-4c97-ab71-e122f25db832","poolSize":3,"totalSpawned":3}

      at CICLogger.info (src/lib/logger.ts:19:13)
          at async Promise.all (index 2)

  console.log
    {"level":"INFO","event":"warm_pool.health_check_started","intervalMs":30000}

      at CICLogger.info (src/lib/logger.ts:19:13)

  console.log
    {"level":"INFO","event":"warm_pool.initialized","poolSize":3}

      at CICLogger.info (src/lib/logger.ts:19:13)

  console.log
    {"level":"INFO","event":"warm_pool.draining","poolSize":3}

      at CICLogger.info (src/lib/logger.ts:19:13)

  console.log
    {"level":"INFO","event":"warm_pool.drained"}

      at CICLogger.info (src/lib/logger.ts:19:13)

  console.log
    {"level":"INFO","event":"warm_pool.init","targetSize":3}

      at CICLogger.info (src/lib/logger.ts:19:13)

  console.error
    Error: Error: getaddrinfo ENOTFOUND example-plumber.com
        at Object.dispatchError (C:\dev\node_modules\jsdom\lib\jsdom\living\xhr\xhr-utils.js:62:19)
        at EventEmitter.<anonymous> (C:\dev\node_modules\jsdom\lib\jsdom\living\xhr\XMLHttpRequest-impl.js:655:18)
        at EventEmitter.emit (node:events:520:35)
        at Request.<anonymous> (C:\dev\node_modules\jsdom\lib\jsdom\living\xhr\xhr-utils.js:380:14)
        at Request.emit (node:events:508:28)
        at ClientRequest.<anonymous> (C:\dev\node_modules\jsdom\lib\jsdom\living\helpers\http-request.js:127:14)
        at ClientRequest.emit (node:events:508:28)
        at emitErrorEvent (node:_http_client:108:11)
        at TLSSocket.socketErrorListener (node:_http_client:575:5)
        at TLSSocket.emit (node:events:508:28)
        at emitErrorNT (node:internal/streams/destroy:170:8)
        at emitErrorCloseNT (node:internal/streams/destroy:129:3)
        at processTicksAndRejections (node:internal/process/task_queues:90:21) {
      type: 'XMLHttpRequest'
    }

      at VirtualConsole.<anonymous> (node_modules/@jest/environment-jsdom-abstract/build/index.js:87:23)
      at Object.dispatchError (node_modules/jsdom/lib/jsdom/living/xhr/xhr-utils.js:65:53)
      at EventEmitter.<anonymous> (node_modules/jsdom/lib/jsdom/living/xhr/XMLHttpRequest-impl.js:655:18)
      at Request.<anonymous> (node_modules/jsdom/lib/jsdom/living/xhr/xhr-utils.js:380:14)
      at ClientRequest.<anonymous> (node_modules/jsdom/lib/jsdom/living/helpers/http-request.js:127:14)

  console.log
    [CIC] browser.open.start | a7c8a46e-cdd5-420a-9676-54ad5777d49f | info

      at cic-ingestion/src/extractors/sweeper/SweeperFallbackRouter.ts:380:17

  console.log
    [DLQ] trades | https://example-plumber.com | ALL_METHODS_FAILED

      at SweeperFallbackRouter.routeToDLQ (cic-ingestion/src/extractors/sweeper/SweeperFallbackRouter.ts:351:13)

  console.log
    [CIC] browser.open.start | 84f7393b-a1fe-4126-99f5-e53b473ae90a | info

      at cic-ingestion/src/extractors/sweeper/SweeperFallbackRouter.ts:380:17

  console.error
    {"level":"ERROR","event":"warm_pool.spawn_error","error":"Error: Launch failed"}

    [0m [90m 25 |[39m
     [90m 26 |[39m   error(event[33m:[39m string[33m,[39m context[33m?[39m[33m:[39m [33mLogContext[39m)[33m:[39m [36mvoid[39m {
    [31m[1m>[22m[39m[90m 27 |[39m     console[33m.[39merror([33mJSON[39m[33m.[39mstringify({ level[33m:[39m [32m"ERROR"[39m[33m,[39m event[33m,[39m [33m...[39mcontext }))
     [90m    |[39m             [31m[1m^[22m[39m
     [90m 28 |[39m   }
     [90m 29 |[39m
     [90m 30 |[39m   debug(event[33m:[39m string[33m,[39m context[33m?[39m[33m:[39m [33mLogContext[39m)[33m:[39m [36mvoid[39m {[0m

      at CICLogger.error (src/lib/logger.ts:27:13)
      at WarmPoolManager.spawnSession (src/extractors/browser/WarmPoolManager.ts:107:14)
          at async Promise.all (index 0)
      at WarmPoolManager.init (src/extractors/browser/WarmPoolManager.ts:68:7)
      at Object.<anonymous> (src/extractors/browser/WarmPoolManager.test.ts:49:7)

  console.log
    {"level":"INFO","event":"warm_pool.spawn","sessionId":"7e00dd9f-8ba9-44af-a4f6-a50f41edf025","poolSize":1,"totalSpawned":1}

      at CICLogger.info (src/lib/logger.ts:19:13)
          at async Promise.all (index 1)

  console.log
    {"level":"INFO","event":"warm_pool.spawn","sessionId":"fb825a9a-406d-4b29-a9bc-e7d493d2c264","poolSize":2,"totalSpawned":2}

      at CICLogger.info (src/lib/logger.ts:19:13)
          at async Promise.all (index 2)

  console.error
    {"level":"ERROR","event":"warm_pool.init_error","error":"Error: Launch failed"}

    [0m [90m 25 |[39m
     [90m 26 |[39m   error(event[33m:[39m string[33m,[39m context[33m?[39m[33m:[39m [33mLogContext[39m)[33m:[39m [36mvoid[39m {
    [31m[1m>[22m[39m[90m 27 |[39m     console[33m.[39merror([33mJSON[39m[33m.[39mstringify({ level[33m:[39m [32m"ERROR"[39m[33m,[39m event[33m,[39m [33m...[39mcontext }))
     [90m    |[39m             [31m[1m^[22m[39m
     [90m 28 |[39m   }
     [90m 29 |[39m
     [90m 30 |[39m   debug(event[33m:[39m string[33m,[39m context[33m?[39m[33m:[39m [33mLogContext[39m)[33m:[39m [36mvoid[39m {[0m

      at CICLogger.error (src/lib/logger.ts:27:13)
      at WarmPoolManager.init (src/extractors/browser/WarmPoolManager.ts:76:14)
      at Object.<anonymous> (src/extractors/browser/WarmPoolManager.test.ts:49:7)

  console.error
    Error: Error: getaddrinfo ENOTFOUND example-dental.com
        at Object.dispatchError (C:\dev\node_modules\jsdom\lib\jsdom\living\xhr\xhr-utils.js:62:19)
        at EventEmitter.<anonymous> (C:\dev\node_modules\jsdom\lib\jsdom\living\xhr\XMLHttpRequest-impl.js:655:18)
        at EventEmitter.emit (node:events:520:35)
        at Request.<anonymous> (C:\dev\node_modules\jsdom\lib\jsdom\living\xhr\xhr-utils.js:380:14)
        at Request.emit (node:events:508:28)
        at ClientRequest.<anonymous> (C:\dev\node_modules\jsdom\lib\jsdom\living\helpers\http-request.js:127:14)
        at ClientRequest.emit (node:events:508:28)
        at emitErrorEvent (node:_http_client:108:11)
        at TLSSocket.socketErrorListener (node:_http_client:575:5)
        at TLSSocket.emit (node:events:508:28)
        at emitErrorNT (node:internal/streams/destroy:170:8)
        at emitErrorCloseNT (node:internal/streams/destroy:129:3)
        at processTicksAndRejections (node:internal/process/task_queues:90:21) {
      type: 'XMLHttpRequest'
    }

      at VirtualConsole.<anonymous> (node_modules/@jest/environment-jsdom-abstract/build/index.js:87:23)
      at Object.dispatchError (node_modules/jsdom/lib/jsdom/living/xhr/xhr-utils.js:65:53)
      at EventEmitter.<anonymous> (node_modules/jsdom/lib/jsdom/living/xhr/XMLHttpRequest-impl.js:655:18)
      at Request.<anonymous> (node_modules/jsdom/lib/jsdom/living/xhr/xhr-utils.js:380:14)
      at ClientRequest.<anonymous> (node_modules/jsdom/lib/jsdom/living/helpers/http-request.js:127:14)

  console.log
    [DLQ] dental | https://example-dental.com | BROWSER_FAILED

      at SweeperFallbackRouter.routeToDLQ (cic-ingestion/src/extractors/sweeper/SweeperFallbackRouter.ts:351:13)

  console.log
    {"level":"INFO","event":"warm_pool.draining","poolSize":2}

      at CICLogger.info (src/lib/logger.ts:19:13)

  console.log
    {"level":"INFO","event":"warm_pool.drained"}

      at CICLogger.info (src/lib/logger.ts:19:13)

  console.log
    {"level":"INFO","event":"warm_pool.init","targetSize":3}

      at CICLogger.info (src/lib/logger.ts:19:13)

  console.log
    {"level":"INFO","event":"warm_pool.spawn","sessionId":"484e17ff-d77f-420d-981d-1c8e2b78cbfc","poolSize":1,"totalSpawned":1}

      at CICLogger.info (src/lib/logger.ts:19:13)
          at async Promise.all (index 0)

  console.log
    {"level":"INFO","event":"warm_pool.spawn","sessionId":"8dbe24c9-7b00-462b-889d-08bf1e5b33ed","poolSize":2,"totalSpawned":2}

      at CICLogger.info (src/lib/logger.ts:19:13)
          at async Promise.all (index 1)

  console.log
    {"level":"INFO","event":"warm_pool.spawn","sessionId":"181110ca-8409-4728-b556-796bf442297d","poolSize":3,"totalSpawned":3}

      at CICLogger.info (src/lib/logger.ts:19:13)
          at async Promise.all (index 2)

  console.log
    {"level":"INFO","event":"warm_pool.health_check_started","intervalMs":30000}

      at CICLogger.info (src/lib/logger.ts:19:13)

  console.log
    {"level":"INFO","event":"warm_pool.initialized","poolSize":3}

      at CICLogger.info (src/lib/logger.ts:19:13)

  console.log
    {"level":"INFO","event":"warm_pool.checkout","sessionId":"484e17ff-d77f-420d-981d-1c8e2b78cbfc","poolSize":2,"checkouts":1}

      at CICLogger.info (src/lib/logger.ts:19:13)

  console.log
    {"level":"INFO","event":"warm_pool.draining","poolSize":2}

      at CICLogger.info (src/lib/logger.ts:19:13)

  console.log
    {"level":"INFO","event":"warm_pool.drained"}

      at CICLogger.info (src/lib/logger.ts:19:13)

  console.log
    {"level":"INFO","event":"warm_pool.init","targetSize":3}

      at CICLogger.info (src/lib/logger.ts:19:13)

  console.log
    {"level":"INFO","event":"warm_pool.spawn","sessionId":"b7e386c4-b145-4feb-95b2-2a14f044bf69","poolSize":1,"totalSpawned":1}

      at CICLogger.info (src/lib/logger.ts:19:13)
          at async Promise.all (index 0)

  console.log
    {"level":"INFO","event":"warm_pool.spawn","sessionId":"271b08cc-e161-48cc-aae8-04c2835960a7","poolSize":2,"totalSpawned":2}

      at CICLogger.info (src/lib/logger.ts:19:13)
          at async Promise.all (index 1)

  console.log
    {"level":"INFO","event":"warm_pool.spawn","sessionId":"a5f74005-9713-4601-bdf5-f0a5b3eb74a3","poolSize":3,"totalSpawned":3}

      at CICLogger.info (src/lib/logger.ts:19:13)
          at async Promise.all (index 2)

  console.log
    {"level":"INFO","event":"warm_pool.health_check_started","intervalMs":30000}

      at CICLogger.info (src/lib/logger.ts:19:13)

  console.log
    {"level":"INFO","event":"warm_pool.initialized","poolSize":3}

      at CICLogger.info (src/lib/logger.ts:19:13)

  console.log
    {"level":"INFO","event":"warm_pool.checkout","sessionId":"b7e386c4-b145-4feb-95b2-2a14f044bf69","poolSize":2,"checkouts":1}

      at CICLogger.info (src/lib/logger.ts:19:13)

  console.log
    {"level":"INFO","event":"warm_pool.draining","poolSize":2}

      at CICLogger.info (src/lib/logger.ts:19:13)

  console.log
    {"level":"INFO","event":"warm_pool.drained"}

      at CICLogger.info (src/lib/logger.ts:19:13)

  console.log
    {"level":"INFO","event":"warm_pool.init","targetSize":3}

      at CICLogger.info (src/lib/logger.ts:19:13)

  console.log
    {"level":"INFO","event":"warm_pool.spawn","sessionId":"f633808c-3ea8-4210-8609-40fa0bec5ec8","poolSize":1,"totalSpawned":1}

      at CICLogger.info (src/lib/logger.ts:19:13)
          at async Promise.all (index 0)

  console.log
    {"level":"INFO","event":"warm_pool.spawn","sessionId":"25a734e2-c1ee-4cc4-863d-0f0c064d4799","poolSize":2,"totalSpawned":2}

      at CICLogger.info (src/lib/logger.ts:19:13)
          at async Promise.all (index 1)

  console.log
    {"level":"INFO","event":"warm_pool.spawn","sessionId":"e11e8c50-90ac-4381-8ab1-8dfeaa9f7d11","poolSize":3,"totalSpawned":3}

      at CICLogger.info (src/lib/logger.ts:19:13)
          at async Promise.all (index 2)

  console.log
    {"level":"INFO","event":"warm_pool.health_check_started","intervalMs":30000}

      at CICLogger.info (src/lib/logger.ts:19:13)

  console.log
    {"level":"INFO","event":"warm_pool.initialized","poolSize":3}

      at CICLogger.info (src/lib/logger.ts:19:13)

  console.log
    {"level":"INFO","event":"warm_pool.checkout","sessionId":"f633808c-3ea8-4210-8609-40fa0bec5ec8","poolSize":2,"checkouts":1}

      at CICLogger.info (src/lib/logger.ts:19:13)

  console.log
    {"level":"INFO","event":"warm_pool.draining","poolSize":2}

      at CICLogger.info (src/lib/logger.ts:19:13)

  console.log
    {"level":"INFO","event":"warm_pool.drained"}

      at CICLogger.info (src/lib/logger.ts:19:13)

  console.log
    {"level":"INFO","event":"warm_pool.init","targetSize":3}

      at CICLogger.info (src/lib/logger.ts:19:13)

  console.log
    {"level":"INFO","event":"warm_pool.spawn","sessionId":"d4ec6553-a596-404d-93a3-62385244d36a","poolSize":1,"totalSpawned":1}

      at CICLogger.info (src/lib/logger.ts:19:13)
          at async Promise.all (index 0)

  console.log
    {"level":"INFO","event":"warm_pool.spawn","sessionId":"ada22f56-fa8a-40ae-9d59-ed82e8ce9843","poolSize":2,"totalSpawned":2}

      at CICLogger.info (src/lib/logger.ts:19:13)
          at async Promise.all (index 1)

  console.log
    {"level":"INFO","event":"warm_pool.spawn","sessionId":"7a608e27-a477-462c-869d-96d2b07a9401","poolSize":3,"totalSpawned":3}

      at CICLogger.info (src/lib/logger.ts:19:13)
          at async Promise.all (index 2)

  console.log
    {"level":"INFO","event":"warm_pool.health_check_started","intervalMs":30000}

      at CICLogger.info (src/lib/logger.ts:19:13)

  console.log
    {"level":"INFO","event":"warm_pool.initialized","poolSize":3}

      at CICLogger.info (src/lib/logger.ts:19:13)

  console.log
    {"level":"INFO","event":"warm_pool.checkout","sessionId":"d4ec6553-a596-404d-93a3-62385244d36a","poolSize":2,"checkouts":1}

      at CICLogger.info (src/lib/logger.ts:19:13)

  console.log
    {"level":"INFO","event":"warm_pool.checkout","sessionId":"ada22f56-fa8a-40ae-9d59-ed82e8ce9843","poolSize":1,"checkouts":2}

      at CICLogger.info (src/lib/logger.ts:19:13)

  console.log
    {"level":"INFO","event":"warm_pool.checkout","sessionId":"7a608e27-a477-462c-869d-96d2b07a9401","poolSize":0,"checkouts":3}

      at CICLogger.info (src/lib/logger.ts:19:13)

  console.log
    {"level":"INFO","event":"warm_pool.checkin","sessionId":"d4ec6553-a596-404d-93a3-62385244d36a","poolSize":1,"navigationCount":0,"checkins":1}

      at CICLogger.info (src/lib/logger.ts:19:13)

  console.log
    {"level":"INFO","event":"warm_pool.checkout","sessionId":"d4ec6553-a596-404d-93a3-62385244d36a","poolSize":0,"checkouts":4}

      at CICLogger.info (src/lib/logger.ts:19:13)

  console.log
    {"level":"INFO","event":"warm_pool.draining","poolSize":0}

      at CICLogger.info (src/lib/logger.ts:19:13)

  console.log
    {"level":"INFO","event":"warm_pool.drained"}

      at CICLogger.info (src/lib/logger.ts:19:13)

  console.log
    {"level":"INFO","event":"warm_pool.init","targetSize":3}

      at CICLogger.info (src/lib/logger.ts:19:13)

  console.log
    {"level":"INFO","event":"warm_pool.spawn","sessionId":"4b6f3f91-8e73-4cb2-a976-6463a5be6d7f","poolSize":1,"totalSpawned":1}

      at CICLogger.info (src/lib/logger.ts:19:13)
          at async Promise.all (index 0)

  console.log
    {"level":"INFO","event":"warm_pool.spawn","sessionId":"9d273252-ec63-4cfc-867a-6d503d7db9f4","poolSize":2,"totalSpawned":2}

      at CICLogger.info (src/lib/logger.ts:19:13)
          at async Promise.all (index 1)

  console.log
    {"level":"INFO","event":"warm_pool.spawn","sessionId":"0fbd3c1b-c0ae-4b30-809e-8654c14aaa1b","poolSize":3,"totalSpawned":3}

      at CICLogger.info (src/lib/logger.ts:19:13)
          at async Promise.all (index 2)

  console.log
    {"level":"INFO","event":"warm_pool.health_check_started","intervalMs":30000}

      at CICLogger.info (src/lib/logger.ts:19:13)

  console.log
    {"level":"INFO","event":"warm_pool.initialized","poolSize":3}

      at CICLogger.info (src/lib/logger.ts:19:13)

  console.log
    {"level":"INFO","event":"warm_pool.checkout","sessionId":"4b6f3f91-8e73-4cb2-a976-6463a5be6d7f","poolSize":2,"checkouts":1}

      at CICLogger.info (src/lib/logger.ts:19:13)

  console.log
    {"level":"INFO","event":"warm_pool.checkout","sessionId":"9d273252-ec63-4cfc-867a-6d503d7db9f4","poolSize":1,"checkouts":2}

      at CICLogger.info (src/lib/logger.ts:19:13)

  console.log
    {"level":"INFO","event":"warm_pool.checkout","sessionId":"0fbd3c1b-c0ae-4b30-809e-8654c14aaa1b","poolSize":0,"checkouts":3}

      at CICLogger.info (src/lib/logger.ts:19:13)

  console.error
    Error: Error: Response for preflight has invalid HTTP status code 301
        at Object.dispatchError (C:\dev\node_modules\jsdom\lib\jsdom\living\xhr\xhr-utils.js:62:19)
        at EventEmitter.<anonymous> (C:\dev\node_modules\jsdom\lib\jsdom\living\xhr\XMLHttpRequest-impl.js:655:18)
        at EventEmitter.emit (node:events:520:35)
        at Request.<anonymous> (C:\dev\node_modules\jsdom\lib\jsdom\living\xhr\xhr-utils.js:349:16)
        at Request.emit (node:events:508:28)
        at Request._processResponse (C:\dev\node_modules\jsdom\lib\jsdom\living\helpers\http-request.js:240:12)
        at ClientRequest.<anonymous> (C:\dev\node_modules\jsdom\lib\jsdom\living\helpers\http-request.js:107:12)
        at Object.onceWrapper (node:events:623:26)
        at ClientRequest.emit (node:events:508:28)
        at HTTPParser.parserOnIncomingClient [as onIncoming] (node:_http_client:780:27)
        at HTTPParser.parserOnHeadersComplete (node:_http_common:125:17)
        at TLSSocket.socketOnData (node:_http_client:615:22)
        at TLSSocket.emit (node:events:508:28)
        at addChunk (node:internal/streams/readable:563:12)
        at readableAddChunkPushByteMode (node:internal/streams/readable:514:3)
        at TLSSocket.Readable.push (node:internal/streams/readable:394:5)
        at TLSWrap.onStreamRead (node:internal/stream_base_commons:189:23) {
      type: 'XMLHttpRequest'
    }

      at VirtualConsole.<anonymous> (node_modules/@jest/environment-jsdom-abstract/build/index.js:87:23)
      at Object.dispatchError (node_modules/jsdom/lib/jsdom/living/xhr/xhr-utils.js:65:53)
      at EventEmitter.<anonymous> (node_modules/jsdom/lib/jsdom/living/xhr/XMLHttpRequest-impl.js:655:18)
      at Request.<anonymous> (node_modules/jsdom/lib/jsdom/living/xhr/xhr-utils.js:349:16)
      at Request._processResponse (node_modules/jsdom/lib/jsdom/living/helpers/http-request.js:240:12)
      at ClientRequest.<anonymous> (node_modules/jsdom/lib/jsdom/living/helpers/http-request.js:107:12)

  console.log
    [CIC] browser.open.start | 70e70a8b-e28a-41b8-ba68-7140e3cc83a6 | info

      at cic-ingestion/src/extractors/sweeper/SweeperFallbackRouter.ts:380:17

  console.log
    [DLQ] restaurant | https://example-restaurant.com | ALL_METHODS_FAILED

      at SweeperFallbackRouter.routeToDLQ (cic-ingestion/src/extractors/sweeper/SweeperFallbackRouter.ts:351:13)

  console.log
    [CIC] browser.open.start | 2337dc58-27f0-4549-b111-d5d62a9ff1c4 | info

      at cic-ingestion/src/extractors/sweeper/SweeperFallbackRouter.ts:380:17

  console.error
    {"level":"ERROR","event":"warm_pool.checkout_timeout","poolSize":0,"timeoutMs":100}

    [0m [90m 25 |[39m
     [90m 26 |[39m   error(event[33m:[39m string[33m,[39m context[33m?[39m[33m:[39m [33mLogContext[39m)[33m:[39m [36mvoid[39m {
    [31m[1m>[22m[39m[90m 27 |[39m     console[33m.[39merror([33mJSON[39m[33m.[39mstringify({ level[33m:[39m [32m"ERROR"[39m[33m,[39m event[33m,[39m [33m...[39mcontext }))
     [90m    |[39m             [31m[1m^[22m[39m
     [90m 28 |[39m   }
     [90m 29 |[39m
     [90m 30 |[39m   debug(event[33m:[39m string[33m,[39m context[33m?[39m[33m:[39m [33mLogContext[39m)[33m:[39m [36mvoid[39m {[0m

      at CICLogger.error (src/lib/logger.ts:27:13)
      at WarmPoolManager.checkout (src/extractors/browser/WarmPoolManager.ts:151:12)
      at Object.<anonymous> (src/extractors/browser/WarmPoolManager.test.ts:105:7)

  console.error
    Error: Error: Response for preflight has invalid HTTP status code 405
        at Object.dispatchError (C:\dev\node_modules\jsdom\lib\jsdom\living\xhr\xhr-utils.js:62:19)
        at EventEmitter.<anonymous> (C:\dev\node_modules\jsdom\lib\jsdom\living\xhr\XMLHttpRequest-impl.js:655:18)
        at EventEmitter.emit (node:events:520:35)
        at Request.<anonymous> (C:\dev\node_modules\jsdom\lib\jsdom\living\xhr\xhr-utils.js:349:16)
        at Request.emit (node:events:508:28)
        at Request._processResponse (C:\dev\node_modules\jsdom\lib\jsdom\living\helpers\http-request.js:240:12)
        at ClientRequest.<anonymous> (C:\dev\node_modules\jsdom\lib\jsdom\living\helpers\http-request.js:107:12)
        at Object.onceWrapper (node:events:623:26)
        at ClientRequest.emit (node:events:508:28)
        at HTTPParser.parserOnIncomingClient [as onIncoming] (node:_http_client:780:27)
        at HTTPParser.parserOnHeadersComplete (node:_http_common:125:17)
        at TLSSocket.socketOnData (node:_http_client:615:22)
        at TLSSocket.emit (node:events:508:28)
        at addChunk (node:internal/streams/readable:563:12)
        at readableAddChunkPushByteMode (node:internal/streams/readable:514:3)
        at TLSSocket.Readable.push (node:internal/streams/readable:394:5)
        at TLSWrap.onStreamRead (node:internal/stream_base_commons:189:23) {
      type: 'XMLHttpRequest'
    }

      at VirtualConsole.<anonymous> (node_modules/@jest/environment-jsdom-abstract/build/index.js:87:23)
      at Object.dispatchError (node_modules/jsdom/lib/jsdom/living/xhr/xhr-utils.js:65:53)
      at EventEmitter.<anonymous> (node_modules/jsdom/lib/jsdom/living/xhr/XMLHttpRequest-impl.js:655:18)
      at Request.<anonymous> (node_modules/jsdom/lib/jsdom/living/xhr/xhr-utils.js:349:16)
      at Request._processResponse (node_modules/jsdom/lib/jsdom/living/helpers/http-request.js:240:12)
      at ClientRequest.<anonymous> (node_modules/jsdom/lib/jsdom/living/helpers/http-request.js:107:12)

  console.log
    [DLQ] dental | https://example.com | BROWSER_FAILED

      at SweeperFallbackRouter.routeToDLQ (cic-ingestion/src/extractors/sweeper/SweeperFallbackRouter.ts:351:13)

  console.log
    [CIC] browser.open.start | a059de5c-ab14-45c9-b798-07f59cfcf533 | info

      at cic-ingestion/src/extractors/sweeper/SweeperFallbackRouter.ts:380:17

  console.log
    {"level":"INFO","event":"warm_pool.draining","poolSize":0}

      at CICLogger.info (src/lib/logger.ts:19:13)

  console.log
    {"level":"INFO","event":"warm_pool.drained"}

      at CICLogger.info (src/lib/logger.ts:19:13)

  console.log
    {"level":"INFO","event":"warm_pool.init","targetSize":3}

      at CICLogger.info (src/lib/logger.ts:19:13)

  console.log
    {"level":"INFO","event":"warm_pool.spawn","sessionId":"bfbb6fdb-a479-4505-bf59-43a5e5d72fc9","poolSize":1,"totalSpawned":1}

      at CICLogger.info (src/lib/logger.ts:19:13)
          at async Promise.all (index 0)

  console.log
    {"level":"INFO","event":"warm_pool.spawn","sessionId":"883706ce-fc98-4f14-be37-5a078d5f1f1b","poolSize":2,"totalSpawned":2}

      at CICLogger.info (src/lib/logger.ts:19:13)
          at async Promise.all (index 1)

  console.log
    {"level":"INFO","event":"warm_pool.spawn","sessionId":"14dcbb75-d30d-42e7-a2c4-1f61a5682624","poolSize":3,"totalSpawned":3}

      at CICLogger.info (src/lib/logger.ts:19:13)
          at async Promise.all (index 2)

  console.log
    {"level":"INFO","event":"warm_pool.health_check_started","intervalMs":30000}

      at CICLogger.info (src/lib/logger.ts:19:13)

  console.log
    {"level":"INFO","event":"warm_pool.initialized","poolSize":3}

      at CICLogger.info (src/lib/logger.ts:19:13)

  console.log
    {"level":"INFO","event":"warm_pool.checkout","sessionId":"bfbb6fdb-a479-4505-bf59-43a5e5d72fc9","poolSize":2,"checkouts":1}

      at CICLogger.info (src/lib/logger.ts:19:13)

  console.log
    {"level":"INFO","event":"warm_pool.checkin","sessionId":"bfbb6fdb-a479-4505-bf59-43a5e5d72fc9","poolSize":3,"navigationCount":0,"checkins":1}

      at CICLogger.info (src/lib/logger.ts:19:13)

  console.log
    {"level":"INFO","event":"warm_pool.draining","poolSize":3}

      at CICLogger.info (src/lib/logger.ts:19:13)

  console.log
    {"level":"INFO","event":"warm_pool.drained"}

      at CICLogger.info (src/lib/logger.ts:19:13)

  console.log
    {"level":"INFO","event":"warm_pool.init","targetSize":3}

      at CICLogger.info (src/lib/logger.ts:19:13)

  console.log
    {"level":"INFO","event":"warm_pool.spawn","sessionId":"eec1574e-5c1d-4b29-b016-bbef95c60d2a","poolSize":1,"totalSpawned":1}

      at CICLogger.info (src/lib/logger.ts:19:13)
          at async Promise.all (index 0)

  console.log
    {"level":"INFO","event":"warm_pool.spawn","sessionId":"d1e0bb0e-eabe-460c-b6f4-2ca2e3dffab9","poolSize":2,"totalSpawned":2}

      at CICLogger.info (src/lib/logger.ts:19:13)
          at async Promise.all (index 1)

  console.log
    {"level":"INFO","event":"warm_pool.spawn","sessionId":"0b4b24cc-6bb4-4126-a5d1-8eb903e9fcd7","poolSize":3,"totalSpawned":3}

      at CICLogger.info (src/lib/logger.ts:19:13)
          at async Promise.all (index 2)

  console.log
    {"level":"INFO","event":"warm_pool.health_check_started","intervalMs":30000}

      at CICLogger.info (src/lib/logger.ts:19:13)

  console.log
    {"level":"INFO","event":"warm_pool.initialized","poolSize":3}

      at CICLogger.info (src/lib/logger.ts:19:13)

  console.log
    {"level":"INFO","event":"warm_pool.checkout","sessionId":"eec1574e-5c1d-4b29-b016-bbef95c60d2a","poolSize":2,"checkouts":1}

      at CICLogger.info (src/lib/logger.ts:19:13)

  console.log
    {"level":"INFO","event":"warm_pool.checkin","sessionId":"eec1574e-5c1d-4b29-b016-bbef95c60d2a","poolSize":3,"navigationCount":0,"checkins":1}

      at CICLogger.info (src/lib/logger.ts:19:13)

  console.log
    {"level":"INFO","event":"warm_pool.draining","poolSize":3}

      at CICLogger.info (src/lib/logger.ts:19:13)

  console.log
    {"level":"INFO","event":"warm_pool.drained"}

      at CICLogger.info (src/lib/logger.ts:19:13)

  console.log
    {"level":"INFO","event":"warm_pool.init","targetSize":3}

      at CICLogger.info (src/lib/logger.ts:19:13)

  console.log
    {"level":"INFO","event":"warm_pool.spawn","sessionId":"348a954b-9829-4a57-981d-fc6c761466c3","poolSize":1,"totalSpawned":1}

      at CICLogger.info (src/lib/logger.ts:19:13)
          at async Promise.all (index 0)

  console.log
    {"level":"INFO","event":"warm_pool.spawn","sessionId":"ccbf24ca-fb6b-41b6-b3fc-339c0afaaaa7","poolSize":2,"totalSpawned":2}

      at CICLogger.info (src/lib/logger.ts:19:13)
          at async Promise.all (index 1)

  console.log
    {"level":"INFO","event":"warm_pool.spawn","sessionId":"96d7e742-a674-49d0-b0da-db4adfeeb583","poolSize":3,"totalSpawned":3}

      at CICLogger.info (src/lib/logger.ts:19:13)
          at async Promise.all (index 2)

  console.log
    {"level":"INFO","event":"warm_pool.health_check_started","intervalMs":30000}

      at CICLogger.info (src/lib/logger.ts:19:13)

  console.log
    {"level":"INFO","event":"warm_pool.initialized","poolSize":3}

      at CICLogger.info (src/lib/logger.ts:19:13)

  console.log
    {"level":"INFO","event":"warm_pool.checkout","sessionId":"348a954b-9829-4a57-981d-fc6c761466c3","poolSize":2,"checkouts":1}

      at CICLogger.info (src/lib/logger.ts:19:13)

  console.warn
    {"level":"WARN","event":"warm_pool.recycle_unhealthy","sessionId":"348a954b-9829-4a57-981d-fc6c761466c3","errorCount":0}

    [0m [90m 21 |[39m
     [90m 22 |[39m   warn(event[33m:[39m string[33m,[39m context[33m?[39m[33m:[39m [33mLogContext[39m)[33m:[39m [36mvoid[39m {
    [31m[1m>[22m[39m[90m 23 |[39m     console[33m.[39mwarn([33mJSON[39m[33m.[39mstringify({ level[33m:[39m [32m"WARN"[39m[33m,[39m event[33m,[39m [33m...[39mcontext }))
     [90m    |[39m             [31m[1m^[22m[39m
     [90m 24 |[39m   }
     [90m 25 |[39m
     [90m 26 |[39m   error(event[33m:[39m string[33m,[39m context[33m?[39m[33m:[39m [33mLogContext[39m)[33m:[39m [36mvoid[39m {[0m

      at CICLogger.warn (src/lib/logger.ts:23:13)
      at WarmPoolManager.checkin (src/extractors/browser/WarmPoolManager.ts:161:14)
      at Object.<anonymous> (src/extractors/browser/WarmPoolManager.test.ts:140:21)

  console.log
    {"level":"INFO","event":"warm_pool.spawn","sessionId":"90a5a2f2-cbc2-47a2-ac40-3cef4b7e27aa","poolSize":3,"totalSpawned":4}

      at CICLogger.info (src/lib/logger.ts:19:13)

  console.log
    {"level":"INFO","event":"warm_pool.draining","poolSize":3}

      at CICLogger.info (src/lib/logger.ts:19:13)

  console.log
    {"level":"INFO","event":"warm_pool.drained"}

      at CICLogger.info (src/lib/logger.ts:19:13)

  console.error
    Error: Error: Response for preflight has invalid HTTP status code 405
        at Object.dispatchError (C:\dev\node_modules\jsdom\lib\jsdom\living\xhr\xhr-utils.js:62:19)
        at EventEmitter.<anonymous> (C:\dev\node_modules\jsdom\lib\jsdom\living\xhr\XMLHttpRequest-impl.js:655:18)
        at EventEmitter.emit (node:events:520:35)
        at Request.<anonymous> (C:\dev\node_modules\jsdom\lib\jsdom\living\xhr\xhr-utils.js:349:16)
        at Request.emit (node:events:508:28)
        at Request._processResponse (C:\dev\node_modules\jsdom\lib\jsdom\living\helpers\http-request.js:240:12)
        at ClientRequest.<anonymous> (C:\dev\node_modules\jsdom\lib\jsdom\living\helpers\http-request.js:107:12)
        at Object.onceWrapper (node:events:623:26)
        at ClientRequest.emit (node:events:508:28)
        at HTTPParser.parserOnIncomingClient [as onIncoming] (node:_http_client:780:27)
        at HTTPParser.parserOnHeadersComplete (node:_http_common:125:17)
        at TLSSocket.socketOnData (node:_http_client:615:22)
        at TLSSocket.emit (node:events:508:28)
        at addChunk (node:internal/streams/readable:563:12)
        at readableAddChunkPushByteMode (node:internal/streams/readable:514:3)
        at TLSSocket.Readable.push (node:internal/streams/readable:394:5)
        at TLSWrap.onStreamRead (node:internal/stream_base_commons:189:23) {
      type: 'XMLHttpRequest'
    }

      at VirtualConsole.<anonymous> (node_modules/@jest/environment-jsdom-abstract/build/index.js:87:23)
      at Object.dispatchError (node_modules/jsdom/lib/jsdom/living/xhr/xhr-utils.js:65:53)
      at EventEmitter.<anonymous> (node_modules/jsdom/lib/jsdom/living/xhr/XMLHttpRequest-impl.js:655:18)
      at Request.<anonymous> (node_modules/jsdom/lib/jsdom/living/xhr/xhr-utils.js:349:16)
      at Request._processResponse (node_modules/jsdom/lib/jsdom/living/helpers/http-request.js:240:12)
      at ClientRequest.<anonymous> (node_modules/jsdom/lib/jsdom/living/helpers/http-request.js:107:12)

  console.log
    {"level":"INFO","event":"warm_pool.init","targetSize":3}

      at CICLogger.info (src/lib/logger.ts:19:13)

  console.log
    [DLQ] dental | https://example.com | BROWSER_FAILED

      at SweeperFallbackRouter.routeToDLQ (cic-ingestion/src/extractors/sweeper/SweeperFallbackRouter.ts:351:13)

  console.log
    {"level":"INFO","event":"warm_pool.spawn","sessionId":"e5756faf-75e2-4489-ad3c-97c824e7eb74","poolSize":1,"totalSpawned":1}

      at CICLogger.info (src/lib/logger.ts:19:13)
          at async Promise.all (index 0)

  console.log
    {"level":"INFO","event":"warm_pool.spawn","sessionId":"19ca427c-7f2c-4e99-ac90-ea10cf135508","poolSize":2,"totalSpawned":2}

      at CICLogger.info (src/lib/logger.ts:19:13)
          at async Promise.all (index 1)

  console.log
    {"level":"INFO","event":"warm_pool.spawn","sessionId":"4973d302-37e2-4639-8590-f02243fee6ae","poolSize":3,"totalSpawned":3}

      at CICLogger.info (src/lib/logger.ts:19:13)
          at async Promise.all (index 2)

  console.log
    {"level":"INFO","event":"warm_pool.health_check_started","intervalMs":30000}

      at CICLogger.info (src/lib/logger.ts:19:13)

  console.log
    {"level":"INFO","event":"warm_pool.initialized","poolSize":3}

      at CICLogger.info (src/lib/logger.ts:19:13)

  console.log
    [CIC] browser.open.start | d04c103b-0a3f-49a8-941d-884aa87be99b | info

      at cic-ingestion/src/extractors/sweeper/SweeperFallbackRouter.ts:380:17

  console.log
    {"level":"INFO","event":"warm_pool.checkout","sessionId":"e5756faf-75e2-4489-ad3c-97c824e7eb74","poolSize":2,"checkouts":1}

      at CICLogger.info (src/lib/logger.ts:19:13)

  console.log
    {"level":"INFO","event":"warm_pool.checkin","sessionId":"e5756faf-75e2-4489-ad3c-97c824e7eb74","poolSize":3,"navigationCount":0,"checkins":1}

      at CICLogger.info (src/lib/logger.ts:19:13)

  console.log
    {"level":"INFO","event":"warm_pool.draining","poolSize":3}

      at CICLogger.info (src/lib/logger.ts:19:13)

  console.log
    {"level":"INFO","event":"warm_pool.drained"}

      at CICLogger.info (src/lib/logger.ts:19:13)

  console.log
    {"level":"INFO","event":"warm_pool.init","targetSize":3}

      at CICLogger.info (src/lib/logger.ts:19:13)

  console.log
    {"level":"INFO","event":"warm_pool.spawn","sessionId":"87304cf8-2b6b-4cfd-937d-1733e439a737","poolSize":1,"totalSpawned":1}

      at CICLogger.info (src/lib/logger.ts:19:13)
          at async Promise.all (index 0)

  console.log
    {"level":"INFO","event":"warm_pool.spawn","sessionId":"f0ee3efd-7b85-4cb7-925a-a7f16328b16d","poolSize":2,"totalSpawned":2}

      at CICLogger.info (src/lib/logger.ts:19:13)
          at async Promise.all (index 1)

  console.log
    {"level":"INFO","event":"warm_pool.spawn","sessionId":"f29d0480-d5c9-46a2-8465-7f8dbb57422f","poolSize":3,"totalSpawned":3}

      at CICLogger.info (src/lib/logger.ts:19:13)
          at async Promise.all (index 2)

  console.error
    Error: Error: getaddrinfo ENOTFOUND invalid-url-that-fails.invalid
        at Object.dispatchError (C:\dev\node_modules\jsdom\lib\jsdom\living\xhr\xhr-utils.js:62:19)
        at EventEmitter.<anonymous> (C:\dev\node_modules\jsdom\lib\jsdom\living\xhr\XMLHttpRequest-impl.js:655:18)
        at EventEmitter.emit (node:events:520:35)
        at Request.<anonymous> (C:\dev\node_modules\jsdom\lib\jsdom\living\xhr\xhr-utils.js:380:14)
        at Request.emit (node:events:508:28)
        at ClientRequest.<anonymous> (C:\dev\node_modules\jsdom\lib\jsdom\living\helpers\http-request.js:127:14)
        at ClientRequest.emit (node:events:508:28)
        at emitErrorEvent (node:_http_client:108:11)
        at TLSSocket.socketErrorListener (node:_http_client:575:5)
        at TLSSocket.emit (node:events:508:28)
        at emitErrorNT (node:internal/streams/destroy:170:8)
        at emitErrorCloseNT (node:internal/streams/destroy:129:3)
        at processTicksAndRejections (node:internal/process/task_queues:90:21) {
      type: 'XMLHttpRequest'
    }

      at VirtualConsole.<anonymous> (node_modules/@jest/environment-jsdom-abstract/build/index.js:87:23)
      at Object.dispatchError (node_modules/jsdom/lib/jsdom/living/xhr/xhr-utils.js:65:53)
      at EventEmitter.<anonymous> (node_modules/jsdom/lib/jsdom/living/xhr/XMLHttpRequest-impl.js:655:18)
      at Request.<anonymous> (node_modules/jsdom/lib/jsdom/living/xhr/xhr-utils.js:380:14)
      at ClientRequest.<anonymous> (node_modules/jsdom/lib/jsdom/living/helpers/http-request.js:127:14)

  console.log
    {"level":"INFO","event":"warm_pool.health_check_started","intervalMs":30000}

      at CICLogger.info (src/lib/logger.ts:19:13)

  console.log
    {"level":"INFO","event":"warm_pool.initialized","poolSize":3}

      at CICLogger.info (src/lib/logger.ts:19:13)

  console.log
    [DLQ] dental | https://invalid-url-that-fails.invalid | BROWSER_FAILED

      at SweeperFallbackRouter.routeToDLQ (cic-ingestion/src/extractors/sweeper/SweeperFallbackRouter.ts:351:13)

  console.log
    {"level":"INFO","event":"warm_pool.checkout","sessionId":"87304cf8-2b6b-4cfd-937d-1733e439a737","poolSize":2,"checkouts":1}

      at CICLogger.info (src/lib/logger.ts:19:13)

  console.log
    {"level":"INFO","event":"warm_pool.draining","poolSize":2}

      at CICLogger.info (src/lib/logger.ts:19:13)

  console.log
    {"level":"INFO","event":"warm_pool.drained"}

      at CICLogger.info (src/lib/logger.ts:19:13)

  console.log
    [CIC] browser.open.start | 2a461652-f438-440f-90e1-f9be7c69c481 | info

      at cic-ingestion/src/extractors/sweeper/SweeperFallbackRouter.ts:380:17

  console.log
    {"level":"INFO","event":"warm_pool.init","targetSize":3}

      at CICLogger.info (src/lib/logger.ts:19:13)

  console.log
    {"level":"INFO","event":"warm_pool.spawn","sessionId":"dd7d9beb-285d-4e18-8e82-b6818dabe05a","poolSize":1,"totalSpawned":1}

      at CICLogger.info (src/lib/logger.ts:19:13)
          at async Promise.all (index 0)

  console.log
    {"level":"INFO","event":"warm_pool.spawn","sessionId":"e7b0251a-bace-4150-b323-d55b43ffdc15","poolSize":2,"totalSpawned":2}

      at CICLogger.info (src/lib/logger.ts:19:13)
          at async Promise.all (index 1)

  console.log
    {"level":"INFO","event":"warm_pool.spawn","sessionId":"b85d1649-4ef9-4220-b69f-483a6e7c8ed8","poolSize":3,"totalSpawned":3}

      at CICLogger.info (src/lib/logger.ts:19:13)
          at async Promise.all (index 2)

  console.log
    {"level":"INFO","event":"warm_pool.health_check_started","intervalMs":30000}

      at CICLogger.info (src/lib/logger.ts:19:13)

  console.log
    {"level":"INFO","event":"warm_pool.initialized","poolSize":3}

      at CICLogger.info (src/lib/logger.ts:19:13)

  console.log
    {"level":"INFO","event":"warm_pool.checkout","sessionId":"dd7d9beb-285d-4e18-8e82-b6818dabe05a","poolSize":2,"checkouts":1}

      at CICLogger.info (src/lib/logger.ts:19:13)

  console.log
    {"level":"INFO","event":"warm_pool.draining","poolSize":2}

      at CICLogger.info (src/lib/logger.ts:19:13)

  console.log
    {"level":"INFO","event":"warm_pool.drained"}

      at CICLogger.info (src/lib/logger.ts:19:13)

  console.log
    {"level":"INFO","event":"warm_pool.init","targetSize":3}

      at CICLogger.info (src/lib/logger.ts:19:13)

  console.log
    {"level":"INFO","event":"warm_pool.spawn","sessionId":"3e27b10f-6496-43d6-844e-8841bed36f87","poolSize":1,"totalSpawned":1}

      at CICLogger.info (src/lib/logger.ts:19:13)
          at async Promise.all (index 0)

  console.log
    {"level":"INFO","event":"warm_pool.spawn","sessionId":"76b81691-be75-4287-b7f4-44498c86023d","poolSize":2,"totalSpawned":2}

      at CICLogger.info (src/lib/logger.ts:19:13)
          at async Promise.all (index 1)

  console.log
    {"level":"INFO","event":"warm_pool.spawn","sessionId":"0d913d3a-8f5c-492d-8690-a2d1bfe2cc74","poolSize":3,"totalSpawned":3}

      at CICLogger.info (src/lib/logger.ts:19:13)
          at async Promise.all (index 2)

  console.log
    {"level":"INFO","event":"warm_pool.health_check_started","intervalMs":30000}

      at CICLogger.info (src/lib/logger.ts:19:13)

  console.log
    {"level":"INFO","event":"warm_pool.initialized","poolSize":3}

      at CICLogger.info (src/lib/logger.ts:19:13)

  console.log
    {"level":"INFO","event":"warm_pool.checkout","sessionId":"3e27b10f-6496-43d6-844e-8841bed36f87","poolSize":2,"checkouts":1}

      at CICLogger.info (src/lib/logger.ts:19:13)

  console.log
    {"level":"INFO","event":"warm_pool.draining","poolSize":2}

      at CICLogger.info (src/lib/logger.ts:19:13)

  console.log
    {"level":"INFO","event":"warm_pool.drained"}

      at CICLogger.info (src/lib/logger.ts:19:13)

  console.log
    {"level":"INFO","event":"warm_pool.init","targetSize":3}

      at CICLogger.info (src/lib/logger.ts:19:13)

  console.log
    {"level":"INFO","event":"warm_pool.spawn","sessionId":"d0fb6e64-fc03-494f-b721-c711a478fb00","poolSize":1,"totalSpawned":1}

      at CICLogger.info (src/lib/logger.ts:19:13)
          at async Promise.all (index 0)

  console.log
    {"level":"INFO","event":"warm_pool.spawn","sessionId":"78ae0dc5-190e-422f-a8a7-222a1e2bdb43","poolSize":2,"totalSpawned":2}

      at CICLogger.info (src/lib/logger.ts:19:13)
          at async Promise.all (index 1)

  console.log
    {"level":"INFO","event":"warm_pool.spawn","sessionId":"b7436322-45d5-4da4-a2bb-5b79881ae11e","poolSize":3,"totalSpawned":3}

      at CICLogger.info (src/lib/logger.ts:19:13)
          at async Promise.all (index 2)

  console.log
    {"level":"INFO","event":"warm_pool.health_check_started","intervalMs":30000}

      at CICLogger.info (src/lib/logger.ts:19:13)

  console.log
    {"level":"INFO","event":"warm_pool.initialized","poolSize":3}

      at CICLogger.info (src/lib/logger.ts:19:13)

  console.log
    {"level":"INFO","event":"warm_pool.checkout","sessionId":"d0fb6e64-fc03-494f-b721-c711a478fb00","poolSize":2,"checkouts":1}

      at CICLogger.info (src/lib/logger.ts:19:13)

  console.warn
    {"level":"WARN","event":"warm_pool.session_unhealthy","sessionId":"d0fb6e64-fc03-494f-b721-c711a478fb00","errorCount":3}

    [0m [90m 21 |[39m
     [90m 22 |[39m   warn(event[33m:[39m string[33m,[39m context[33m?[39m[33m:[39m [33mLogContext[39m)[33m:[39m [36mvoid[39m {
    [31m[1m>[22m[39m[90m 23 |[39m     console[33m.[39mwarn([33mJSON[39m[33m.[39mstringify({ level[33m:[39m [32m"WARN"[39m[33m,[39m event[33m,[39m [33m...[39mcontext }))
     [90m    |[39m             [31m[1m^[22m[39m
     [90m 24 |[39m   }
     [90m 25 |[39m
     [90m 26 |[39m   error(event[33m:[39m string[33m,[39m context[33m?[39m[33m:[39m [33mLogContext[39m)[33m:[39m [36mvoid[39m {[0m

      at CICLogger.warn (src/lib/logger.ts:23:13)
      at WarmPoolManager.recordNavigation (src/extractors/browser/WarmPoolManager.ts:220:16)
      at Object.<anonymous> (src/extractors/browser/WarmPoolManager.test.ts:194:21)

  console.log
    {"level":"INFO","event":"warm_pool.draining","poolSize":2}

      at CICLogger.info (src/lib/logger.ts:19:13)

  console.log
    {"level":"INFO","event":"warm_pool.drained"}

      at CICLogger.info (src/lib/logger.ts:19:13)

  console.log
    {"level":"INFO","event":"warm_pool.init","targetSize":3}

      at CICLogger.info (src/lib/logger.ts:19:13)

  console.error
    Error: Error: getaddrinfo ENOTFOUND fail1.invalid
        at Object.dispatchError (C:\dev\node_modules\jsdom\lib\jsdom\living\xhr\xhr-utils.js:62:19)
        at EventEmitter.<anonymous> (C:\dev\node_modules\jsdom\lib\jsdom\living\xhr\XMLHttpRequest-impl.js:655:18)
        at EventEmitter.emit (node:events:520:35)
        at Request.<anonymous> (C:\dev\node_modules\jsdom\lib\jsdom\living\xhr\xhr-utils.js:380:14)
        at Request.emit (node:events:508:28)
        at ClientRequest.<anonymous> (C:\dev\node_modules\jsdom\lib\jsdom\living\helpers\http-request.js:127:14)
        at ClientRequest.emit (node:events:508:28)
        at emitErrorEvent (node:_http_client:108:11)
        at TLSSocket.socketErrorListener (node:_http_client:575:5)
        at TLSSocket.emit (node:events:508:28)
        at emitErrorNT (node:internal/streams/destroy:170:8)
        at emitErrorCloseNT (node:internal/streams/destroy:129:3)
        at processTicksAndRejections (node:internal/process/task_queues:90:21) {
      type: 'XMLHttpRequest'
    }

      at VirtualConsole.<anonymous> (node_modules/@jest/environment-jsdom-abstract/build/index.js:87:23)
      at Object.dispatchError (node_modules/jsdom/lib/jsdom/living/xhr/xhr-utils.js:65:53)
      at EventEmitter.<anonymous> (node_modules/jsdom/lib/jsdom/living/xhr/XMLHttpRequest-impl.js:655:18)
      at Request.<anonymous> (node_modules/jsdom/lib/jsdom/living/xhr/xhr-utils.js:380:14)
      at ClientRequest.<anonymous> (node_modules/jsdom/lib/jsdom/living/helpers/http-request.js:127:14)

  console.log
    {"level":"INFO","event":"warm_pool.spawn","sessionId":"6d377706-c3b5-409f-9aa2-1bace1d23241","poolSize":1,"totalSpawned":1}

      at CICLogger.info (src/lib/logger.ts:19:13)
          at async Promise.all (index 0)

  console.log
    {"level":"INFO","event":"warm_pool.spawn","sessionId":"aaea487f-15d9-4c44-b073-8a52382c5950","poolSize":2,"totalSpawned":2}

      at CICLogger.info (src/lib/logger.ts:19:13)
          at async Promise.all (index 1)

  console.log
    {"level":"INFO","event":"warm_pool.spawn","sessionId":"d4aeda7e-d4f8-477c-819e-db8ead47d81b","poolSize":3,"totalSpawned":3}

      at CICLogger.info (src/lib/logger.ts:19:13)
          at async Promise.all (index 2)

  console.log
    {"level":"INFO","event":"warm_pool.health_check_started","intervalMs":30000}

      at CICLogger.info (src/lib/logger.ts:19:13)

  console.log
    {"level":"INFO","event":"warm_pool.initialized","poolSize":3}

      at CICLogger.info (src/lib/logger.ts:19:13)

  console.log
    [DLQ] dental | https://fail1.invalid | BROWSER_FAILED

      at SweeperFallbackRouter.routeToDLQ (cic-ingestion/src/extractors/sweeper/SweeperFallbackRouter.ts:351:13)

  console.log
    {"level":"INFO","event":"warm_pool.checkout","sessionId":"6d377706-c3b5-409f-9aa2-1bace1d23241","poolSize":2,"checkouts":1}

      at CICLogger.info (src/lib/logger.ts:19:13)

  console.log
    [CIC] browser.open.start | 09e6ecb1-e431-47e0-a320-a50a02c95b67 | info

      at cic-ingestion/src/extractors/sweeper/SweeperFallbackRouter.ts:380:17

  console.log
    {"level":"INFO","event":"warm_pool.max_navigations_reached","sessionId":"6d377706-c3b5-409f-9aa2-1bace1d23241","navigationCount":50}

      at CICLogger.info (src/lib/logger.ts:19:13)

  console.log
    {"level":"INFO","event":"warm_pool.draining","poolSize":2}

      at CICLogger.info (src/lib/logger.ts:19:13)

  console.log
    {"level":"INFO","event":"warm_pool.drained"}

      at CICLogger.info (src/lib/logger.ts:19:13)

  console.log
    {"level":"INFO","event":"warm_pool.init","targetSize":3}

      at CICLogger.info (src/lib/logger.ts:19:13)

  console.log
    {"level":"INFO","event":"warm_pool.spawn","sessionId":"6c02b073-a232-434d-91a2-4b58dfd32cf1","poolSize":1,"totalSpawned":1}

      at CICLogger.info (src/lib/logger.ts:19:13)
          at async Promise.all (index 0)

  console.log
    {"level":"INFO","event":"warm_pool.spawn","sessionId":"11e70dfe-c31a-4717-8bc4-1bb6cf23de19","poolSize":2,"totalSpawned":2}

      at CICLogger.info (src/lib/logger.ts:19:13)
          at async Promise.all (index 1)

  console.log
    {"level":"INFO","event":"warm_pool.spawn","sessionId":"713b6596-90c2-45b7-96f4-b713270f81eb","poolSize":3,"totalSpawned":3}

      at CICLogger.info (src/lib/logger.ts:19:13)
          at async Promise.all (index 2)

  console.log
    {"level":"INFO","event":"warm_pool.health_check_started","intervalMs":30000}

      at CICLogger.info (src/lib/logger.ts:19:13)

  console.log
    {"level":"INFO","event":"warm_pool.initialized","poolSize":3}

      at CICLogger.info (src/lib/logger.ts:19:13)

  console.log
    {"level":"INFO","event":"warm_pool.checkout","sessionId":"6c02b073-a232-434d-91a2-4b58dfd32cf1","poolSize":2,"checkouts":1}

      at CICLogger.info (src/lib/logger.ts:19:13)

  console.log
    {"level":"INFO","event":"warm_pool.draining","poolSize":2}

      at CICLogger.info (src/lib/logger.ts:19:13)

  console.log
    {"level":"INFO","event":"warm_pool.drained"}

      at CICLogger.info (src/lib/logger.ts:19:13)

  console.log
    {"level":"INFO","event":"warm_pool.init","targetSize":3}

      at CICLogger.info (src/lib/logger.ts:19:13)

  console.log
    {"level":"INFO","event":"warm_pool.spawn","sessionId":"48d3c896-e0f7-456a-994a-307929c6b159","poolSize":1,"totalSpawned":1}

      at CICLogger.info (src/lib/logger.ts:19:13)
          at async Promise.all (index 0)

  console.log
    {"level":"INFO","event":"warm_pool.spawn","sessionId":"e4dfa5f0-d633-47d5-a08c-af9965d277fb","poolSize":2,"totalSpawned":2}

      at CICLogger.info (src/lib/logger.ts:19:13)
          at async Promise.all (index 1)

  console.log
    {"level":"INFO","event":"warm_pool.spawn","sessionId":"08adeae1-a3ed-4338-9cb6-d3a8a218b9e0","poolSize":3,"totalSpawned":3}

      at CICLogger.info (src/lib/logger.ts:19:13)
          at async Promise.all (index 2)

  console.log
    {"level":"INFO","event":"warm_pool.health_check_started","intervalMs":30000}

      at CICLogger.info (src/lib/logger.ts:19:13)

  console.log
    {"level":"INFO","event":"warm_pool.initialized","poolSize":3}

      at CICLogger.info (src/lib/logger.ts:19:13)

  console.log
    {"level":"INFO","event":"warm_pool.checkout","sessionId":"48d3c896-e0f7-456a-994a-307929c6b159","poolSize":2,"checkouts":1}

      at CICLogger.info (src/lib/logger.ts:19:13)

  console.log
    {"level":"INFO","event":"warm_pool.draining","poolSize":2}

      at CICLogger.info (src/lib/logger.ts:19:13)

  console.log
    {"level":"INFO","event":"warm_pool.drained"}

      at CICLogger.info (src/lib/logger.ts:19:13)

  console.error
    Error: Error: getaddrinfo ENOTFOUND fail2.invalid
        at Object.dispatchError (C:\dev\node_modules\jsdom\lib\jsdom\living\xhr\xhr-utils.js:62:19)
        at EventEmitter.<anonymous> (C:\dev\node_modules\jsdom\lib\jsdom\living\xhr\XMLHttpRequest-impl.js:655:18)
        at EventEmitter.emit (node:events:520:35)
        at Request.<anonymous> (C:\dev\node_modules\jsdom\lib\jsdom\living\xhr\xhr-utils.js:380:14)
        at Request.emit (node:events:508:28)
        at ClientRequest.<anonymous> (C:\dev\node_modules\jsdom\lib\jsdom\living\helpers\http-request.js:127:14)
        at ClientRequest.emit (node:events:508:28)
        at emitErrorEvent (node:_http_client:108:11)
        at TLSSocket.socketErrorListener (node:_http_client:575:5)
        at TLSSocket.emit (node:events:508:28)
        at emitErrorNT (node:internal/streams/destroy:170:8)
        at emitErrorCloseNT (node:internal/streams/destroy:129:3)
        at processTicksAndRejections (node:internal/process/task_queues:90:21) {
      type: 'XMLHttpRequest'
    }

      at VirtualConsole.<anonymous> (node_modules/@jest/environment-jsdom-abstract/build/index.js:87:23)
      at Object.dispatchError (node_modules/jsdom/lib/jsdom/living/xhr/xhr-utils.js:65:53)
      at EventEmitter.<anonymous> (node_modules/jsdom/lib/jsdom/living/xhr/XMLHttpRequest-impl.js:655:18)
      at Request.<anonymous> (node_modules/jsdom/lib/jsdom/living/xhr/xhr-utils.js:380:14)
      at ClientRequest.<anonymous> (node_modules/jsdom/lib/jsdom/living/helpers/http-request.js:127:14)

  console.log
    {"level":"INFO","event":"warm_pool.init","targetSize":3}

      at CICLogger.info (src/lib/logger.ts:19:13)

  console.log
    [DLQ] medspa | https://fail2.invalid | BROWSER_FAILED

      at SweeperFallbackRouter.routeToDLQ (cic-ingestion/src/extractors/sweeper/SweeperFallbackRouter.ts:351:13)

  console.log
    {"level":"INFO","event":"warm_pool.spawn","sessionId":"e5124393-028d-4d7b-b77a-c3a1d3d68887","poolSize":1,"totalSpawned":1}

      at CICLogger.info (src/lib/logger.ts:19:13)
          at async Promise.all (index 0)

  console.log
    [CIC] browser.open.start | 71ad12ef-779d-4c23-850a-f257b9818306 | info

      at cic-ingestion/src/extractors/sweeper/SweeperFallbackRouter.ts:380:17

  console.log
    {"level":"INFO","event":"warm_pool.spawn","sessionId":"67d41457-7613-4639-9209-54b65fc91275","poolSize":2,"totalSpawned":2}

      at CICLogger.info (src/lib/logger.ts:19:13)
          at async Promise.all (index 1)

  console.log
    {"level":"INFO","event":"warm_pool.spawn","sessionId":"233d359e-a05c-4145-afd1-848fe73f67c7","poolSize":3,"totalSpawned":3}

      at CICLogger.info (src/lib/logger.ts:19:13)
          at async Promise.all (index 2)

  console.log
    {"level":"INFO","event":"warm_pool.health_check_started","intervalMs":30000}

      at CICLogger.info (src/lib/logger.ts:19:13)

  console.log
    {"level":"INFO","event":"warm_pool.initialized","poolSize":3}

      at CICLogger.info (src/lib/logger.ts:19:13)

  console.log
    {"level":"INFO","event":"warm_pool.draining","poolSize":3}

      at CICLogger.info (src/lib/logger.ts:19:13)

  console.log
    {"level":"INFO","event":"warm_pool.drained"}

      at CICLogger.info (src/lib/logger.ts:19:13)

  console.log
    {"level":"INFO","event":"warm_pool.init","targetSize":3}

      at CICLogger.info (src/lib/logger.ts:19:13)

  console.log
    {"level":"INFO","event":"warm_pool.spawn","sessionId":"c5d12678-f0e2-41dd-9459-a5ad5f782542","poolSize":1,"totalSpawned":1}

      at CICLogger.info (src/lib/logger.ts:19:13)
          at async Promise.all (index 0)

  console.log
    {"level":"INFO","event":"warm_pool.spawn","sessionId":"37dd8a40-e7be-4b87-9739-dfe6896897af","poolSize":2,"totalSpawned":2}

      at CICLogger.info (src/lib/logger.ts:19:13)
          at async Promise.all (index 1)

  console.log
    {"level":"INFO","event":"warm_pool.spawn","sessionId":"6005017f-5109-44c8-9b74-4de0d266d8b4","poolSize":3,"totalSpawned":3}

      at CICLogger.info (src/lib/logger.ts:19:13)
          at async Promise.all (index 2)

  console.log
    {"level":"INFO","event":"warm_pool.health_check_started","intervalMs":30000}

      at CICLogger.info (src/lib/logger.ts:19:13)

  console.log
    {"level":"INFO","event":"warm_pool.initialized","poolSize":3}

      at CICLogger.info (src/lib/logger.ts:19:13)

  console.log
    {"level":"INFO","event":"warm_pool.draining","poolSize":3}

      at CICLogger.info (src/lib/logger.ts:19:13)

  console.log
    {"level":"INFO","event":"warm_pool.drained"}

      at CICLogger.info (src/lib/logger.ts:19:13)

  console.log
    {"level":"INFO","event":"warm_pool.init","targetSize":3}

      at CICLogger.info (src/lib/logger.ts:19:13)

  console.log
    {"level":"INFO","event":"warm_pool.spawn","sessionId":"121d39e5-d6ea-4273-a943-d6a0686a1bec","poolSize":1,"totalSpawned":1}

      at CICLogger.info (src/lib/logger.ts:19:13)
          at async Promise.all (index 0)

  console.log
    {"level":"INFO","event":"warm_pool.spawn","sessionId":"8b63bc5e-43da-4e56-936d-3d045e813e10","poolSize":2,"totalSpawned":2}

      at CICLogger.info (src/lib/logger.ts:19:13)
          at async Promise.all (index 1)

  console.log
    {"level":"INFO","event":"warm_pool.spawn","sessionId":"3e060801-699f-4108-b932-24492bd0bd96","poolSize":3,"totalSpawned":3}

      at CICLogger.info (src/lib/logger.ts:19:13)
          at async Promise.all (index 2)

  console.log
    {"level":"INFO","event":"warm_pool.health_check_started","intervalMs":30000}

      at CICLogger.info (src/lib/logger.ts:19:13)

  console.log
    {"level":"INFO","event":"warm_pool.initialized","poolSize":3}

      at CICLogger.info (src/lib/logger.ts:19:13)

  console.log
    {"level":"INFO","event":"warm_pool.checkout","sessionId":"121d39e5-d6ea-4273-a943-d6a0686a1bec","poolSize":2,"checkouts":1}

      at CICLogger.info (src/lib/logger.ts:19:13)

  console.error
    Error: Error: getaddrinfo ENOTFOUND fail.invalid
        at Object.dispatchError (C:\dev\node_modules\jsdom\lib\jsdom\living\xhr\xhr-utils.js:62:19)
        at EventEmitter.<anonymous> (C:\dev\node_modules\jsdom\lib\jsdom\living\xhr\XMLHttpRequest-impl.js:655:18)
        at EventEmitter.emit (node:events:520:35)
        at Request.<anonymous> (C:\dev\node_modules\jsdom\lib\jsdom\living\xhr\xhr-utils.js:380:14)
        at Request.emit (node:events:508:28)
        at ClientRequest.<anonymous> (C:\dev\node_modules\jsdom\lib\jsdom\living\helpers\http-request.js:127:14)
        at ClientRequest.emit (node:events:508:28)
        at emitErrorEvent (node:_http_client:108:11)
        at TLSSocket.socketErrorListener (node:_http_client:575:5)
        at TLSSocket.emit (node:events:508:28)
        at emitErrorNT (node:internal/streams/destroy:170:8)
        at emitErrorCloseNT (node:internal/streams/destroy:129:3)
        at processTicksAndRejections (node:internal/process/task_queues:90:21) {
      type: 'XMLHttpRequest'
    }

      at VirtualConsole.<anonymous> (node_modules/@jest/environment-jsdom-abstract/build/index.js:87:23)
      at Object.dispatchError (node_modules/jsdom/lib/jsdom/living/xhr/xhr-utils.js:65:53)
      at EventEmitter.<anonymous> (node_modules/jsdom/lib/jsdom/living/xhr/XMLHttpRequest-impl.js:655:18)
      at Request.<anonymous> (node_modules/jsdom/lib/jsdom/living/xhr/xhr-utils.js:380:14)
      at ClientRequest.<anonymous> (node_modules/jsdom/lib/jsdom/living/helpers/http-request.js:127:14)

  console.log
    [DLQ] dental | https://fail.invalid | BROWSER_FAILED

      at SweeperFallbackRouter.routeToDLQ (cic-ingestion/src/extractors/sweeper/SweeperFallbackRouter.ts:351:13)

  console.log
    {"level":"INFO","event":"warm_pool.checkout","sessionId":"8b63bc5e-43da-4e56-936d-3d045e813e10","poolSize":1,"checkouts":2}

      at CICLogger.info (src/lib/logger.ts:19:13)

  console.log
    {"level":"INFO","event":"warm_pool.checkout","sessionId":"3e060801-699f-4108-b932-24492bd0bd96","poolSize":0,"checkouts":3}

      at CICLogger.info (src/lib/logger.ts:19:13)

  console.log
    {"level":"INFO","event":"warm_pool.checkin","sessionId":"121d39e5-d6ea-4273-a943-d6a0686a1bec","poolSize":1,"navigationCount":3,"checkins":1}

      at CICLogger.info (src/lib/logger.ts:19:13)

  console.log
    {"level":"INFO","event":"warm_pool.checkin","sessionId":"8b63bc5e-43da-4e56-936d-3d045e813e10","poolSize":2,"navigationCount":0,"checkins":2}

      at CICLogger.info (src/lib/logger.ts:19:13)

  console.log
    {"level":"INFO","event":"warm_pool.checkin","sessionId":"3e060801-699f-4108-b932-24492bd0bd96","poolSize":3,"navigationCount":0,"checkins":3}

      at CICLogger.info (src/lib/logger.ts:19:13)

  console.log
    [CIC] browser.open.start | 711eee21-db63-44c9-9179-e110ee136237 | info

      at cic-ingestion/src/extractors/sweeper/SweeperFallbackRouter.ts:380:17

  console.log
    {"level":"INFO","event":"warm_pool.draining","poolSize":3}

      at CICLogger.info (src/lib/logger.ts:19:13)

  console.log
    {"level":"INFO","event":"warm_pool.drained"}

      at CICLogger.info (src/lib/logger.ts:19:13)

  console.log
    {"level":"INFO","event":"warm_pool.init","targetSize":3}

      at CICLogger.info (src/lib/logger.ts:19:13)

  console.log
    {"level":"INFO","event":"warm_pool.spawn","sessionId":"02bc27e5-98e1-465a-9577-3f8e55d11f28","poolSize":1,"totalSpawned":1}

      at CICLogger.info (src/lib/logger.ts:19:13)
          at async Promise.all (index 0)

  console.log
    {"level":"INFO","event":"warm_pool.spawn","sessionId":"3330f14f-5eda-4ab6-9afc-f9377b48155d","poolSize":2,"totalSpawned":2}

      at CICLogger.info (src/lib/logger.ts:19:13)
          at async Promise.all (index 1)

  console.log
    {"level":"INFO","event":"warm_pool.spawn","sessionId":"92df2d12-f5a8-41ae-8167-083cc420e1c7","poolSize":3,"totalSpawned":3}

      at CICLogger.info (src/lib/logger.ts:19:13)
          at async Promise.all (index 2)

  console.log
    {"level":"INFO","event":"warm_pool.health_check_started","intervalMs":30000}

      at CICLogger.info (src/lib/logger.ts:19:13)

  console.log
    {"level":"INFO","event":"warm_pool.initialized","poolSize":3}

      at CICLogger.info (src/lib/logger.ts:19:13)

  console.log
    {"level":"INFO","event":"warm_pool.draining","poolSize":3}

      at CICLogger.info (src/lib/logger.ts:19:13)

  console.log
    {"level":"INFO","event":"warm_pool.drained"}

      at CICLogger.info (src/lib/logger.ts:19:13)

  console.error
    Error: Error: getaddrinfo ENOTFOUND fail.invalid
        at Object.dispatchError (C:\dev\node_modules\jsdom\lib\jsdom\living\xhr\xhr-utils.js:62:19)
        at EventEmitter.<anonymous> (C:\dev\node_modules\jsdom\lib\jsdom\living\xhr\XMLHttpRequest-impl.js:655:18)
        at EventEmitter.emit (node:events:520:35)
        at Request.<anonymous> (C:\dev\node_modules\jsdom\lib\jsdom\living\xhr\xhr-utils.js:380:14)
        at Request.emit (node:events:508:28)
        at ClientRequest.<anonymous> (C:\dev\node_modules\jsdom\lib\jsdom\living\helpers\http-request.js:127:14)
        at ClientRequest.emit (node:events:508:28)
        at emitErrorEvent (node:_http_client:108:11)
        at TLSSocket.socketErrorListener (node:_http_client:575:5)
        at TLSSocket.emit (node:events:508:28)
        at emitErrorNT (node:internal/streams/destroy:170:8)
        at emitErrorCloseNT (node:internal/streams/destroy:129:3)
        at processTicksAndRejections (node:internal/process/task_queues:90:21) {
      type: 'XMLHttpRequest'
    }

      at VirtualConsole.<anonymous> (node_modules/@jest/environment-jsdom-abstract/build/index.js:87:23)
      at Object.dispatchError (node_modules/jsdom/lib/jsdom/living/xhr/xhr-utils.js:65:53)
      at EventEmitter.<anonymous> (node_modules/jsdom/lib/jsdom/living/xhr/XMLHttpRequest-impl.js:655:18)
      at Request.<anonymous> (node_modules/jsdom/lib/jsdom/living/xhr/xhr-utils.js:380:14)
      at ClientRequest.<anonymous> (node_modules/jsdom/lib/jsdom/living/helpers/http-request.js:127:14)

  console.log
    {"level":"INFO","event":"warm_pool.init","targetSize":3}

      at CICLogger.info (src/lib/logger.ts:19:13)

  console.log
    {"level":"INFO","event":"warm_pool.spawn","sessionId":"fdd334e0-49fa-4155-b78d-560dccb02077","poolSize":1,"totalSpawned":1}

      at CICLogger.info (src/lib/logger.ts:19:13)
          at async Promise.all (index 0)

  console.log
    [DLQ] dental | https://fail.invalid | BROWSER_FAILED

      at SweeperFallbackRouter.routeToDLQ (cic-ingestion/src/extractors/sweeper/SweeperFallbackRouter.ts:351:13)

  console.log
    {"level":"INFO","event":"warm_pool.spawn","sessionId":"7efa6e37-5434-43bc-89a7-38ddf5622b90","poolSize":2,"totalSpawned":2}

      at CICLogger.info (src/lib/logger.ts:19:13)
          at async Promise.all (index 1)

  console.log
    {"level":"INFO","event":"warm_pool.spawn","sessionId":"53f916f5-4005-47f5-b1f5-0fcf8735ccb4","poolSize":3,"totalSpawned":3}

      at CICLogger.info (src/lib/logger.ts:19:13)
          at async Promise.all (index 2)

  console.log
    {"level":"INFO","event":"warm_pool.health_check_started","intervalMs":30000}

      at CICLogger.info (src/lib/logger.ts:19:13)

  console.log
    {"level":"INFO","event":"warm_pool.initialized","poolSize":3}

      at CICLogger.info (src/lib/logger.ts:19:13)

  console.log
    {"level":"INFO","event":"warm_pool.draining","poolSize":3}

      at CICLogger.info (src/lib/logger.ts:19:13)

  console.log
    {"level":"INFO","event":"warm_pool.drained"}

      at CICLogger.info (src/lib/logger.ts:19:13)

  console.log
    {"level":"INFO","event":"warm_pool.init","targetSize":3}

      at CICLogger.info (src/lib/logger.ts:19:13)

  console.log
    {"level":"INFO","event":"warm_pool.spawn","sessionId":"397771c1-7312-4205-acf3-de14d2b37690","poolSize":1,"totalSpawned":1}

      at CICLogger.info (src/lib/logger.ts:19:13)
          at async Promise.all (index 0)

  console.log
    {"level":"INFO","event":"warm_pool.spawn","sessionId":"6b77c42e-0e6d-4aa0-ad3c-7f43ad00dad9","poolSize":2,"totalSpawned":2}

      at CICLogger.info (src/lib/logger.ts:19:13)
          at async Promise.all (index 1)

  console.log
    {"level":"INFO","event":"warm_pool.spawn","sessionId":"37192b84-ba19-4fde-bc30-826c872c20bb","poolSize":3,"totalSpawned":3}

      at CICLogger.info (src/lib/logger.ts:19:13)
          at async Promise.all (index 2)

  console.log
    {"level":"INFO","event":"warm_pool.health_check_started","intervalMs":30000}

      at CICLogger.info (src/lib/logger.ts:19:13)

  console.log
    {"level":"INFO","event":"warm_pool.initialized","poolSize":3}

      at CICLogger.info (src/lib/logger.ts:19:13)

  console.log
    {"level":"INFO","event":"warm_pool.draining","poolSize":3}

      at CICLogger.info (src/lib/logger.ts:19:13)

  console.log
    {"level":"INFO","event":"warm_pool.drained"}

      at CICLogger.info (src/lib/logger.ts:19:13)

  console.log
    {"level":"INFO","event":"warm_pool.draining","poolSize":0}

      at CICLogger.info (src/lib/logger.ts:19:13)

  console.log
    {"level":"INFO","event":"warm_pool.drained"}

      at CICLogger.info (src/lib/logger.ts:19:13)

  console.log
    {"level":"INFO","event":"warm_pool.init","targetSize":3}

      at CICLogger.info (src/lib/logger.ts:19:13)

  console.log
    [CIC] browser.open.start | 7d9b271c-34a0-496c-802d-2912bcefe88a | info

      at cic-ingestion/src/extractors/sweeper/SweeperFallbackRouter.ts:380:17

  console.log
    {"level":"INFO","event":"warm_pool.spawn","sessionId":"6e1d082a-d5f9-45f3-a635-302c674fd85e","poolSize":1,"totalSpawned":1}

      at CICLogger.info (src/lib/logger.ts:19:13)
          at async Promise.all (index 0)

  console.log
    {"level":"INFO","event":"warm_pool.spawn","sessionId":"39b2f40a-34f6-46b7-a4e6-16ee17c3b6c9","poolSize":2,"totalSpawned":2}

      at CICLogger.info (src/lib/logger.ts:19:13)
          at async Promise.all (index 1)

  console.log
    {"level":"INFO","event":"warm_pool.spawn","sessionId":"16052eb1-b307-4685-81c9-f7883b28fff4","poolSize":3,"totalSpawned":3}

      at CICLogger.info (src/lib/logger.ts:19:13)
          at async Promise.all (index 2)

  console.log
    {"level":"INFO","event":"warm_pool.health_check_started","intervalMs":30000}

      at CICLogger.info (src/lib/logger.ts:19:13)

  console.log
    {"level":"INFO","event":"warm_pool.initialized","poolSize":3}

      at CICLogger.info (src/lib/logger.ts:19:13)

  console.log
    {"level":"INFO","event":"warm_pool.draining","poolSize":3}

      at CICLogger.info (src/lib/logger.ts:19:13)

  console.log
    {"level":"INFO","event":"warm_pool.drained"}

      at CICLogger.info (src/lib/logger.ts:19:13)

  console.log
    {"level":"INFO","event":"warm_pool.draining","poolSize":0}

      at CICLogger.info (src/lib/logger.ts:19:13)

  console.log
    {"level":"INFO","event":"warm_pool.drained"}

      at CICLogger.info (src/lib/logger.ts:19:13)

  console.log
    {"level":"INFO","event":"warm_pool.init","targetSize":3}

      at CICLogger.info (src/lib/logger.ts:19:13)

  console.log
    {"level":"INFO","event":"warm_pool.spawn","sessionId":"b2287d04-d16d-425b-818e-acc4c83acc4b","poolSize":1,"totalSpawned":1}

      at CICLogger.info (src/lib/logger.ts:19:13)
          at async Promise.all (index 0)

PASS cic-ingestion/src/aperture/__tests__/SandboxIsolation.test.ts
  Sandbox Isolation – Phase 27.3 M3
    A. Sandbox Boundaries
      √ SB-01: create isolated sandbox directory (142 ms)
      √ SB-02: each sandbox has unique tmpdir (149 ms)
      √ SB-03: sandbox path within temp directory (9 ms)
      √ SB-04: cannot access parent directory from sandbox (18 ms)
      √ SB-05: concurrent sandbox creation succeeds (41 ms)
    B. Cleanup & Resource Release
      √ CL-01: cleanup removes sandbox directory (31 ms)
      √ CL-02: cleanup removes files in sandbox (122 ms)
      √ CL-03: cleanup handles nested directories (349 ms)
      √ CL-04: cleanup non-blocking (async, no await required) (25 ms)
    C. Inter-Sandbox Isolation
      √ IS-01: different agents get different sandboxes (41 ms)
      √ IS-02: sandbox 1 cannot read sandbox 2 files (24 ms)
      √ IS-03: cleanup of one sandbox doesn't affect others (16 ms)
      √ IS-04: no global state leaks between sandboxes (8 ms)
    D. Resource Limits
      √ RL-01: memory quota enforced (26 ms)
      √ RL-02: CPU quota enforced (26 ms)
      √ RL-03: file size limits respected (248 ms)
      √ RL-04: file descriptor limits (359 ms)
      √ RL-05: ephemeral mode prevents persistence (105 ms)
    E. Error Handling & Edge Cases
      √ EH-01: cleanup of already-cleaned sandbox succeeds (33 ms)
      √ EH-02: invalid policy rejected (13 ms)
      √ EH-03: zero memory quota handled (17 ms)
      √ EH-04: cleanupAll removes all sandboxes (44 ms)

  console.error
    Error: Error: getaddrinfo ENOTFOUND example-dental.com
        at Object.dispatchError (C:\dev\node_modules\jsdom\lib\jsdom\living\xhr\xhr-utils.js:62:19)
        at EventEmitter.<anonymous> (C:\dev\node_modules\jsdom\lib\jsdom\living\xhr\XMLHttpRequest-impl.js:655:18)
        at EventEmitter.emit (node:events:520:35)
        at Request.<anonymous> (C:\dev\node_modules\jsdom\lib\jsdom\living\xhr\xhr-utils.js:380:14)
        at Request.emit (node:events:508:28)
        at ClientRequest.<anonymous> (C:\dev\node_modules\jsdom\lib\jsdom\living\helpers\http-request.js:127:14)
        at ClientRequest.emit (node:events:508:28)
        at emitErrorEvent (node:_http_client:108:11)
        at TLSSocket.socketErrorListener (node:_http_client:575:5)
        at TLSSocket.emit (node:events:508:28)
        at emitErrorNT (node:internal/streams/destroy:170:8)
        at emitErrorCloseNT (node:internal/streams/destroy:129:3)
        at processTicksAndRejections (node:internal/process/task_queues:90:21) {
      type: 'XMLHttpRequest'
    }

      at VirtualConsole.<anonymous> (node_modules/@jest/environment-jsdom-abstract/build/index.js:87:23)
      at Object.dispatchError (node_modules/jsdom/lib/jsdom/living/xhr/xhr-utils.js:65:53)
      at EventEmitter.<anonymous> (node_modules/jsdom/lib/jsdom/living/xhr/XMLHttpRequest-impl.js:655:18)
      at Request.<anonymous> (node_modules/jsdom/lib/jsdom/living/xhr/xhr-utils.js:380:14)
      at ClientRequest.<anonymous> (node_modules/jsdom/lib/jsdom/living/helpers/http-request.js:127:14)

  console.log
    [DLQ] dental | https://example-dental.com | BROWSER_FAILED

      at SweeperFallbackRouter.routeToDLQ (cic-ingestion/src/extractors/sweeper/SweeperFallbackRouter.ts:351:13)

  console.log
    {"level":"INFO","event":"warm_pool.spawn","sessionId":"dde97735-80ce-4d7a-aa2f-9733dc56df3b","poolSize":2,"totalSpawned":2}

      at CICLogger.info (src/lib/logger.ts:19:13)
          at async Promise.all (index 1)

  console.log
    {"level":"INFO","event":"warm_pool.spawn","sessionId":"bae4c242-dd04-435a-ab85-e29359fd1134","poolSize":3,"totalSpawned":3}

      at CICLogger.info (src/lib/logger.ts:19:13)
          at async Promise.all (index 2)

  console.log
    {"level":"INFO","event":"warm_pool.health_check_started","intervalMs":30000}

      at CICLogger.info (src/lib/logger.ts:19:13)

  console.log
    {"level":"INFO","event":"warm_pool.initialized","poolSize":3}

      at CICLogger.info (src/lib/logger.ts:19:13)

  console.log
    {"level":"INFO","event":"warm_pool.draining","poolSize":3}

      at CICLogger.info (src/lib/logger.ts:19:13)

  console.error
    {"level":"ERROR","event":"warm_pool.close_error","sessionId":"b2287d04-d16d-425b-818e-acc4c83acc4b","error":"Error: Close failed"}

    [0m [90m 25 |[39m
     [90m 26 |[39m   error(event[33m:[39m string[33m,[39m context[33m?[39m[33m:[39m [33mLogContext[39m)[33m:[39m [36mvoid[39m {
    [31m[1m>[22m[39m[90m 27 |[39m     console[33m.[39merror([33mJSON[39m[33m.[39mstringify({ level[33m:[39m [32m"ERROR"[39m[33m,[39m event[33m,[39m [33m...[39mcontext }))
     [90m    |[39m             [31m[1m^[22m[39m
     [90m 28 |[39m   }
     [90m 29 |[39m
     [90m 30 |[39m   debug(event[33m:[39m string[33m,[39m context[33m?[39m[33m:[39m [33mLogContext[39m)[33m:[39m [36mvoid[39m {[0m

      at CICLogger.error (src/lib/logger.ts:27:13)
      at src/extractors/browser/WarmPoolManager.ts:373:16
          at async Promise.all (index 0)
      at WarmPoolManager.drain (src/extractors/browser/WarmPoolManager.ts:380:5)
      at Object.<anonymous> (src/extractors/browser/WarmPoolManager.test.ts:310:7)

  console.log
    [CIC] browser.open.start | f1bd4cd2-81db-4a96-9c33-d6335e3a7243 | info

      at cic-ingestion/src/extractors/sweeper/SweeperFallbackRouter.ts:380:17

  console.log
    {"level":"INFO","event":"warm_pool.drained"}

      at CICLogger.info (src/lib/logger.ts:19:13)

  console.log
    {"level":"INFO","event":"warm_pool.draining","poolSize":0}

      at CICLogger.info (src/lib/logger.ts:19:13)

  console.log
    {"level":"INFO","event":"warm_pool.drained"}

      at CICLogger.info (src/lib/logger.ts:19:13)

  console.log
    {"level":"INFO","event":"warm_pool.init","targetSize":3}

      at CICLogger.info (src/lib/logger.ts:19:13)

  console.log
    {"level":"INFO","event":"warm_pool.spawn","sessionId":"9d9ee3c2-1d77-4b60-bca6-aa05ec1829f6","poolSize":1,"totalSpawned":1}

      at CICLogger.info (src/lib/logger.ts:19:13)
          at async Promise.all (index 0)

  console.error
    Error: Error: getaddrinfo ENOTFOUND example-dental.com
        at Object.dispatchError (C:\dev\node_modules\jsdom\lib\jsdom\living\xhr\xhr-utils.js:62:19)
        at EventEmitter.<anonymous> (C:\dev\node_modules\jsdom\lib\jsdom\living\xhr\XMLHttpRequest-impl.js:655:18)
        at EventEmitter.emit (node:events:520:35)
        at Request.<anonymous> (C:\dev\node_modules\jsdom\lib\jsdom\living\xhr\xhr-utils.js:380:14)
        at Request.emit (node:events:508:28)
        at ClientRequest.<anonymous> (C:\dev\node_modules\jsdom\lib\jsdom\living\helpers\http-request.js:127:14)
        at ClientRequest.emit (node:events:508:28)
        at emitErrorEvent (node:_http_client:108:11)
        at TLSSocket.socketErrorListener (node:_http_client:575:5)
        at TLSSocket.emit (node:events:508:28)
        at emitErrorNT (node:internal/streams/destroy:170:8)
        at emitErrorCloseNT (node:internal/streams/destroy:129:3)
        at processTicksAndRejections (node:internal/process/task_queues:90:21) {
      type: 'XMLHttpRequest'
    }

      at VirtualConsole.<anonymous> (node_modules/@jest/environment-jsdom-abstract/build/index.js:87:23)
      at Object.dispatchError (node_modules/jsdom/lib/jsdom/living/xhr/xhr-utils.js:65:53)
      at EventEmitter.<anonymous> (node_modules/jsdom/lib/jsdom/living/xhr/XMLHttpRequest-impl.js:655:18)
      at Request.<anonymous> (node_modules/jsdom/lib/jsdom/living/xhr/xhr-utils.js:380:14)
      at ClientRequest.<anonymous> (node_modules/jsdom/lib/jsdom/living/helpers/http-request.js:127:14)

  console.log
    {"level":"INFO","event":"warm_pool.spawn","sessionId":"432d7444-f84e-4d48-9636-4c25abbc3c89","poolSize":2,"totalSpawned":2}

      at CICLogger.info (src/lib/logger.ts:19:13)
          at async Promise.all (index 1)

  console.log
    {"level":"INFO","event":"warm_pool.spawn","sessionId":"b954982a-8b36-4c9f-8bb0-a4b6da49cf30","poolSize":3,"totalSpawned":3}

      at CICLogger.info (src/lib/logger.ts:19:13)
          at async Promise.all (index 2)

  console.log
    {"level":"INFO","event":"warm_pool.health_check_started","intervalMs":30000}

      at CICLogger.info (src/lib/logger.ts:19:13)

  console.log
    [DLQ] dental | https://example-dental.com | BROWSER_FAILED

      at SweeperFallbackRouter.routeToDLQ (cic-ingestion/src/extractors/sweeper/SweeperFallbackRouter.ts:351:13)

  console.log
    {"level":"INFO","event":"warm_pool.initialized","poolSize":3}

      at CICLogger.info (src/lib/logger.ts:19:13)

  console.log
    {"level":"INFO","event":"warm_pool.checkout","sessionId":"9d9ee3c2-1d77-4b60-bca6-aa05ec1829f6","poolSize":2,"checkouts":1}

      at CICLogger.info (src/lib/logger.ts:19:13)

  console.log
    {"level":"INFO","event":"warm_pool.checkin","sessionId":"9d9ee3c2-1d77-4b60-bca6-aa05ec1829f6","poolSize":3,"navigationCount":1,"checkins":1}

      at CICLogger.info (src/lib/logger.ts:19:13)

  console.log
    {"level":"INFO","event":"warm_pool.draining","poolSize":3}

      at CICLogger.info (src/lib/logger.ts:19:13)

  console.log
    {"level":"INFO","event":"warm_pool.drained"}

      at CICLogger.info (src/lib/logger.ts:19:13)

  console.log
    {"level":"INFO","event":"warm_pool.init","targetSize":3}

      at CICLogger.info (src/lib/logger.ts:19:13)

  console.log
    {"level":"INFO","event":"warm_pool.spawn","sessionId":"e9cd123b-4718-4453-ac6e-3f66e246042e","poolSize":1,"totalSpawned":1}

      at CICLogger.info (src/lib/logger.ts:19:13)
          at async Promise.all (index 0)

  console.log
    {"level":"INFO","event":"warm_pool.spawn","sessionId":"8558abbc-2605-485e-9af6-b65bd27c1a0c","poolSize":2,"totalSpawned":2}

      at CICLogger.info (src/lib/logger.ts:19:13)
          at async Promise.all (index 1)

  console.log
    {"level":"INFO","event":"warm_pool.spawn","sessionId":"22d49420-b9a9-4338-be63-edda602dd512","poolSize":3,"totalSpawned":3}

      at CICLogger.info (src/lib/logger.ts:19:13)
          at async Promise.all (index 2)

  console.log
    {"level":"INFO","event":"warm_pool.health_check_started","intervalMs":30000}

      at CICLogger.info (src/lib/logger.ts:19:13)

  console.log
    {"level":"INFO","event":"warm_pool.initialized","poolSize":3}

      at CICLogger.info (src/lib/logger.ts:19:13)

  console.log
    {"level":"INFO","event":"warm_pool.checkout","sessionId":"e9cd123b-4718-4453-ac6e-3f66e246042e","poolSize":2,"checkouts":1}

      at CICLogger.info (src/lib/logger.ts:19:13)

  console.log
    {"level":"INFO","event":"warm_pool.checkout","sessionId":"8558abbc-2605-485e-9af6-b65bd27c1a0c","poolSize":1,"checkouts":2}

      at CICLogger.info (src/lib/logger.ts:19:13)

  console.log
    {"level":"INFO","event":"warm_pool.checkout","sessionId":"22d49420-b9a9-4338-be63-edda602dd512","poolSize":0,"checkouts":3}

      at CICLogger.info (src/lib/logger.ts:19:13)

  console.log
    {"level":"INFO","event":"warm_pool.draining","poolSize":0}

      at CICLogger.info (src/lib/logger.ts:19:13)

  console.log
    {"level":"INFO","event":"warm_pool.drained"}

      at CICLogger.info (src/lib/logger.ts:19:13)

  console.log
    {"level":"INFO","event":"warm_pool.init","targetSize":3}

      at CICLogger.info (src/lib/logger.ts:19:13)

  console.log
    {"level":"INFO","event":"warm_pool.spawn","sessionId":"6e655100-f889-4c42-b487-63153e15d9e8","poolSize":1,"totalSpawned":1}

      at CICLogger.info (src/lib/logger.ts:19:13)
          at async Promise.all (index 0)

  console.log
    {"level":"INFO","event":"warm_pool.spawn","sessionId":"19380641-cc9e-4758-aeef-8bac53ce4270","poolSize":2,"totalSpawned":2}

      at CICLogger.info (src/lib/logger.ts:19:13)
          at async Promise.all (index 1)

  console.log
    {"level":"INFO","event":"warm_pool.spawn","sessionId":"d029bc57-9b74-4776-af01-88e26f2facb1","poolSize":3,"totalSpawned":3}

      at CICLogger.info (src/lib/logger.ts:19:13)
          at async Promise.all (index 2)

  console.log
    {"level":"INFO","event":"warm_pool.health_check_started","intervalMs":30000}

      at CICLogger.info (src/lib/logger.ts:19:13)

  console.log
    {"level":"INFO","event":"warm_pool.initialized","poolSize":3}

      at CICLogger.info (src/lib/logger.ts:19:13)

  console.log
    {"level":"INFO","event":"warm_pool.checkout","sessionId":"6e655100-f889-4c42-b487-63153e15d9e8","poolSize":2,"checkouts":1}

      at CICLogger.info (src/lib/logger.ts:19:13)

  console.warn
    {"level":"WARN","event":"warm_pool.recycle_unhealthy","sessionId":"6e655100-f889-4c42-b487-63153e15d9e8","errorCount":0}

    [0m [90m 21 |[39m
     [90m 22 |[39m   warn(event[33m:[39m string[33m,[39m context[33m?[39m[33m:[39m [33mLogContext[39m)[33m:[39m [36mvoid[39m {
    [31m[1m>[22m[39m[90m 23 |[39m     console[33m.[39mwarn([33mJSON[39m[33m.[39mstringify({ level[33m:[39m [32m"WARN"[39m[33m,[39m event[33m,[39m [33m...[39mcontext }))
     [90m    |[39m             [31m[1m^[22m[39m
     [90m 24 |[39m   }
     [90m 25 |[39m
     [90m 26 |[39m   error(event[33m:[39m string[33m,[39m context[33m?[39m[33m:[39m [33mLogContext[39m)[33m:[39m [36mvoid[39m {[0m

      at CICLogger.warn (src/lib/logger.ts:23:13)
      at WarmPoolManager.checkin (src/extractors/browser/WarmPoolManager.ts:161:14)
      at Object.<anonymous> (src/extractors/browser/WarmPoolManager.test.ts:353:21)

  console.log
    {"level":"INFO","event":"warm_pool.spawn","sessionId":"49c4b16f-69b0-44f1-af4c-a51b88ec1a52","poolSize":3,"totalSpawned":4}

      at CICLogger.info (src/lib/logger.ts:19:13)

  console.log
    {"level":"INFO","event":"warm_pool.draining","poolSize":3}

      at CICLogger.info (src/lib/logger.ts:19:13)

  console.log
    {"level":"INFO","event":"warm_pool.drained"}

      at CICLogger.info (src/lib/logger.ts:19:13)

  console.log
    {"level":"INFO","event":"warm_pool.init","targetSize":3}

      at CICLogger.info (src/lib/logger.ts:19:13)

  console.log
    {"level":"INFO","event":"warm_pool.spawn","sessionId":"d0252b14-21da-46a2-bb94-5ae203c2b1ec","poolSize":1,"totalSpawned":1}

      at CICLogger.info (src/lib/logger.ts:19:13)
          at async Promise.all (index 0)

  console.log
    {"level":"INFO","event":"warm_pool.spawn","sessionId":"d6e4adc9-f442-434a-8ff6-70730dd92aed","poolSize":2,"totalSpawned":2}

      at CICLogger.info (src/lib/logger.ts:19:13)
          at async Promise.all (index 1)

  console.log
    {"level":"INFO","event":"warm_pool.spawn","sessionId":"7c6036ad-1761-4450-99bb-e0e956300c8e","poolSize":3,"totalSpawned":3}

      at CICLogger.info (src/lib/logger.ts:19:13)
          at async Promise.all (index 2)

  console.log
    {"level":"INFO","event":"warm_pool.health_check_started","intervalMs":30000}

      at CICLogger.info (src/lib/logger.ts:19:13)

  console.log
    {"level":"INFO","event":"warm_pool.initialized","poolSize":3}

      at CICLogger.info (src/lib/logger.ts:19:13)

  console.log
    {"level":"INFO","event":"warm_pool.draining","poolSize":3}

      at CICLogger.info (src/lib/logger.ts:19:13)

  console.log
    {"level":"INFO","event":"warm_pool.drained"}

      at CICLogger.info (src/lib/logger.ts:19:13)

  console.log
    {"level":"INFO","event":"warm_pool.draining","poolSize":0}

      at CICLogger.info (src/lib/logger.ts:19:13)

  console.log
    {"level":"INFO","event":"warm_pool.drained"}

      at CICLogger.info (src/lib/logger.ts:19:13)

  console.log
    {"level":"INFO","event":"warm_pool.init","targetSize":3}

      at CICLogger.info (src/lib/logger.ts:19:13)

  console.log
    {"level":"INFO","event":"warm_pool.spawn","sessionId":"51ca65f4-1d70-465a-9be9-a1aa1b70aa06","poolSize":1,"totalSpawned":1}

      at CICLogger.info (src/lib/logger.ts:19:13)
          at async Promise.all (index 0)

  console.log
    {"level":"INFO","event":"warm_pool.spawn","sessionId":"6b5b2ac0-e378-4a6b-a0f2-451d03450c88","poolSize":2,"totalSpawned":2}

      at CICLogger.info (src/lib/logger.ts:19:13)
          at async Promise.all (index 1)

  console.log
    {"level":"INFO","event":"warm_pool.spawn","sessionId":"e5dbe969-3edf-4c04-a26d-cbc6695501c1","poolSize":3,"totalSpawned":3}

      at CICLogger.info (src/lib/logger.ts:19:13)
          at async Promise.all (index 2)

  console.log
    {"level":"INFO","event":"warm_pool.health_check_started","intervalMs":30000}

      at CICLogger.info (src/lib/logger.ts:19:13)

  console.log
    {"level":"INFO","event":"warm_pool.initialized","poolSize":3}

      at CICLogger.info (src/lib/logger.ts:19:13)

  console.log
    {"level":"INFO","event":"warm_pool.draining","poolSize":3}

      at CICLogger.info (src/lib/logger.ts:19:13)

  console.log
    {"level":"INFO","event":"warm_pool.drained"}

      at CICLogger.info (src/lib/logger.ts:19:13)

  console.log
    {"level":"INFO","event":"warm_pool.draining","poolSize":0}

      at CICLogger.info (src/lib/logger.ts:19:13)

  console.log
    {"level":"INFO","event":"warm_pool.drained"}

      at CICLogger.info (src/lib/logger.ts:19:13)

  console.log
    {"level":"INFO","event":"warm_pool.init","targetSize":3}

      at CICLogger.info (src/lib/logger.ts:19:13)

  console.log
    {"level":"INFO","event":"warm_pool.spawn","sessionId":"f03db001-f1b4-4d5e-904f-f8592966852a","poolSize":1,"totalSpawned":1}

      at CICLogger.info (src/lib/logger.ts:19:13)
          at async Promise.all (index 0)

  console.log
    {"level":"INFO","event":"warm_pool.spawn","sessionId":"ade45f5b-1d19-4168-8333-549ad642e84b","poolSize":2,"totalSpawned":2}

      at CICLogger.info (src/lib/logger.ts:19:13)
          at async Promise.all (index 1)

  console.log
    {"level":"INFO","event":"warm_pool.spawn","sessionId":"100cb685-b966-455a-9210-649a0364b6b1","poolSize":3,"totalSpawned":3}

      at CICLogger.info (src/lib/logger.ts:19:13)
          at async Promise.all (index 2)

  console.log
    {"level":"INFO","event":"warm_pool.health_check_started","intervalMs":30000}

      at CICLogger.info (src/lib/logger.ts:19:13)

  console.log
    {"level":"INFO","event":"warm_pool.initialized","poolSize":3}

      at CICLogger.info (src/lib/logger.ts:19:13)

  console.log
    {"level":"INFO","event":"warm_pool.draining","poolSize":3}

      at CICLogger.info (src/lib/logger.ts:19:13)

  console.error
    {"level":"ERROR","event":"warm_pool.close_error","sessionId":"f03db001-f1b4-4d5e-904f-f8592966852a","error":"Error: Close failed"}

    [0m [90m 25 |[39m
     [90m 26 |[39m   error(event[33m:[39m string[33m,[39m context[33m?[39m[33m:[39m [33mLogContext[39m)[33m:[39m [36mvoid[39m {
    [31m[1m>[22m[39m[90m 27 |[39m     console[33m.[39merror([33mJSON[39m[33m.[39mstringify({ level[33m:[39m [32m"ERROR"[39m[33m,[39m event[33m,[39m [33m...[39mcontext }))
     [90m    |[39m             [31m[1m^[22m[39m
     [90m 28 |[39m   }
     [90m 29 |[39m
     [90m 30 |[39m   debug(event[33m:[39m string[33m,[39m context[33m?[39m[33m:[39m [33mLogContext[39m)[33m:[39m [36mvoid[39m {[0m

      at CICLogger.error (src/lib/logger.ts:27:13)
      at src/extractors/browser/WarmPoolManager.ts:373:16
          at async Promise.all (index 0)
      at WarmPoolManager.drain (src/extractors/browser/WarmPoolManager.ts:380:5)
      at Object.<anonymous> (src/extractors/browser/WarmPoolManager.test.ts:383:7)

  console.log
    {"level":"INFO","event":"warm_pool.drained"}

      at CICLogger.info (src/lib/logger.ts:19:13)

  console.log
    {"level":"INFO","event":"warm_pool.draining","poolSize":0}

      at CICLogger.info (src/lib/logger.ts:19:13)

  console.log
    {"level":"INFO","event":"warm_pool.drained"}

      at CICLogger.info (src/lib/logger.ts:19:13)

  console.log
    {"level":"INFO","event":"warm_pool.init","targetSize":3}

      at CICLogger.info (src/lib/logger.ts:19:13)

  console.log
    {"level":"INFO","event":"warm_pool.spawn","sessionId":"9f95f87b-fd23-4867-8efb-6f07ada6eab9","poolSize":1,"totalSpawned":1}

      at CICLogger.info (src/lib/logger.ts:19:13)
          at async Promise.all (index 0)

  console.log
    {"level":"INFO","event":"warm_pool.spawn","sessionId":"00dfeb33-992e-4366-b57a-6ac2039f9a40","poolSize":2,"totalSpawned":2}

      at CICLogger.info (src/lib/logger.ts:19:13)
          at async Promise.all (index 1)

  console.log
    {"level":"INFO","event":"warm_pool.spawn","sessionId":"43646422-0aa8-4f94-be17-1f273b926428","poolSize":3,"totalSpawned":3}

      at CICLogger.info (src/lib/logger.ts:19:13)
          at async Promise.all (index 2)

  console.log
    {"level":"INFO","event":"warm_pool.health_check_started","intervalMs":30000}

      at CICLogger.info (src/lib/logger.ts:19:13)

  console.log
    {"level":"INFO","event":"warm_pool.initialized","poolSize":3}

      at CICLogger.info (src/lib/logger.ts:19:13)

  console.log
    {"level":"INFO","event":"warm_pool.checkout","sessionId":"9f95f87b-fd23-4867-8efb-6f07ada6eab9","poolSize":2,"checkouts":1}

      at CICLogger.info (src/lib/logger.ts:19:13)

  console.log
    {"level":"INFO","event":"warm_pool.checkin","sessionId":"9f95f87b-fd23-4867-8efb-6f07ada6eab9","poolSize":3,"navigationCount":1,"checkins":1}

      at CICLogger.info (src/lib/logger.ts:19:13)

  console.log
    {"level":"INFO","event":"warm_pool.draining","poolSize":3}

      at CICLogger.info (src/lib/logger.ts:19:13)

  console.log
    {"level":"INFO","event":"warm_pool.drained"}

      at CICLogger.info (src/lib/logger.ts:19:13)

  console.log
    {"level":"INFO","event":"warm_pool.init","targetSize":3}

      at CICLogger.info (src/lib/logger.ts:19:13)

  console.log
    {"level":"INFO","event":"warm_pool.spawn","sessionId":"70eab154-b33e-4884-81c1-d42c01b1313f","poolSize":1,"totalSpawned":1}

      at CICLogger.info (src/lib/logger.ts:19:13)
          at async Promise.all (index 0)

  console.log
    {"level":"INFO","event":"warm_pool.spawn","sessionId":"8a96be8f-d0cc-4522-af3c-41d205d178f1","poolSize":2,"totalSpawned":2}

      at CICLogger.info (src/lib/logger.ts:19:13)
          at async Promise.all (index 1)

  console.log
    {"level":"INFO","event":"warm_pool.spawn","sessionId":"dc638578-65d0-49d7-bbe6-8ab0eff4e066","poolSize":3,"totalSpawned":3}

      at CICLogger.info (src/lib/logger.ts:19:13)
          at async Promise.all (index 2)

  console.log
    {"level":"INFO","event":"warm_pool.health_check_started","intervalMs":30000}

      at CICLogger.info (src/lib/logger.ts:19:13)

  console.log
    {"level":"INFO","event":"warm_pool.initialized","poolSize":3}

      at CICLogger.info (src/lib/logger.ts:19:13)

  console.log
    {"level":"INFO","event":"warm_pool.checkout","sessionId":"70eab154-b33e-4884-81c1-d42c01b1313f","poolSize":2,"checkouts":1}

      at CICLogger.info (src/lib/logger.ts:19:13)

  console.log
    {"level":"INFO","event":"warm_pool.checkout","sessionId":"8a96be8f-d0cc-4522-af3c-41d205d178f1","poolSize":1,"checkouts":2}

      at CICLogger.info (src/lib/logger.ts:19:13)

  console.log
    {"level":"INFO","event":"warm_pool.checkout","sessionId":"dc638578-65d0-49d7-bbe6-8ab0eff4e066","poolSize":0,"checkouts":3}

      at CICLogger.info (src/lib/logger.ts:19:13)

  console.log
    {"level":"INFO","event":"warm_pool.draining","poolSize":0}

      at CICLogger.info (src/lib/logger.ts:19:13)

  console.log
    {"level":"INFO","event":"warm_pool.drained"}

      at CICLogger.info (src/lib/logger.ts:19:13)

  console.log
    {"level":"INFO","event":"warm_pool.init","targetSize":3}

      at CICLogger.info (src/lib/logger.ts:19:13)

  console.log
    {"level":"INFO","event":"warm_pool.spawn","sessionId":"134c7644-326d-4d66-8362-d9f9e04a31d8","poolSize":1,"totalSpawned":1}

      at CICLogger.info (src/lib/logger.ts:19:13)
          at async Promise.all (index 0)

  console.log
    {"level":"INFO","event":"warm_pool.spawn","sessionId":"40c002fc-498a-4e16-8e7c-b03a29ad6d8e","poolSize":2,"totalSpawned":2}

      at CICLogger.info (src/lib/logger.ts:19:13)
          at async Promise.all (index 1)

  console.log
    {"level":"INFO","event":"warm_pool.spawn","sessionId":"1a0aa754-0cc5-46ce-80d0-4bb0871066d2","poolSize":3,"totalSpawned":3}

      at CICLogger.info (src/lib/logger.ts:19:13)
          at async Promise.all (index 2)

  console.log
    {"level":"INFO","event":"warm_pool.health_check_started","intervalMs":30000}

      at CICLogger.info (src/lib/logger.ts:19:13)

  console.log
    {"level":"INFO","event":"warm_pool.initialized","poolSize":3}

      at CICLogger.info (src/lib/logger.ts:19:13)

  console.log
    {"level":"INFO","event":"warm_pool.checkout","sessionId":"134c7644-326d-4d66-8362-d9f9e04a31d8","poolSize":2,"checkouts":1}

      at CICLogger.info (src/lib/logger.ts:19:13)

  console.warn
    {"level":"WARN","event":"warm_pool.recycle_unhealthy","sessionId":"134c7644-326d-4d66-8362-d9f9e04a31d8","errorCount":0}

    [0m [90m 21 |[39m
     [90m 22 |[39m   warn(event[33m:[39m string[33m,[39m context[33m?[39m[33m:[39m [33mLogContext[39m)[33m:[39m [36mvoid[39m {
    [31m[1m>[22m[39m[90m 23 |[39m     console[33m.[39mwarn([33mJSON[39m[33m.[39mstringify({ level[33m:[39m [32m"WARN"[39m[33m,[39m event[33m,[39m [33m...[39mcontext }))
     [90m    |[39m             [31m[1m^[22m[39m
     [90m 24 |[39m   }
     [90m 25 |[39m
     [90m 26 |[39m   error(event[33m:[39m string[33m,[39m context[33m?[39m[33m:[39m [33mLogContext[39m)[33m:[39m [36mvoid[39m {[0m

      at CICLogger.warn (src/lib/logger.ts:23:13)
      at WarmPoolManager.checkin (src/extractors/browser/WarmPoolManager.ts:161:14)
      at Object.<anonymous> (src/extractors/browser/WarmPoolManager.test.ts:426:21)

  console.log
    {"level":"INFO","event":"warm_pool.spawn","sessionId":"f2f9e773-c81b-41a0-98b5-49b42b5a42c9","poolSize":3,"totalSpawned":4}

      at CICLogger.info (src/lib/logger.ts:19:13)

  console.log
    {"level":"INFO","event":"warm_pool.draining","poolSize":3}

      at CICLogger.info (src/lib/logger.ts:19:13)

  console.log
    {"level":"INFO","event":"warm_pool.drained"}

      at CICLogger.info (src/lib/logger.ts:19:13)

PASS src/extractors/browser/WarmPoolManager.test.ts
  WarmPoolManager
    init
      √ initializes pool with target size (548 ms)
      √ is idempotent (19 ms)
      √ handles spawn errors gracefully (192 ms)
    checkout
      √ returns healthy session from pool (27 ms)
      √ removes session from pool on checkout (45 ms)
      √ increments checkout count (104 ms)
      √ waits when pool is empty (174 ms)
      √ times out when pool remains empty (199 ms)
    checkin
      √ returns healthy session to pool (13 ms)
      √ increments checkin count (14 ms)
      √ closes and replaces unhealthy session (24 ms)
      √ updates lastUsedAt on checkin (25 ms)
    recordNavigation
      √ increments navigation count on success (55 ms)
      √ tracks latency on success (12 ms)
      √ increments error count on failure (15 ms)
      √ marks session unhealthy after 3 errors (23 ms)
      √ marks session unhealthy after max navigations (13 ms)
      √ keeps only last 10 latencies (14 ms)
      √ increments total navigations metric (12 ms)
    metrics
      √ reports pool size (13 ms)
      √ reports healthy and unhealthy counts (12 ms)
      √ calculates average latency (24 ms)
      √ reports spawn and recycle counts (11 ms)
    health check
      √ replaces unresponsive sessions (6 ms)
    drain
      √ closes all sessions (13 ms)
      √ clears pool (11 ms)
      √ handles close errors gracefully (65 ms)
      √ closes all sessions (20 ms)
      √ clears pool (10 ms)
      √ handles close errors gracefully (18 ms)
    integration
      √ checkout → recordNavigation → checkin cycle (15 ms)
      √ handles multiple concurrent checkouts (16 ms)
      √ maintains pool size after recycles (125 ms)
      √ checkout → recordNavigation → checkin cycle (12 ms)
      √ handles multiple concurrent checkouts (19 ms)
      √ maintains pool size after recycles (150 ms)

  console.error
    Error: Error: Response for preflight has invalid HTTP status code 301
        at Object.dispatchError (C:\dev\node_modules\jsdom\lib\jsdom\living\xhr\xhr-utils.js:62:19)
        at EventEmitter.<anonymous> (C:\dev\node_modules\jsdom\lib\jsdom\living\xhr\XMLHttpRequest-impl.js:655:18)
        at EventEmitter.emit (node:events:520:35)
        at Request.<anonymous> (C:\dev\node_modules\jsdom\lib\jsdom\living\xhr\xhr-utils.js:349:16)
        at Request.emit (node:events:508:28)
        at Request._processResponse (C:\dev\node_modules\jsdom\lib\jsdom\living\helpers\http-request.js:240:12)
        at ClientRequest.<anonymous> (C:\dev\node_modules\jsdom\lib\jsdom\living\helpers\http-request.js:107:12)
        at Object.onceWrapper (node:events:623:26)
        at ClientRequest.emit (node:events:508:28)
        at HTTPParser.parserOnIncomingClient [as onIncoming] (node:_http_client:780:27)
        at HTTPParser.parserOnHeadersComplete (node:_http_common:125:17)
        at TLSSocket.socketOnData (node:_http_client:615:22)
        at TLSSocket.emit (node:events:508:28)
        at addChunk (node:internal/streams/readable:563:12)
        at readableAddChunkPushByteMode (node:internal/streams/readable:514:3)
        at TLSSocket.Readable.push (node:internal/streams/readable:394:5)
        at TLSWrap.onStreamRead (node:internal/stream_base_commons:189:23) {
      type: 'XMLHttpRequest'
    }

      at VirtualConsole.<anonymous> (node_modules/@jest/environment-jsdom-abstract/build/index.js:87:23)
      at Object.dispatchError (node_modules/jsdom/lib/jsdom/living/xhr/xhr-utils.js:65:53)
      at EventEmitter.<anonymous> (node_modules/jsdom/lib/jsdom/living/xhr/XMLHttpRequest-impl.js:655:18)
      at Request.<anonymous> (node_modules/jsdom/lib/jsdom/living/xhr/xhr-utils.js:349:16)
      at Request._processResponse (node_modules/jsdom/lib/jsdom/living/helpers/http-request.js:240:12)
      at ClientRequest.<anonymous> (node_modules/jsdom/lib/jsdom/living/helpers/http-request.js:107:12)

  console.log
    [CIC] browser.open.start | 877f5c86-7f30-4aa4-b064-5947c7ea9159 | info

      at cic-ingestion/src/extractors/sweeper/SweeperFallbackRouter.ts:380:17

  console.log
    [DLQ] restaurant | https://example-restaurant.com | ALL_METHODS_FAILED

      at SweeperFallbackRouter.routeToDLQ (cic-ingestion/src/extractors/sweeper/SweeperFallbackRouter.ts:351:13)

  console.log
    [CIC] browser.open.start | 0f83b5c9-ecf9-4262-aab8-d9fb0f5e6fa6 | info

      at cic-ingestion/src/extractors/sweeper/SweeperFallbackRouter.ts:380:17

  console.error
    Error: Error: getaddrinfo ENOTFOUND fail.invalid
        at Object.dispatchError (C:\dev\node_modules\jsdom\lib\jsdom\living\xhr\xhr-utils.js:62:19)
        at EventEmitter.<anonymous> (C:\dev\node_modules\jsdom\lib\jsdom\living\xhr\XMLHttpRequest-impl.js:655:18)
        at EventEmitter.emit (node:events:520:35)
        at Request.<anonymous> (C:\dev\node_modules\jsdom\lib\jsdom\living\xhr\xhr-utils.js:380:14)
        at Request.emit (node:events:508:28)
        at ClientRequest.<anonymous> (C:\dev\node_modules\jsdom\lib\jsdom\living\helpers\http-request.js:127:14)
        at ClientRequest.emit (node:events:508:28)
        at emitErrorEvent (node:_http_client:108:11)
        at TLSSocket.socketErrorListener (node:_http_client:575:5)
        at TLSSocket.emit (node:events:508:28)
        at emitErrorNT (node:internal/streams/destroy:170:8)
        at emitErrorCloseNT (node:internal/streams/destroy:129:3)
        at processTicksAndRejections (node:internal/process/task_queues:90:21) {
      type: 'XMLHttpRequest'
    }

      at VirtualConsole.<anonymous> (node_modules/@jest/environment-jsdom-abstract/build/index.js:87:23)
      at Object.dispatchError (node_modules/jsdom/lib/jsdom/living/xhr/xhr-utils.js:65:53)
      at EventEmitter.<anonymous> (node_modules/jsdom/lib/jsdom/living/xhr/XMLHttpRequest-impl.js:655:18)
      at Request.<anonymous> (node_modules/jsdom/lib/jsdom/living/xhr/xhr-utils.js:380:14)
      at ClientRequest.<anonymous> (node_modules/jsdom/lib/jsdom/living/helpers/http-request.js:127:14)

  console.log
    [DLQ] dental | https://fail.invalid | BROWSER_FAILED

      at SweeperFallbackRouter.routeToDLQ (cic-ingestion/src/extractors/sweeper/SweeperFallbackRouter.ts:351:13)

  console.log
    [CIC] browser.open.start | 7e801fdc-9810-4a81-8cec-994b083db75a | info

      at cic-ingestion/src/extractors/sweeper/SweeperFallbackRouter.ts:380:17

  console.error
    Error: Error: getaddrinfo ENOTFOUND fail.invalid
        at Object.dispatchError (C:\dev\node_modules\jsdom\lib\jsdom\living\xhr\xhr-utils.js:62:19)
        at EventEmitter.<anonymous> (C:\dev\node_modules\jsdom\lib\jsdom\living\xhr\XMLHttpRequest-impl.js:655:18)
        at EventEmitter.emit (node:events:520:35)
        at Request.<anonymous> (C:\dev\node_modules\jsdom\lib\jsdom\living\xhr\xhr-utils.js:380:14)
        at Request.emit (node:events:508:28)
        at ClientRequest.<anonymous> (C:\dev\node_modules\jsdom\lib\jsdom\living\helpers\http-request.js:127:14)
        at ClientRequest.emit (node:events:508:28)
        at emitErrorEvent (node:_http_client:108:11)
        at TLSSocket.socketErrorListener (node:_http_client:575:5)
        at TLSSocket.emit (node:events:508:28)
        at emitErrorNT (node:internal/streams/destroy:170:8)
        at emitErrorCloseNT (node:internal/streams/destroy:129:3)
        at processTicksAndRejections (node:internal/process/task_queues:90:21) {
      type: 'XMLHttpRequest'
    }

      at VirtualConsole.<anonymous> (node_modules/@jest/environment-jsdom-abstract/build/index.js:87:23)
      at Object.dispatchError (node_modules/jsdom/lib/jsdom/living/xhr/xhr-utils.js:65:53)
      at EventEmitter.<anonymous> (node_modules/jsdom/lib/jsdom/living/xhr/XMLHttpRequest-impl.js:655:18)
      at Request.<anonymous> (node_modules/jsdom/lib/jsdom/living/xhr/xhr-utils.js:380:14)
      at ClientRequest.<anonymous> (node_modules/jsdom/lib/jsdom/living/helpers/http-request.js:127:14)

  console.log
    [DLQ] dental | https://fail.invalid | BROWSER_FAILED

      at SweeperFallbackRouter.routeToDLQ (cic-ingestion/src/extractors/sweeper/SweeperFallbackRouter.ts:351:13)

  console.log
    [CIC] browser.open.start | b0adb630-6aa5-4867-a866-9e9014d20246 | info

      at cic-ingestion/src/extractors/sweeper/SweeperFallbackRouter.ts:380:17

  console.error
    Error: Error: Response for preflight has invalid HTTP status code 405
        at Object.dispatchError (C:\dev\node_modules\jsdom\lib\jsdom\living\xhr\xhr-utils.js:62:19)
        at EventEmitter.<anonymous> (C:\dev\node_modules\jsdom\lib\jsdom\living\xhr\XMLHttpRequest-impl.js:655:18)
        at EventEmitter.emit (node:events:520:35)
        at Request.<anonymous> (C:\dev\node_modules\jsdom\lib\jsdom\living\xhr\xhr-utils.js:349:16)
        at Request.emit (node:events:508:28)
        at Request._processResponse (C:\dev\node_modules\jsdom\lib\jsdom\living\helpers\http-request.js:240:12)
        at ClientRequest.<anonymous> (C:\dev\node_modules\jsdom\lib\jsdom\living\helpers\http-request.js:107:12)
        at Object.onceWrapper (node:events:623:26)
        at ClientRequest.emit (node:events:508:28)
        at HTTPParser.parserOnIncomingClient [as onIncoming] (node:_http_client:780:27)
        at HTTPParser.parserOnHeadersComplete (node:_http_common:125:17)
        at TLSSocket.socketOnData (node:_http_client:615:22)
        at TLSSocket.emit (node:events:508:28)
        at addChunk (node:internal/streams/readable:563:12)
        at readableAddChunkPushByteMode (node:internal/streams/readable:514:3)
        at TLSSocket.Readable.push (node:internal/streams/readable:394:5)
        at TLSWrap.onStreamRead (node:internal/stream_base_commons:189:23) {
      type: 'XMLHttpRequest'
    }

      at VirtualConsole.<anonymous> (node_modules/@jest/environment-jsdom-abstract/build/index.js:87:23)
      at Object.dispatchError (node_modules/jsdom/lib/jsdom/living/xhr/xhr-utils.js:65:53)
      at EventEmitter.<anonymous> (node_modules/jsdom/lib/jsdom/living/xhr/XMLHttpRequest-impl.js:655:18)
      at Request.<anonymous> (node_modules/jsdom/lib/jsdom/living/xhr/xhr-utils.js:349:16)
      at Request._processResponse (node_modules/jsdom/lib/jsdom/living/helpers/http-request.js:240:12)
      at ClientRequest.<anonymous> (node_modules/jsdom/lib/jsdom/living/helpers/http-request.js:107:12)

  console.log
    [DLQ] dental | https://example.com | BROWSER_FAILED

      at SweeperFallbackRouter.routeToDLQ (cic-ingestion/src/extractors/sweeper/SweeperFallbackRouter.ts:351:13)

  console.log
    [CIC] browser.open.start | 276a9a09-f449-4c77-99c6-3c298b0b666e | info

      at cic-ingestion/src/extractors/sweeper/SweeperFallbackRouter.ts:380:17

  console.error
    Error: Error: Response for preflight has invalid HTTP status code 405
        at Object.dispatchError (C:\dev\node_modules\jsdom\lib\jsdom\living\xhr\xhr-utils.js:62:19)
        at EventEmitter.<anonymous> (C:\dev\node_modules\jsdom\lib\jsdom\living\xhr\XMLHttpRequest-impl.js:655:18)
        at EventEmitter.emit (node:events:520:35)
        at Request.<anonymous> (C:\dev\node_modules\jsdom\lib\jsdom\living\xhr\xhr-utils.js:349:16)
        at Request.emit (node:events:508:28)
        at Request._processResponse (C:\dev\node_modules\jsdom\lib\jsdom\living\helpers\http-request.js:240:12)
        at ClientRequest.<anonymous> (C:\dev\node_modules\jsdom\lib\jsdom\living\helpers\http-request.js:107:12)
        at Object.onceWrapper (node:events:623:26)
        at ClientRequest.emit (node:events:508:28)
        at HTTPParser.parserOnIncomingClient [as onIncoming] (node:_http_client:780:27)
        at HTTPParser.parserOnHeadersComplete (node:_http_common:125:17)
        at TLSSocket.socketOnData (node:_http_client:615:22)
        at TLSSocket.emit (node:events:508:28)
        at addChunk (node:internal/streams/readable:563:12)
        at readableAddChunkPushByteMode (node:internal/streams/readable:514:3)
        at TLSSocket.Readable.push (node:internal/streams/readable:394:5)
        at TLSWrap.onStreamRead (node:internal/stream_base_commons:189:23) {
      type: 'XMLHttpRequest'
    }

      at VirtualConsole.<anonymous> (node_modules/@jest/environment-jsdom-abstract/build/index.js:87:23)
      at Object.dispatchError (node_modules/jsdom/lib/jsdom/living/xhr/xhr-utils.js:65:53)
      at EventEmitter.<anonymous> (node_modules/jsdom/lib/jsdom/living/xhr/XMLHttpRequest-impl.js:655:18)
      at Request.<anonymous> (node_modules/jsdom/lib/jsdom/living/xhr/xhr-utils.js:349:16)
      at Request._processResponse (node_modules/jsdom/lib/jsdom/living/helpers/http-request.js:240:12)
      at ClientRequest.<anonymous> (node_modules/jsdom/lib/jsdom/living/helpers/http-request.js:107:12)

  console.log
    [DLQ] dental | https://example.com | BROWSER_FAILED

      at SweeperFallbackRouter.routeToDLQ (cic-ingestion/src/extractors/sweeper/SweeperFallbackRouter.ts:351:13)

PASS cic-ingestion/src/extractors/sweeper/SweeperFallbackRouter.test.ts (5.994 s)
  SweeperFallbackRouter
    vertical detection
      √ detects DENTAL vertical (428 ms)
      √ detects MEDSPA vertical (58 ms)
      √ detects AGENCY vertical (475 ms)
      √ detects RESTAURANT vertical (619 ms)
      √ detects TRADES vertical (37 ms)
    routing strategy
      √ uses browser-first strategy for high-JS verticals (50 ms)
      √ uses html-first strategy for low-JS verticals (542 ms)
    ingestion result structure
      √ returns IngestionResult with all required fields (113 ms)
      √ records duration (86 ms)
    DLQ routing
      √ routes failed ingestions to DLQ (65 ms)
      √ stores DLQ entries (103 ms)
      √ DLQ entries contain error code and message (41 ms)
      √ clears DLQ (22 ms)
    metrics tracking
      √ tracks routing metrics by vertical (61 ms)
      √ tracks attempts and successes (37 ms)
    vertical classification
      √ classifies high-JS verticals (2 ms)
      √ classifies low-JS verticals (1 ms)
    fallback behavior
      √ marks fallback attempts in metadata (543 ms)
    error handling
      √ sets errorCode on failure (13 ms)
      √ sets errorMessage on failure (12 ms)
    ingestion methods
      √ uses correct method in result (122 ms)
      √ tracks method in metadata (71 ms)

{"level":"INFO","time":"2026-06-22T22:17:37.762Z","pid":26164,"hostname":"LAPTOP-66OOGH2M","component":"bookstack","action":"shelf.upsert","status":"success","meta":{"adapter":"bookstack","operation":"shelf.upsert","payload":{"shelf_id":"CIC-AdapterLayer","name":"Adapter Layer"}},"level":"info"}
{"level":"INFO","time":"2026-06-22T22:17:37.825Z","pid":26164,"hostname":"LAPTOP-66OOGH2M","component":"bookstack","action":"page.upsert","status":"success","meta":{"adapter":"bookstack","operation":"page.upsert","payload":{"chapter_id":"Component-Test","page_id":"Artifact-contract","title":"Contract","content":"Hello world"}},"level":"info"}
{"level":"INFO","time":"2026-06-22T22:17:37.863Z","pid":26164,"hostname":"LAPTOP-66OOGH2M","component":"bookstack","action":"page.get","status":"success","meta":{"adapter":"bookstack","operation":"page.get","payload":{"page_id":"Artifact-contract"}},"level":"info"}
{"level":"INFO","time":"2026-06-22T22:17:37.898Z","pid":26164,"hostname":"LAPTOP-66OOGH2M","component":"bookstack","action":"search","status":"success","meta":{"adapter":"bookstack","operation":"search","payload":{"q":"hello"}},"level":"info"}
{"level":"INFO","time":"2026-06-22T22:17:37.966Z","pid":26164,"hostname":"LAPTOP-66OOGH2M","component":"bookstack","action":"health","status":"success","meta":{"adapter":"bookstack","operation":"health","payload":{}},"level":"info"}
PASS src/adapters/__tests__/BookStackAdapter.test.ts (5.249 s)
  BookStackAdapter
    √ upsertShelf succeeds (406 ms)
    √ upsertPage validates content (1 ms)
    √ getPage returns stored page (68 ms)
    √ search returns matching pages (44 ms)
    √ health returns ok (65 ms)

{"level":"INFO","time":"2026-06-22T22:17:38.017Z","pid":14084,"hostname":"LAPTOP-66OOGH2M","component":"bookstack","action":"shelf.upsert","status":"success","meta":{"adapter":"bookstack","operation":"shelf.upsert","payload":{"shelf_id":"CIC-AdapterLayer","name":"Adapter Layer"}},"level":"info"}
{"level":"INFO","time":"2026-06-22T22:17:38.110Z","pid":14084,"hostname":"LAPTOP-66OOGH2M","component":"bookstack","action":"book.upsert","status":"success","meta":{"adapter":"bookstack","operation":"book.upsert","payload":{"shelf_id":"CIC-AdapterLayer","book_id":"Phase-27","name":"Phase 27"}},"level":"info"}
{"level":"INFO","time":"2026-06-22T22:17:38.255Z","pid":14084,"hostname":"LAPTOP-66OOGH2M","component":"bookstack","action":"chapter.upsert","status":"success","meta":{"adapter":"bookstack","operation":"chapter.upsert","payload":{"book_id":"Phase-27","chapter_id":"Component-TorqueQuery","name":"TorqueQuery"}},"level":"info"}
{"level":"INFO","time":"2026-06-22T22:17:38.285Z","pid":14084,"hostname":"LAPTOP-66OOGH2M","component":"bookstack","action":"page.upsert","status":"success","meta":{"adapter":"bookstack","operation":"page.upsert","payload":{"chapter_id":"Component-TorqueQuery","page_id":"Artifact-sop","title":"TorqueQuery SOP","content":"Step 1: Do X","metadata":{"phase":27,"commit":"abc123","generated_by":"CIC-Agent","timestamp":"2026-06-21T22:31:00Z"}}},"level":"info"}
PASS src/integration/bookstack.integration.test.ts (5.646 s)
  pipeline.bookstack.sync
    √ sync pipeline publishes artifacts deterministically (2133 ms)
    √ pipeline triggers TorqueQuery reindex (1 ms)

PASS cic-ingestion/src/aperture/__tests__/adapters.test.ts (6.376 s)
  Phase A: Tool Execution - Adapters
    FileReadAdapter
      √ should read file from sandbox (114 ms)
      √ should respect encoding parameter (117 ms)
      √ should reject path traversal attempts (221 ms)
      √ should reject missing path parameter (51 ms)
      √ should handle file not found (45 ms)
      √ should include file metadata in response (139 ms)
    FileWriteAdapter
      √ should write file to sandbox (268 ms)
      √ should create parent directories if needed (592 ms)
      √ should reject path traversal in write (22 ms)
      √ should handle large file writes (60 ms)
      √ should fail if missing required path parameter (42 ms)
      √ should fail if missing required data parameter (31 ms)
    HttpGetAdapter
      √ should reject domains not in allowlist (22 ms)
      √ should reject invalid URL (11 ms)
      √ should fail without required URL parameter (16 ms)
    HttpPostAdapter
      √ should reject domains not in allowlist (21 ms)
      √ should fail without required URL (23 ms)
      √ should fail without required body (26 ms)
    ShellExecAdapter
      √ should execute shell command (207 ms)
      √ should capture stdout and stderr (155 ms)
      √ should capture non-zero exit codes (95 ms)
      √ should support simple shell commands (66 ms)
      √ should reject missing command parameter (8 ms)

PASS cic/src/adapters/__tests__/FileWriteAdapter.functional.test.ts (5.418 s)
  FileWriteAdapter – Phase 27.3 Functional
    A. Path Safety
      √ FS-01: reject absolute path (/etc/passwd) (13 ms)
      √ FS-02: reject traversal (../../escape.txt) (13 ms)
      √ FS-03: reject mixed traversal (foo/../../bar) (2 ms)
      √ FS-04: normalize slashes (foo//bar///baz.txt) (103 ms)
      √ FS-05: nested dirs (a/b/c/d/e.txt) (113 ms)
      √ FS-06: reject empty filename (6 ms)
      √ FS-07: reject path is directory (foo/bar/) (2 ms)
      √ FS-08: unicode path (unicøde/тест.txt) (97 ms)
    B. Write Behavior
      √ WB-01: simple write (hello) (67 ms)
      √ WB-02: overwrite existing (38 ms)
      √ WB-03: binary payload (Buffer) (25 ms)
      √ WB-04: zero-byte write (empty string) (38 ms)
      √ WB-05: large write 1MB (72 ms)
      √ WB-06: large write 10MB (105 ms)
    C. Policy Timeouts
      √ PT-01: fast write within timeout (35 ms)
      √ PT-02: timeout when payload generation delays (53 ms)
      √ PT-03: no delay, short policy timeout still succeeds (47 ms)
      √ PT-04: response includes durationMs (64 ms)
    D. Error Surfaces
      √ ER-01: invalid payload type (number) (10 ms)
      √ ER-02: missing payload (null) (18 ms)
      √ ER-03: error response has errorType and message (16 ms)
      √ ER-04: timeout response includes both durationMs and policyTimeoutMs (20 ms)
      √ ER-05: success response includes all required fields (21 ms)
    E. Sandbox Cleanup
      √ SC-01: sandbox directory cleaned after success (164 ms)
      √ SC-02: sandbox directory cleaned after error (132 ms)
      √ SC-03: sandbox directory cleaned after timeout (110 ms)

  console.log
    {"level":"INFO","event":"warm_pool.init","targetSize":3}

      at CICLogger.info (cic/src/lib/logger.ts:19:13)

  console.log
    {"level":"INFO","event":"warm_pool.spawn","sessionId":"87193cd1-df60-4c41-8e78-42add8f70de1","poolSize":1,"totalSpawned":1}

      at CICLogger.info (cic/src/lib/logger.ts:19:13)
          at async Promise.all (index 0)

  console.log
    {"level":"INFO","event":"warm_pool.spawn","sessionId":"113ad044-3b55-42e0-9014-511a2becbf5e","poolSize":2,"totalSpawned":2}

      at CICLogger.info (cic/src/lib/logger.ts:19:13)
          at async Promise.all (index 1)

  console.log
    {"level":"INFO","event":"warm_pool.spawn","sessionId":"2b7bf8dd-11f8-4e26-9143-460be4e33937","poolSize":3,"totalSpawned":3}

      at CICLogger.info (cic/src/lib/logger.ts:19:13)
          at async Promise.all (index 2)

  console.log
    {"level":"INFO","event":"warm_pool.health_check_started","intervalMs":30000}

      at CICLogger.info (cic/src/lib/logger.ts:19:13)

  console.log
    {"level":"INFO","event":"warm_pool.initialized","poolSize":3}

      at CICLogger.info (cic/src/lib/logger.ts:19:13)

  console.log
    {"level":"INFO","event":"warm_pool.draining","poolSize":3}

      at CICLogger.info (cic/src/lib/logger.ts:19:13)

  console.log
    {"level":"INFO","event":"warm_pool.drained"}

      at CICLogger.info (cic/src/lib/logger.ts:19:13)

  console.log
    {"level":"INFO","event":"warm_pool.init","targetSize":3}

      at CICLogger.info (cic/src/lib/logger.ts:19:13)

  console.log
    {"level":"INFO","event":"warm_pool.spawn","sessionId":"13ed3b9d-c429-446f-94f6-714708b858e1","poolSize":1,"totalSpawned":1}

      at CICLogger.info (cic/src/lib/logger.ts:19:13)
          at async Promise.all (index 0)

  console.log
    {"level":"INFO","event":"warm_pool.spawn","sessionId":"0452a6ed-5fd6-45ba-a48b-1c8d36fd182c","poolSize":2,"totalSpawned":2}

      at CICLogger.info (cic/src/lib/logger.ts:19:13)
          at async Promise.all (index 1)

  console.log
    {"level":"INFO","event":"warm_pool.spawn","sessionId":"0d050f97-e4de-4c01-aae9-bb786a47385d","poolSize":3,"totalSpawned":3}

      at CICLogger.info (cic/src/lib/logger.ts:19:13)
          at async Promise.all (index 2)

  console.log
    {"level":"INFO","event":"warm_pool.health_check_started","intervalMs":30000}

      at CICLogger.info (cic/src/lib/logger.ts:19:13)

  console.log
    {"level":"INFO","event":"warm_pool.initialized","poolSize":3}

      at CICLogger.info (cic/src/lib/logger.ts:19:13)

  console.log
    {"level":"INFO","event":"warm_pool.draining","poolSize":3}

      at CICLogger.info (cic/src/lib/logger.ts:19:13)

  console.log
    {"level":"INFO","event":"warm_pool.drained"}

      at CICLogger.info (cic/src/lib/logger.ts:19:13)

  console.log
    {"level":"INFO","event":"warm_pool.init","targetSize":3}

      at CICLogger.info (cic/src/lib/logger.ts:19:13)

  console.error
    {"level":"ERROR","event":"warm_pool.spawn_error","error":"Error: Launch failed"}

    [0m [90m 25 |[39m
     [90m 26 |[39m   error(event[33m:[39m string[33m,[39m context[33m?[39m[33m:[39m [33mLogContext[39m)[33m:[39m [36mvoid[39m {
    [31m[1m>[22m[39m[90m 27 |[39m     console[33m.[39merror([33mJSON[39m[33m.[39mstringify({ level[33m:[39m [32m"ERROR"[39m[33m,[39m event[33m,[39m [33m...[39mcontext }))
     [90m    |[39m             [31m[1m^[22m[39m
     [90m 28 |[39m   }
     [90m 29 |[39m
     [90m 30 |[39m   debug(event[33m:[39m string[33m,[39m context[33m?[39m[33m:[39m [33mLogContext[39m)[33m:[39m [36mvoid[39m {[0m

      at CICLogger.error (cic/src/lib/logger.ts:27:13)
      at WarmPoolManager.spawnSession (cic/src/extractors/browser/WarmPoolManager.ts:107:14)
          at async Promise.all (index 0)
      at WarmPoolManager.init (cic/src/extractors/browser/WarmPoolManager.ts:68:7)
      at Object.<anonymous> (cic/src/extractors/browser/WarmPoolManager.test.ts:49:7)

  console.log
    {"level":"INFO","event":"warm_pool.spawn","sessionId":"332eb37a-3c1b-4773-a44c-077af6325dc6","poolSize":1,"totalSpawned":1}

      at CICLogger.info (cic/src/lib/logger.ts:19:13)
          at async Promise.all (index 1)

  console.log
    {"level":"INFO","event":"warm_pool.spawn","sessionId":"6b8b5447-6eb0-4219-878a-adccf4c541cc","poolSize":2,"totalSpawned":2}

      at CICLogger.info (cic/src/lib/logger.ts:19:13)
          at async Promise.all (index 2)

  console.error
    {"level":"ERROR","event":"warm_pool.init_error","error":"Error: Launch failed"}

    [0m [90m 25 |[39m
     [90m 26 |[39m   error(event[33m:[39m string[33m,[39m context[33m?[39m[33m:[39m [33mLogContext[39m)[33m:[39m [36mvoid[39m {
    [31m[1m>[22m[39m[90m 27 |[39m     console[33m.[39merror([33mJSON[39m[33m.[39mstringify({ level[33m:[39m [32m"ERROR"[39m[33m,[39m event[33m,[39m [33m...[39mcontext }))
     [90m    |[39m             [31m[1m^[22m[39m
     [90m 28 |[39m   }
     [90m 29 |[39m
     [90m 30 |[39m   debug(event[33m:[39m string[33m,[39m context[33m?[39m[33m:[39m [33mLogContext[39m)[33m:[39m [36mvoid[39m {[0m

      at CICLogger.error (cic/src/lib/logger.ts:27:13)
      at WarmPoolManager.init (cic/src/extractors/browser/WarmPoolManager.ts:76:14)
      at Object.<anonymous> (cic/src/extractors/browser/WarmPoolManager.test.ts:49:7)

  console.log
    {"level":"INFO","event":"warm_pool.draining","poolSize":2}

      at CICLogger.info (cic/src/lib/logger.ts:19:13)

  console.log
    {"level":"INFO","event":"warm_pool.drained"}

      at CICLogger.info (cic/src/lib/logger.ts:19:13)

  console.log
    {"level":"INFO","event":"warm_pool.init","targetSize":3}

      at CICLogger.info (cic/src/lib/logger.ts:19:13)

  console.log
    {"level":"INFO","event":"warm_pool.spawn","sessionId":"1b707321-e04b-4093-94d9-3f901f69134d","poolSize":1,"totalSpawned":1}

      at CICLogger.info (cic/src/lib/logger.ts:19:13)
          at async Promise.all (index 0)

  console.log
    {"level":"INFO","event":"warm_pool.spawn","sessionId":"65dedce7-fe46-4630-8251-86a650996b3f","poolSize":2,"totalSpawned":2}

      at CICLogger.info (cic/src/lib/logger.ts:19:13)
          at async Promise.all (index 1)

  console.log
    {"level":"INFO","event":"warm_pool.spawn","sessionId":"53862b54-3489-4e7b-a492-69220f6db261","poolSize":3,"totalSpawned":3}

      at CICLogger.info (cic/src/lib/logger.ts:19:13)
          at async Promise.all (index 2)

  console.log
    {"level":"INFO","event":"warm_pool.health_check_started","intervalMs":30000}

      at CICLogger.info (cic/src/lib/logger.ts:19:13)

  console.log
    {"level":"INFO","event":"warm_pool.initialized","poolSize":3}

      at CICLogger.info (cic/src/lib/logger.ts:19:13)

  console.log
    {"level":"INFO","event":"warm_pool.checkout","sessionId":"1b707321-e04b-4093-94d9-3f901f69134d","poolSize":2,"checkouts":1}

      at CICLogger.info (cic/src/lib/logger.ts:19:13)

  console.log
    {"level":"INFO","event":"warm_pool.draining","poolSize":2}

      at CICLogger.info (cic/src/lib/logger.ts:19:13)

  console.log
    {"level":"INFO","event":"warm_pool.drained"}

      at CICLogger.info (cic/src/lib/logger.ts:19:13)

  console.log
    {"level":"INFO","event":"warm_pool.init","targetSize":3}

      at CICLogger.info (cic/src/lib/logger.ts:19:13)

  console.log
    {"level":"INFO","event":"warm_pool.spawn","sessionId":"dedf4374-93bd-4d20-95b7-c0f3a40da4c9","poolSize":1,"totalSpawned":1}

      at CICLogger.info (cic/src/lib/logger.ts:19:13)
          at async Promise.all (index 0)

  console.log
    {"level":"INFO","event":"warm_pool.spawn","sessionId":"4eb73e43-5a29-4014-9bd7-209dd6f07427","poolSize":2,"totalSpawned":2}

      at CICLogger.info (cic/src/lib/logger.ts:19:13)
          at async Promise.all (index 1)

  console.log
    {"level":"INFO","event":"warm_pool.spawn","sessionId":"13e3a211-e269-4ab6-93d0-13ca723fb3e4","poolSize":3,"totalSpawned":3}

      at CICLogger.info (cic/src/lib/logger.ts:19:13)
          at async Promise.all (index 2)

  console.log
    {"level":"INFO","event":"warm_pool.health_check_started","intervalMs":30000}

      at CICLogger.info (cic/src/lib/logger.ts:19:13)

  console.log
    {"level":"INFO","event":"warm_pool.initialized","poolSize":3}

      at CICLogger.info (cic/src/lib/logger.ts:19:13)

  console.log
    {"level":"INFO","event":"warm_pool.checkout","sessionId":"dedf4374-93bd-4d20-95b7-c0f3a40da4c9","poolSize":2,"checkouts":1}

      at CICLogger.info (cic/src/lib/logger.ts:19:13)

  console.log
    {"level":"INFO","event":"warm_pool.draining","poolSize":2}

      at CICLogger.info (cic/src/lib/logger.ts:19:13)

  console.log
    {"level":"INFO","event":"warm_pool.drained"}

      at CICLogger.info (cic/src/lib/logger.ts:19:13)

  console.log
    {"level":"INFO","event":"warm_pool.init","targetSize":3}

      at CICLogger.info (cic/src/lib/logger.ts:19:13)

  console.log
    {"level":"INFO","event":"warm_pool.spawn","sessionId":"fa546c48-699c-4cba-808a-caf055d9697b","poolSize":1,"totalSpawned":1}

      at CICLogger.info (cic/src/lib/logger.ts:19:13)
          at async Promise.all (index 0)

  console.log
    {"level":"INFO","event":"warm_pool.spawn","sessionId":"92c33afa-ad12-42bb-a57b-43af2908b262","poolSize":2,"totalSpawned":2}

      at CICLogger.info (cic/src/lib/logger.ts:19:13)
          at async Promise.all (index 1)

  console.log
    {"level":"INFO","event":"warm_pool.spawn","sessionId":"05889281-7385-4eb2-a65e-53cc909fbe91","poolSize":3,"totalSpawned":3}

      at CICLogger.info (cic/src/lib/logger.ts:19:13)
          at async Promise.all (index 2)

  console.log
    {"level":"INFO","event":"warm_pool.health_check_started","intervalMs":30000}

      at CICLogger.info (cic/src/lib/logger.ts:19:13)

  console.log
    {"level":"INFO","event":"warm_pool.initialized","poolSize":3}

      at CICLogger.info (cic/src/lib/logger.ts:19:13)

  console.log
    {"level":"INFO","event":"warm_pool.checkout","sessionId":"fa546c48-699c-4cba-808a-caf055d9697b","poolSize":2,"checkouts":1}

      at CICLogger.info (cic/src/lib/logger.ts:19:13)

  console.log
    {"level":"INFO","event":"warm_pool.draining","poolSize":2}

      at CICLogger.info (cic/src/lib/logger.ts:19:13)

  console.log
    {"level":"INFO","event":"warm_pool.drained"}

      at CICLogger.info (cic/src/lib/logger.ts:19:13)

  console.log
    {"level":"INFO","event":"warm_pool.init","targetSize":3}

      at CICLogger.info (cic/src/lib/logger.ts:19:13)

  console.log
    {"level":"INFO","event":"warm_pool.spawn","sessionId":"c8ff86ba-87cc-438a-b1a3-473a0091ddd0","poolSize":1,"totalSpawned":1}

      at CICLogger.info (cic/src/lib/logger.ts:19:13)
          at async Promise.all (index 0)

  console.log
    {"level":"INFO","event":"warm_pool.spawn","sessionId":"874033fa-10e2-43f1-a4e1-5bbeed134f27","poolSize":2,"totalSpawned":2}

      at CICLogger.info (cic/src/lib/logger.ts:19:13)
          at async Promise.all (index 1)

  console.log
    {"level":"INFO","event":"warm_pool.spawn","sessionId":"be6e0ca1-75f6-4d61-b96f-60af40e50cdc","poolSize":3,"totalSpawned":3}

      at CICLogger.info (cic/src/lib/logger.ts:19:13)
          at async Promise.all (index 2)

  console.log
    {"level":"INFO","event":"warm_pool.health_check_started","intervalMs":30000}

      at CICLogger.info (cic/src/lib/logger.ts:19:13)

  console.log
    {"level":"INFO","event":"warm_pool.initialized","poolSize":3}

      at CICLogger.info (cic/src/lib/logger.ts:19:13)

  console.log
    {"level":"INFO","event":"warm_pool.checkout","sessionId":"c8ff86ba-87cc-438a-b1a3-473a0091ddd0","poolSize":2,"checkouts":1}

      at CICLogger.info (cic/src/lib/logger.ts:19:13)

  console.log
    {"level":"INFO","event":"warm_pool.checkout","sessionId":"874033fa-10e2-43f1-a4e1-5bbeed134f27","poolSize":1,"checkouts":2}

      at CICLogger.info (cic/src/lib/logger.ts:19:13)

  console.log
    {"level":"INFO","event":"warm_pool.checkout","sessionId":"be6e0ca1-75f6-4d61-b96f-60af40e50cdc","poolSize":0,"checkouts":3}

      at CICLogger.info (cic/src/lib/logger.ts:19:13)

PASS src/tests/cic/Table.test.tsx
  Table
    √ renders without crashing (65 ms)
    √ accepts className prop (16 ms)
    √ renders children (7 ms)

  console.log
    {"level":"INFO","event":"warm_pool.checkin","sessionId":"c8ff86ba-87cc-438a-b1a3-473a0091ddd0","poolSize":1,"navigationCount":0,"checkins":1}

      at CICLogger.info (cic/src/lib/logger.ts:19:13)

  console.log
    {"level":"INFO","event":"warm_pool.checkout","sessionId":"c8ff86ba-87cc-438a-b1a3-473a0091ddd0","poolSize":0,"checkouts":4}

      at CICLogger.info (cic/src/lib/logger.ts:19:13)

  console.log
    {"level":"INFO","event":"warm_pool.draining","poolSize":0}

      at CICLogger.info (cic/src/lib/logger.ts:19:13)

  console.log
    {"level":"INFO","event":"warm_pool.drained"}

      at CICLogger.info (cic/src/lib/logger.ts:19:13)

  console.log
    {"level":"INFO","event":"warm_pool.init","targetSize":3}

      at CICLogger.info (cic/src/lib/logger.ts:19:13)

  console.log
    {"level":"INFO","event":"warm_pool.spawn","sessionId":"0da9e947-6df8-4e38-a10c-7deb8bf65393","poolSize":1,"totalSpawned":1}

      at CICLogger.info (cic/src/lib/logger.ts:19:13)
          at async Promise.all (index 0)

  console.log
    {"level":"INFO","event":"warm_pool.spawn","sessionId":"b1f6c952-ce63-4880-9bc1-94b514da4323","poolSize":2,"totalSpawned":2}

      at CICLogger.info (cic/src/lib/logger.ts:19:13)
          at async Promise.all (index 1)

  console.log
    {"level":"INFO","event":"warm_pool.spawn","sessionId":"ee1db4f5-4ed7-455b-8b87-b0c0d36f060e","poolSize":3,"totalSpawned":3}

      at CICLogger.info (cic/src/lib/logger.ts:19:13)
          at async Promise.all (index 2)

  console.log
    {"level":"INFO","event":"warm_pool.health_check_started","intervalMs":30000}

      at CICLogger.info (cic/src/lib/logger.ts:19:13)

  console.log
    {"level":"INFO","event":"warm_pool.initialized","poolSize":3}

      at CICLogger.info (cic/src/lib/logger.ts:19:13)

  console.log
    {"level":"INFO","event":"warm_pool.checkout","sessionId":"0da9e947-6df8-4e38-a10c-7deb8bf65393","poolSize":2,"checkouts":1}

      at CICLogger.info (cic/src/lib/logger.ts:19:13)

  console.log
    {"level":"INFO","event":"warm_pool.checkout","sessionId":"b1f6c952-ce63-4880-9bc1-94b514da4323","poolSize":1,"checkouts":2}

      at CICLogger.info (cic/src/lib/logger.ts:19:13)

  console.log
    {"level":"INFO","event":"warm_pool.checkout","sessionId":"ee1db4f5-4ed7-455b-8b87-b0c0d36f060e","poolSize":0,"checkouts":3}

      at CICLogger.info (cic/src/lib/logger.ts:19:13)

  console.error
    {"level":"ERROR","event":"warm_pool.checkout_timeout","poolSize":0,"timeoutMs":100}

    [0m [90m 25 |[39m
     [90m 26 |[39m   error(event[33m:[39m string[33m,[39m context[33m?[39m[33m:[39m [33mLogContext[39m)[33m:[39m [36mvoid[39m {
    [31m[1m>[22m[39m[90m 27 |[39m     console[33m.[39merror([33mJSON[39m[33m.[39mstringify({ level[33m:[39m [32m"ERROR"[39m[33m,[39m event[33m,[39m [33m...[39mcontext }))
     [90m    |[39m             [31m[1m^[22m[39m
     [90m 28 |[39m   }
     [90m 29 |[39m
     [90m 30 |[39m   debug(event[33m:[39m string[33m,[39m context[33m?[39m[33m:[39m [33mLogContext[39m)[33m:[39m [36mvoid[39m {[0m

      at CICLogger.error (cic/src/lib/logger.ts:27:13)
      at WarmPoolManager.checkout (cic/src/extractors/browser/WarmPoolManager.ts:151:12)
      at Object.<anonymous> (cic/src/extractors/browser/WarmPoolManager.test.ts:105:7)

  console.log
    {"level":"INFO","event":"warm_pool.draining","poolSize":0}

      at CICLogger.info (cic/src/lib/logger.ts:19:13)

  console.log
    {"level":"INFO","event":"warm_pool.drained"}

      at CICLogger.info (cic/src/lib/logger.ts:19:13)

  console.log
    {"level":"INFO","event":"warm_pool.init","targetSize":3}

      at CICLogger.info (cic/src/lib/logger.ts:19:13)

  console.log
    {"level":"INFO","event":"warm_pool.spawn","sessionId":"20a3d303-0927-49e5-bbc6-0185a17c9f7b","poolSize":1,"totalSpawned":1}

      at CICLogger.info (cic/src/lib/logger.ts:19:13)
          at async Promise.all (index 0)

  console.log
    {"level":"INFO","event":"warm_pool.spawn","sessionId":"2e4398cf-9ffb-4d54-b479-1b8c0065b1f4","poolSize":2,"totalSpawned":2}

      at CICLogger.info (cic/src/lib/logger.ts:19:13)
          at async Promise.all (index 1)

  console.log
    {"level":"INFO","event":"warm_pool.spawn","sessionId":"17eda105-1f24-472e-999a-2d5edd4edf37","poolSize":3,"totalSpawned":3}

      at CICLogger.info (cic/src/lib/logger.ts:19:13)
          at async Promise.all (index 2)

  console.log
    {"level":"INFO","event":"warm_pool.health_check_started","intervalMs":30000}

      at CICLogger.info (cic/src/lib/logger.ts:19:13)

  console.log
    {"level":"INFO","event":"warm_pool.initialized","poolSize":3}

      at CICLogger.info (cic/src/lib/logger.ts:19:13)

  console.log
    {"level":"INFO","event":"warm_pool.checkout","sessionId":"20a3d303-0927-49e5-bbc6-0185a17c9f7b","poolSize":2,"checkouts":1}

      at CICLogger.info (cic/src/lib/logger.ts:19:13)

  console.log
    {"level":"INFO","event":"warm_pool.checkin","sessionId":"20a3d303-0927-49e5-bbc6-0185a17c9f7b","poolSize":3,"navigationCount":0,"checkins":1}

      at CICLogger.info (cic/src/lib/logger.ts:19:13)

  console.log
    {"level":"INFO","event":"warm_pool.draining","poolSize":3}

      at CICLogger.info (cic/src/lib/logger.ts:19:13)

  console.log
    {"level":"INFO","event":"warm_pool.drained"}

      at CICLogger.info (cic/src/lib/logger.ts:19:13)

  console.log
    {"level":"INFO","event":"warm_pool.init","targetSize":3}

      at CICLogger.info (cic/src/lib/logger.ts:19:13)

  console.log
    {"level":"INFO","event":"warm_pool.spawn","sessionId":"b320e64a-cf76-4174-8d70-2f329ce5e077","poolSize":1,"totalSpawned":1}

      at CICLogger.info (cic/src/lib/logger.ts:19:13)
          at async Promise.all (index 0)

  console.log
    {"level":"INFO","event":"warm_pool.spawn","sessionId":"5abfc6e4-7a81-4d03-a67d-b84c8f2f9c62","poolSize":2,"totalSpawned":2}

      at CICLogger.info (cic/src/lib/logger.ts:19:13)
          at async Promise.all (index 1)

  console.log
    {"level":"INFO","event":"warm_pool.spawn","sessionId":"dea183bf-4607-467c-bb25-f32c98df71eb","poolSize":3,"totalSpawned":3}

      at CICLogger.info (cic/src/lib/logger.ts:19:13)
          at async Promise.all (index 2)

  console.log
    {"level":"INFO","event":"warm_pool.health_check_started","intervalMs":30000}

      at CICLogger.info (cic/src/lib/logger.ts:19:13)

  console.log
    {"level":"INFO","event":"warm_pool.initialized","poolSize":3}

      at CICLogger.info (cic/src/lib/logger.ts:19:13)

  console.log
    {"level":"INFO","event":"warm_pool.checkout","sessionId":"b320e64a-cf76-4174-8d70-2f329ce5e077","poolSize":2,"checkouts":1}

      at CICLogger.info (cic/src/lib/logger.ts:19:13)

  console.log
    {"level":"INFO","event":"warm_pool.checkin","sessionId":"b320e64a-cf76-4174-8d70-2f329ce5e077","poolSize":3,"navigationCount":0,"checkins":1}

      at CICLogger.info (cic/src/lib/logger.ts:19:13)

  console.log
    {"level":"INFO","event":"warm_pool.draining","poolSize":3}

      at CICLogger.info (cic/src/lib/logger.ts:19:13)

  console.log
    {"level":"INFO","event":"warm_pool.drained"}

      at CICLogger.info (cic/src/lib/logger.ts:19:13)

  console.log
    {"level":"INFO","event":"warm_pool.init","targetSize":3}

      at CICLogger.info (cic/src/lib/logger.ts:19:13)

  console.log
    {"level":"INFO","event":"warm_pool.spawn","sessionId":"91229add-2f6e-4f2b-a6b1-04822dd721e0","poolSize":1,"totalSpawned":1}

      at CICLogger.info (cic/src/lib/logger.ts:19:13)
          at async Promise.all (index 0)

  console.log
    {"level":"INFO","event":"warm_pool.spawn","sessionId":"f3902630-a9c7-480a-9ed5-e7c14881b9a5","poolSize":2,"totalSpawned":2}

      at CICLogger.info (cic/src/lib/logger.ts:19:13)
          at async Promise.all (index 1)

  console.log
    {"level":"INFO","event":"warm_pool.spawn","sessionId":"f71e4615-9f10-42ae-826d-c8f59c5dd728","poolSize":3,"totalSpawned":3}

      at CICLogger.info (cic/src/lib/logger.ts:19:13)
          at async Promise.all (index 2)

  console.log
    {"level":"INFO","event":"warm_pool.health_check_started","intervalMs":30000}

      at CICLogger.info (cic/src/lib/logger.ts:19:13)

  console.log
    {"level":"INFO","event":"warm_pool.initialized","poolSize":3}

      at CICLogger.info (cic/src/lib/logger.ts:19:13)

  console.log
    {"level":"INFO","event":"warm_pool.checkout","sessionId":"91229add-2f6e-4f2b-a6b1-04822dd721e0","poolSize":2,"checkouts":1}

      at CICLogger.info (cic/src/lib/logger.ts:19:13)

  console.warn
    {"level":"WARN","event":"warm_pool.recycle_unhealthy","sessionId":"91229add-2f6e-4f2b-a6b1-04822dd721e0","errorCount":0}

    [0m [90m 21 |[39m
     [90m 22 |[39m   warn(event[33m:[39m string[33m,[39m context[33m?[39m[33m:[39m [33mLogContext[39m)[33m:[39m [36mvoid[39m {
    [31m[1m>[22m[39m[90m 23 |[39m     console[33m.[39mwarn([33mJSON[39m[33m.[39mstringify({ level[33m:[39m [32m"WARN"[39m[33m,[39m event[33m,[39m [33m...[39mcontext }))
     [90m    |[39m             [31m[1m^[22m[39m
     [90m 24 |[39m   }
     [90m 25 |[39m
     [90m 26 |[39m   error(event[33m:[39m string[33m,[39m context[33m?[39m[33m:[39m [33mLogContext[39m)[33m:[39m [36mvoid[39m {[0m

      at CICLogger.warn (cic/src/lib/logger.ts:23:13)
      at WarmPoolManager.checkin (cic/src/extractors/browser/WarmPoolManager.ts:161:14)
      at Object.<anonymous> (cic/src/extractors/browser/WarmPoolManager.test.ts:140:21)

  console.log
    {"level":"INFO","event":"warm_pool.spawn","sessionId":"b90983e2-4291-4fd5-8903-1a55c2029843","poolSize":3,"totalSpawned":4}

      at CICLogger.info (cic/src/lib/logger.ts:19:13)

  console.log
    {"level":"INFO","event":"warm_pool.draining","poolSize":3}

      at CICLogger.info (cic/src/lib/logger.ts:19:13)

  console.log
    {"level":"INFO","event":"warm_pool.drained"}

      at CICLogger.info (cic/src/lib/logger.ts:19:13)

  console.log
    {"level":"INFO","event":"warm_pool.init","targetSize":3}

      at CICLogger.info (cic/src/lib/logger.ts:19:13)

  console.log
    {"level":"INFO","event":"warm_pool.spawn","sessionId":"b8e91a26-eb23-444e-8e4b-d3f4bd6f206f","poolSize":1,"totalSpawned":1}

      at CICLogger.info (cic/src/lib/logger.ts:19:13)
          at async Promise.all (index 0)

  console.log
    {"level":"INFO","event":"warm_pool.spawn","sessionId":"2e06e85c-7855-4fe8-8957-646ad4422488","poolSize":2,"totalSpawned":2}

      at CICLogger.info (cic/src/lib/logger.ts:19:13)
          at async Promise.all (index 1)

  console.log
    {"level":"INFO","event":"warm_pool.spawn","sessionId":"fd03485d-e887-4d1e-9277-8719868cda88","poolSize":3,"totalSpawned":3}

      at CICLogger.info (cic/src/lib/logger.ts:19:13)
          at async Promise.all (index 2)

  console.log
    {"level":"INFO","event":"warm_pool.health_check_started","intervalMs":30000}

      at CICLogger.info (cic/src/lib/logger.ts:19:13)

  console.log
    {"level":"INFO","event":"warm_pool.initialized","poolSize":3}

      at CICLogger.info (cic/src/lib/logger.ts:19:13)

  console.log
    {"level":"INFO","event":"warm_pool.checkout","sessionId":"b8e91a26-eb23-444e-8e4b-d3f4bd6f206f","poolSize":2,"checkouts":1}

      at CICLogger.info (cic/src/lib/logger.ts:19:13)

  console.log
    {"level":"INFO","event":"warm_pool.checkin","sessionId":"b8e91a26-eb23-444e-8e4b-d3f4bd6f206f","poolSize":3,"navigationCount":0,"checkins":1}

      at CICLogger.info (cic/src/lib/logger.ts:19:13)

  console.log
    {"level":"INFO","event":"warm_pool.draining","poolSize":3}

      at CICLogger.info (cic/src/lib/logger.ts:19:13)

  console.log
    {"level":"INFO","event":"warm_pool.drained"}

      at CICLogger.info (cic/src/lib/logger.ts:19:13)

  console.log
    {"level":"INFO","event":"warm_pool.init","targetSize":3}

      at CICLogger.info (cic/src/lib/logger.ts:19:13)

  console.log
    {"level":"INFO","event":"warm_pool.spawn","sessionId":"aab1a639-8533-4976-a707-7d68d1c47d11","poolSize":1,"totalSpawned":1}

      at CICLogger.info (cic/src/lib/logger.ts:19:13)
          at async Promise.all (index 0)

  console.log
    {"level":"INFO","event":"warm_pool.spawn","sessionId":"8c476c12-d721-4abf-872e-7eb36bc53fd3","poolSize":2,"totalSpawned":2}

      at CICLogger.info (cic/src/lib/logger.ts:19:13)
          at async Promise.all (index 1)

  console.log
    {"level":"INFO","event":"warm_pool.spawn","sessionId":"a354c59c-fd07-4a84-9a9f-5a45b8ee5645","poolSize":3,"totalSpawned":3}

      at CICLogger.info (cic/src/lib/logger.ts:19:13)
          at async Promise.all (index 2)

  console.log
    {"level":"INFO","event":"warm_pool.health_check_started","intervalMs":30000}

      at CICLogger.info (cic/src/lib/logger.ts:19:13)

  console.log
    {"level":"INFO","event":"warm_pool.initialized","poolSize":3}

      at CICLogger.info (cic/src/lib/logger.ts:19:13)

  console.log
    {"level":"INFO","event":"warm_pool.checkout","sessionId":"aab1a639-8533-4976-a707-7d68d1c47d11","poolSize":2,"checkouts":1}

      at CICLogger.info (cic/src/lib/logger.ts:19:13)

  console.log
    {"level":"INFO","event":"warm_pool.draining","poolSize":2}

      at CICLogger.info (cic/src/lib/logger.ts:19:13)

  console.log
    {"level":"INFO","event":"warm_pool.drained"}

      at CICLogger.info (cic/src/lib/logger.ts:19:13)

  console.log
    {"level":"INFO","event":"warm_pool.init","targetSize":3}

      at CICLogger.info (cic/src/lib/logger.ts:19:13)

  console.log
    {"level":"INFO","event":"warm_pool.spawn","sessionId":"66700655-20a6-45bf-b44c-8c8b55b6dc97","poolSize":1,"totalSpawned":1}

      at CICLogger.info (cic/src/lib/logger.ts:19:13)
          at async Promise.all (index 0)

  console.log
    {"level":"INFO","event":"warm_pool.spawn","sessionId":"d7e6b6b0-c6c6-43c3-bc8a-007e640f20d9","poolSize":2,"totalSpawned":2}

      at CICLogger.info (cic/src/lib/logger.ts:19:13)
          at async Promise.all (index 1)

  console.log
    {"level":"INFO","event":"warm_pool.spawn","sessionId":"1144d76d-60d6-442c-9226-383cac1f6c1b","poolSize":3,"totalSpawned":3}

      at CICLogger.info (cic/src/lib/logger.ts:19:13)
          at async Promise.all (index 2)

  console.log
    {"level":"INFO","event":"warm_pool.health_check_started","intervalMs":30000}

      at CICLogger.info (cic/src/lib/logger.ts:19:13)

  console.log
    {"level":"INFO","event":"warm_pool.initialized","poolSize":3}

      at CICLogger.info (cic/src/lib/logger.ts:19:13)

  console.log
    {"level":"INFO","event":"warm_pool.checkout","sessionId":"66700655-20a6-45bf-b44c-8c8b55b6dc97","poolSize":2,"checkouts":1}

      at CICLogger.info (cic/src/lib/logger.ts:19:13)

  console.log
    {"level":"INFO","event":"warm_pool.draining","poolSize":2}

      at CICLogger.info (cic/src/lib/logger.ts:19:13)

  console.log
    {"level":"INFO","event":"warm_pool.drained"}

      at CICLogger.info (cic/src/lib/logger.ts:19:13)

  console.log
    {"level":"INFO","event":"warm_pool.init","targetSize":3}

      at CICLogger.info (cic/src/lib/logger.ts:19:13)

  console.log
    {"level":"INFO","event":"warm_pool.spawn","sessionId":"13dcca62-2053-4f71-b11d-62303d974112","poolSize":1,"totalSpawned":1}

      at CICLogger.info (cic/src/lib/logger.ts:19:13)
          at async Promise.all (index 0)

  console.log
    {"level":"INFO","event":"warm_pool.spawn","sessionId":"7fc27a5e-612c-45e0-9c68-0dab5b40c10f","poolSize":2,"totalSpawned":2}

      at CICLogger.info (cic/src/lib/logger.ts:19:13)
          at async Promise.all (index 1)

  console.log
    {"level":"INFO","event":"warm_pool.spawn","sessionId":"b0095c5f-d882-435b-ab05-675fd8ae0924","poolSize":3,"totalSpawned":3}

      at CICLogger.info (cic/src/lib/logger.ts:19:13)
          at async Promise.all (index 2)

  console.log
    {"level":"INFO","event":"warm_pool.health_check_started","intervalMs":30000}

      at CICLogger.info (cic/src/lib/logger.ts:19:13)

  console.log
    {"level":"INFO","event":"warm_pool.initialized","poolSize":3}

      at CICLogger.info (cic/src/lib/logger.ts:19:13)

  console.log
    {"level":"INFO","event":"warm_pool.checkout","sessionId":"13dcca62-2053-4f71-b11d-62303d974112","poolSize":2,"checkouts":1}

      at CICLogger.info (cic/src/lib/logger.ts:19:13)

  console.log
    {"level":"INFO","event":"warm_pool.draining","poolSize":2}

      at CICLogger.info (cic/src/lib/logger.ts:19:13)

  console.log
    {"level":"INFO","event":"warm_pool.drained"}

      at CICLogger.info (cic/src/lib/logger.ts:19:13)

  console.log
    {"level":"INFO","event":"warm_pool.init","targetSize":3}

      at CICLogger.info (cic/src/lib/logger.ts:19:13)

  console.log
    {"level":"INFO","event":"warm_pool.spawn","sessionId":"f5861771-b127-467d-8665-3d80bc838212","poolSize":1,"totalSpawned":1}

      at CICLogger.info (cic/src/lib/logger.ts:19:13)
          at async Promise.all (index 0)

  console.log
    {"level":"INFO","event":"warm_pool.spawn","sessionId":"8e7c60a0-d564-4459-8a87-aa0fba63601e","poolSize":2,"totalSpawned":2}

      at CICLogger.info (cic/src/lib/logger.ts:19:13)
          at async Promise.all (index 1)

  console.log
    {"level":"INFO","event":"warm_pool.spawn","sessionId":"53f09267-31d8-4657-9907-2fd5e3a397ef","poolSize":3,"totalSpawned":3}

      at CICLogger.info (cic/src/lib/logger.ts:19:13)
          at async Promise.all (index 2)

  console.log
    {"level":"INFO","event":"warm_pool.health_check_started","intervalMs":30000}

      at CICLogger.info (cic/src/lib/logger.ts:19:13)

  console.log
    {"level":"INFO","event":"warm_pool.initialized","poolSize":3}

      at CICLogger.info (cic/src/lib/logger.ts:19:13)

PASS src/tests/cic/Card.test.tsx
  Card
    √ renders card with children (80 ms)
    √ applies variant default (12 ms)
    √ applies variant subtle (37 ms)
    √ forwards ref (7 ms)
    √ accepts className (14 ms)
    √ renders with multiple children (14 ms)
    √ has data-cic-component attribute (80 ms)

  console.log
    {"level":"INFO","event":"warm_pool.checkout","sessionId":"f5861771-b127-467d-8665-3d80bc838212","poolSize":2,"checkouts":1}

      at CICLogger.info (cic/src/lib/logger.ts:19:13)

  console.warn
    {"level":"WARN","event":"warm_pool.session_unhealthy","sessionId":"f5861771-b127-467d-8665-3d80bc838212","errorCount":3}

    [0m [90m 21 |[39m
     [90m 22 |[39m   warn(event[33m:[39m string[33m,[39m context[33m?[39m[33m:[39m [33mLogContext[39m)[33m:[39m [36mvoid[39m {
    [31m[1m>[22m[39m[90m 23 |[39m     console[33m.[39mwarn([33mJSON[39m[33m.[39mstringify({ level[33m:[39m [32m"WARN"[39m[33m,[39m event[33m,[39m [33m...[39mcontext }))
     [90m    |[39m             [31m[1m^[22m[39m
     [90m 24 |[39m   }
     [90m 25 |[39m
     [90m 26 |[39m   error(event[33m:[39m string[33m,[39m context[33m?[39m[33m:[39m [33mLogContext[39m)[33m:[39m [36mvoid[39m {[0m

      at CICLogger.warn (cic/src/lib/logger.ts:23:13)
      at WarmPoolManager.recordNavigation (cic/src/extractors/browser/WarmPoolManager.ts:220:16)
      at Object.<anonymous> (cic/src/extractors/browser/WarmPoolManager.test.ts:194:21)

  console.log
    {"level":"INFO","event":"warm_pool.draining","poolSize":2}

      at CICLogger.info (cic/src/lib/logger.ts:19:13)

  console.log
    {"level":"INFO","event":"warm_pool.drained"}

      at CICLogger.info (cic/src/lib/logger.ts:19:13)

  console.log
    {"level":"INFO","event":"warm_pool.init","targetSize":3}

      at CICLogger.info (cic/src/lib/logger.ts:19:13)

  console.log
    {"level":"INFO","event":"warm_pool.spawn","sessionId":"dfdb1f9b-e0e7-4269-978e-24051dbf7a14","poolSize":1,"totalSpawned":1}

      at CICLogger.info (cic/src/lib/logger.ts:19:13)
          at async Promise.all (index 0)

  console.log
    {"level":"INFO","event":"warm_pool.spawn","sessionId":"9058cc8d-4f9a-4c54-9f26-a3259b7c1bd3","poolSize":2,"totalSpawned":2}

      at CICLogger.info (cic/src/lib/logger.ts:19:13)
          at async Promise.all (index 1)

  console.log
    {"level":"INFO","event":"warm_pool.spawn","sessionId":"f88a5c2f-28a3-45c7-b811-d03030eb4412","poolSize":3,"totalSpawned":3}

      at CICLogger.info (cic/src/lib/logger.ts:19:13)
          at async Promise.all (index 2)

  console.log
    {"level":"INFO","event":"warm_pool.health_check_started","intervalMs":30000}

      at CICLogger.info (cic/src/lib/logger.ts:19:13)

  console.log
    {"level":"INFO","event":"warm_pool.initialized","poolSize":3}

      at CICLogger.info (cic/src/lib/logger.ts:19:13)

  console.log
    {"level":"INFO","event":"warm_pool.checkout","sessionId":"dfdb1f9b-e0e7-4269-978e-24051dbf7a14","poolSize":2,"checkouts":1}

      at CICLogger.info (cic/src/lib/logger.ts:19:13)

  console.log
    {"level":"INFO","event":"warm_pool.max_navigations_reached","sessionId":"dfdb1f9b-e0e7-4269-978e-24051dbf7a14","navigationCount":50}

      at CICLogger.info (cic/src/lib/logger.ts:19:13)

  console.log
    {"level":"INFO","event":"warm_pool.draining","poolSize":2}

      at CICLogger.info (cic/src/lib/logger.ts:19:13)

  console.log
    {"level":"INFO","event":"warm_pool.drained"}

      at CICLogger.info (cic/src/lib/logger.ts:19:13)

  console.log
    {"level":"INFO","event":"warm_pool.init","targetSize":3}

      at CICLogger.info (cic/src/lib/logger.ts:19:13)

  console.log
    {"level":"INFO","event":"warm_pool.spawn","sessionId":"2054b07d-1773-4dfa-8f9a-f04954a99478","poolSize":1,"totalSpawned":1}

      at CICLogger.info (cic/src/lib/logger.ts:19:13)
          at async Promise.all (index 0)

  console.log
    {"level":"INFO","event":"warm_pool.spawn","sessionId":"6c4cbb67-69a6-4f57-87d5-ee152ac9551f","poolSize":2,"totalSpawned":2}

      at CICLogger.info (cic/src/lib/logger.ts:19:13)
          at async Promise.all (index 1)

  console.log
    {"level":"INFO","event":"warm_pool.spawn","sessionId":"4960a81c-2329-4489-8633-176e74f16887","poolSize":3,"totalSpawned":3}

      at CICLogger.info (cic/src/lib/logger.ts:19:13)
          at async Promise.all (index 2)

  console.log
    {"level":"INFO","event":"warm_pool.health_check_started","intervalMs":30000}

      at CICLogger.info (cic/src/lib/logger.ts:19:13)

  console.log
    {"level":"INFO","event":"warm_pool.initialized","poolSize":3}

      at CICLogger.info (cic/src/lib/logger.ts:19:13)

  console.log
    {"level":"INFO","event":"warm_pool.checkout","sessionId":"2054b07d-1773-4dfa-8f9a-f04954a99478","poolSize":2,"checkouts":1}

      at CICLogger.info (cic/src/lib/logger.ts:19:13)

  console.log
    {"level":"INFO","event":"warm_pool.draining","poolSize":2}

      at CICLogger.info (cic/src/lib/logger.ts:19:13)

  console.log
    {"level":"INFO","event":"warm_pool.drained"}

      at CICLogger.info (cic/src/lib/logger.ts:19:13)

  console.log
    {"level":"INFO","event":"warm_pool.init","targetSize":3}

      at CICLogger.info (cic/src/lib/logger.ts:19:13)

  console.log
    {"level":"INFO","event":"warm_pool.spawn","sessionId":"5caa61ff-bea3-4cf1-b9b3-59a4df52cb6c","poolSize":1,"totalSpawned":1}

      at CICLogger.info (cic/src/lib/logger.ts:19:13)
          at async Promise.all (index 0)

  console.log
    {"level":"INFO","event":"warm_pool.spawn","sessionId":"69ce187f-762b-4c18-8f25-cf5255ac0dff","poolSize":2,"totalSpawned":2}

      at CICLogger.info (cic/src/lib/logger.ts:19:13)
          at async Promise.all (index 1)

  console.log
    {"level":"INFO","event":"warm_pool.spawn","sessionId":"83138736-b33a-4e1b-bedb-2f84ce78f4b8","poolSize":3,"totalSpawned":3}

      at CICLogger.info (cic/src/lib/logger.ts:19:13)
          at async Promise.all (index 2)

  console.log
    {"level":"INFO","event":"warm_pool.health_check_started","intervalMs":30000}

      at CICLogger.info (cic/src/lib/logger.ts:19:13)

  console.log
    {"level":"INFO","event":"warm_pool.initialized","poolSize":3}

      at CICLogger.info (cic/src/lib/logger.ts:19:13)

  console.log
    {"level":"INFO","event":"warm_pool.checkout","sessionId":"5caa61ff-bea3-4cf1-b9b3-59a4df52cb6c","poolSize":2,"checkouts":1}

      at CICLogger.info (cic/src/lib/logger.ts:19:13)

  console.log
    {"level":"INFO","event":"warm_pool.draining","poolSize":2}

      at CICLogger.info (cic/src/lib/logger.ts:19:13)

  console.log
    {"level":"INFO","event":"warm_pool.drained"}

      at CICLogger.info (cic/src/lib/logger.ts:19:13)

  console.log
    {"level":"INFO","event":"warm_pool.init","targetSize":3}

      at CICLogger.info (cic/src/lib/logger.ts:19:13)

  console.log
    {"level":"INFO","event":"warm_pool.spawn","sessionId":"d2d9fa02-a255-4e79-b7d8-f67936ad71df","poolSize":1,"totalSpawned":1}

      at CICLogger.info (cic/src/lib/logger.ts:19:13)
          at async Promise.all (index 0)

  console.log
    {"level":"INFO","event":"warm_pool.spawn","sessionId":"40c25b98-3101-4f1f-bc0b-6fcd170b0a20","poolSize":2,"totalSpawned":2}

      at CICLogger.info (cic/src/lib/logger.ts:19:13)
          at async Promise.all (index 1)

  console.log
    {"level":"INFO","event":"warm_pool.spawn","sessionId":"4464d353-8e7b-4fc4-bb2d-178befa5a6d1","poolSize":3,"totalSpawned":3}

      at CICLogger.info (cic/src/lib/logger.ts:19:13)
          at async Promise.all (index 2)

  console.log
    {"level":"INFO","event":"warm_pool.health_check_started","intervalMs":30000}

      at CICLogger.info (cic/src/lib/logger.ts:19:13)

  console.log
    {"level":"INFO","event":"warm_pool.initialized","poolSize":3}

      at CICLogger.info (cic/src/lib/logger.ts:19:13)

  console.log
    {"level":"INFO","event":"warm_pool.draining","poolSize":3}

      at CICLogger.info (cic/src/lib/logger.ts:19:13)

  console.log
    {"level":"INFO","event":"warm_pool.drained"}

      at CICLogger.info (cic/src/lib/logger.ts:19:13)

  console.log
    {"level":"INFO","event":"warm_pool.init","targetSize":3}

      at CICLogger.info (cic/src/lib/logger.ts:19:13)

  console.log
    {"level":"INFO","event":"warm_pool.spawn","sessionId":"5fbafb6c-7146-45ec-a31a-746e5b5b04d6","poolSize":1,"totalSpawned":1}

      at CICLogger.info (cic/src/lib/logger.ts:19:13)
          at async Promise.all (index 0)

  console.log
    {"level":"INFO","event":"warm_pool.spawn","sessionId":"09415cbe-4e1f-4aaa-b08f-59f077f9c7bc","poolSize":2,"totalSpawned":2}

      at CICLogger.info (cic/src/lib/logger.ts:19:13)
          at async Promise.all (index 1)

  console.log
    {"level":"INFO","event":"warm_pool.spawn","sessionId":"dc276fd7-3b34-4eaf-95db-370948161b42","poolSize":3,"totalSpawned":3}

      at CICLogger.info (cic/src/lib/logger.ts:19:13)
          at async Promise.all (index 2)

  console.log
    {"level":"INFO","event":"warm_pool.health_check_started","intervalMs":30000}

      at CICLogger.info (cic/src/lib/logger.ts:19:13)

  console.log
    {"level":"INFO","event":"warm_pool.initialized","poolSize":3}

      at CICLogger.info (cic/src/lib/logger.ts:19:13)

  console.log
    {"level":"INFO","event":"warm_pool.draining","poolSize":3}

      at CICLogger.info (cic/src/lib/logger.ts:19:13)

  console.log
    {"level":"INFO","event":"warm_pool.drained"}

      at CICLogger.info (cic/src/lib/logger.ts:19:13)

  console.log
    {"level":"INFO","event":"warm_pool.init","targetSize":3}

      at CICLogger.info (cic/src/lib/logger.ts:19:13)

  console.log
    {"level":"INFO","event":"warm_pool.spawn","sessionId":"b4c37a73-a5c3-49c9-b3c3-14b13fffd6e5","poolSize":1,"totalSpawned":1}

      at CICLogger.info (cic/src/lib/logger.ts:19:13)
          at async Promise.all (index 0)

  console.log
    {"level":"INFO","event":"warm_pool.spawn","sessionId":"6f0e6130-1904-43ad-86b5-7b0b32f2a389","poolSize":2,"totalSpawned":2}

      at CICLogger.info (cic/src/lib/logger.ts:19:13)
          at async Promise.all (index 1)

  console.log
    {"level":"INFO","event":"warm_pool.spawn","sessionId":"f1a0572e-58fc-42b0-9d01-be4b0f36e3c4","poolSize":3,"totalSpawned":3}

      at CICLogger.info (cic/src/lib/logger.ts:19:13)
          at async Promise.all (index 2)

  console.log
    {"level":"INFO","event":"warm_pool.health_check_started","intervalMs":30000}

      at CICLogger.info (cic/src/lib/logger.ts:19:13)

  console.log
    {"level":"INFO","event":"warm_pool.initialized","poolSize":3}

      at CICLogger.info (cic/src/lib/logger.ts:19:13)

  console.log
    {"level":"INFO","event":"warm_pool.checkout","sessionId":"b4c37a73-a5c3-49c9-b3c3-14b13fffd6e5","poolSize":2,"checkouts":1}

      at CICLogger.info (cic/src/lib/logger.ts:19:13)

  console.log
    {"level":"INFO","event":"warm_pool.checkout","sessionId":"6f0e6130-1904-43ad-86b5-7b0b32f2a389","poolSize":1,"checkouts":2}

      at CICLogger.info (cic/src/lib/logger.ts:19:13)

  console.log
    {"level":"INFO","event":"warm_pool.checkout","sessionId":"f1a0572e-58fc-42b0-9d01-be4b0f36e3c4","poolSize":0,"checkouts":3}

      at CICLogger.info (cic/src/lib/logger.ts:19:13)

  console.log
    {"level":"INFO","event":"warm_pool.checkin","sessionId":"b4c37a73-a5c3-49c9-b3c3-14b13fffd6e5","poolSize":1,"navigationCount":3,"checkins":1}

      at CICLogger.info (cic/src/lib/logger.ts:19:13)

  console.log
    {"level":"INFO","event":"warm_pool.checkin","sessionId":"6f0e6130-1904-43ad-86b5-7b0b32f2a389","poolSize":2,"navigationCount":0,"checkins":2}

      at CICLogger.info (cic/src/lib/logger.ts:19:13)

  console.log
    {"level":"INFO","event":"warm_pool.checkin","sessionId":"f1a0572e-58fc-42b0-9d01-be4b0f36e3c4","poolSize":3,"navigationCount":0,"checkins":3}

      at CICLogger.info (cic/src/lib/logger.ts:19:13)

  console.log
    {"level":"INFO","event":"warm_pool.draining","poolSize":3}

      at CICLogger.info (cic/src/lib/logger.ts:19:13)

  console.log
    {"level":"INFO","event":"warm_pool.drained"}

      at CICLogger.info (cic/src/lib/logger.ts:19:13)

  console.log
    {"level":"INFO","event":"warm_pool.init","targetSize":3}

      at CICLogger.info (cic/src/lib/logger.ts:19:13)

  console.log
    {"level":"INFO","event":"warm_pool.spawn","sessionId":"12503d98-79db-4b21-bcbd-96c0797531ee","poolSize":1,"totalSpawned":1}

      at CICLogger.info (cic/src/lib/logger.ts:19:13)
          at async Promise.all (index 0)

  console.log
    {"level":"INFO","event":"warm_pool.spawn","sessionId":"fa40a08d-7651-48c9-807b-abee0951e27f","poolSize":2,"totalSpawned":2}

      at CICLogger.info (cic/src/lib/logger.ts:19:13)
          at async Promise.all (index 1)

  console.log
    {"level":"INFO","event":"warm_pool.spawn","sessionId":"f058a582-d382-41a5-abb6-260b313e7cc2","poolSize":3,"totalSpawned":3}

      at CICLogger.info (cic/src/lib/logger.ts:19:13)
          at async Promise.all (index 2)

  console.log
    {"level":"INFO","event":"warm_pool.health_check_started","intervalMs":30000}

      at CICLogger.info (cic/src/lib/logger.ts:19:13)

  console.log
    {"level":"INFO","event":"warm_pool.initialized","poolSize":3}

      at CICLogger.info (cic/src/lib/logger.ts:19:13)

  console.log
    {"level":"INFO","event":"warm_pool.draining","poolSize":3}

      at CICLogger.info (cic/src/lib/logger.ts:19:13)

  console.log
    {"level":"INFO","event":"warm_pool.drained"}

      at CICLogger.info (cic/src/lib/logger.ts:19:13)

  console.log
    {"level":"INFO","event":"warm_pool.init","targetSize":3}

      at CICLogger.info (cic/src/lib/logger.ts:19:13)

  console.log
    {"level":"INFO","event":"warm_pool.spawn","sessionId":"8a1b5872-b5ca-4270-95e6-e2cf57f030de","poolSize":1,"totalSpawned":1}

      at CICLogger.info (cic/src/lib/logger.ts:19:13)
          at async Promise.all (index 0)

  console.log
    {"level":"INFO","event":"warm_pool.spawn","sessionId":"272baf2d-7fd5-481c-b962-35ae47a52235","poolSize":2,"totalSpawned":2}

      at CICLogger.info (cic/src/lib/logger.ts:19:13)
          at async Promise.all (index 1)

  console.log
    {"level":"INFO","event":"warm_pool.spawn","sessionId":"40e4ef69-16d0-4ed0-9619-ec39c887f55e","poolSize":3,"totalSpawned":3}

      at CICLogger.info (cic/src/lib/logger.ts:19:13)
          at async Promise.all (index 2)

  console.log
    {"level":"INFO","event":"warm_pool.health_check_started","intervalMs":30000}

      at CICLogger.info (cic/src/lib/logger.ts:19:13)

  console.log
    {"level":"INFO","event":"warm_pool.initialized","poolSize":3}

      at CICLogger.info (cic/src/lib/logger.ts:19:13)

  console.log
    {"level":"INFO","event":"warm_pool.draining","poolSize":3}

      at CICLogger.info (cic/src/lib/logger.ts:19:13)

  console.log
    {"level":"INFO","event":"warm_pool.drained"}

      at CICLogger.info (cic/src/lib/logger.ts:19:13)

  console.log
    {"level":"INFO","event":"warm_pool.init","targetSize":3}

      at CICLogger.info (cic/src/lib/logger.ts:19:13)

  console.log
    {"level":"INFO","event":"warm_pool.spawn","sessionId":"5d1db729-3f9c-466f-bc0e-e10669b88fcc","poolSize":1,"totalSpawned":1}

      at CICLogger.info (cic/src/lib/logger.ts:19:13)
          at async Promise.all (index 0)

  console.log
    {"level":"INFO","event":"warm_pool.spawn","sessionId":"f2c9c061-f9a7-4822-8606-fdc3b18be131","poolSize":2,"totalSpawned":2}

      at CICLogger.info (cic/src/lib/logger.ts:19:13)
          at async Promise.all (index 1)

  console.log
    {"level":"INFO","event":"warm_pool.spawn","sessionId":"67b98337-791b-46ad-93da-60bd0ef4ba10","poolSize":3,"totalSpawned":3}

      at CICLogger.info (cic/src/lib/logger.ts:19:13)
          at async Promise.all (index 2)

  console.log
    {"level":"INFO","event":"warm_pool.health_check_started","intervalMs":30000}

      at CICLogger.info (cic/src/lib/logger.ts:19:13)

  console.log
    {"level":"INFO","event":"warm_pool.initialized","poolSize":3}

      at CICLogger.info (cic/src/lib/logger.ts:19:13)

  console.log
    {"level":"INFO","event":"warm_pool.draining","poolSize":3}

      at CICLogger.info (cic/src/lib/logger.ts:19:13)

  console.log
    {"level":"INFO","event":"warm_pool.drained"}

      at CICLogger.info (cic/src/lib/logger.ts:19:13)

  console.log
    {"level":"INFO","event":"warm_pool.draining","poolSize":0}

      at CICLogger.info (cic/src/lib/logger.ts:19:13)

  console.log
    {"level":"INFO","event":"warm_pool.drained"}

      at CICLogger.info (cic/src/lib/logger.ts:19:13)

  console.log
    {"level":"INFO","event":"warm_pool.init","targetSize":3}

      at CICLogger.info (cic/src/lib/logger.ts:19:13)

  console.log
    {"level":"INFO","event":"warm_pool.spawn","sessionId":"de177775-90b7-4b23-9a10-2032e8ad7216","poolSize":1,"totalSpawned":1}

      at CICLogger.info (cic/src/lib/logger.ts:19:13)
          at async Promise.all (index 0)

  console.log
    {"level":"INFO","event":"warm_pool.spawn","sessionId":"4a7def5f-e245-4670-bc40-3f5e2abb25ab","poolSize":2,"totalSpawned":2}

      at CICLogger.info (cic/src/lib/logger.ts:19:13)
          at async Promise.all (index 1)

  console.log
    {"level":"INFO","event":"warm_pool.spawn","sessionId":"9e4e6342-efc5-4dfd-a6db-5f90008ffbf7","poolSize":3,"totalSpawned":3}

      at CICLogger.info (cic/src/lib/logger.ts:19:13)
          at async Promise.all (index 2)

  console.log
    {"level":"INFO","event":"warm_pool.health_check_started","intervalMs":30000}

      at CICLogger.info (cic/src/lib/logger.ts:19:13)

  console.log
    {"level":"INFO","event":"warm_pool.initialized","poolSize":3}

      at CICLogger.info (cic/src/lib/logger.ts:19:13)

  console.log
    {"level":"INFO","event":"warm_pool.draining","poolSize":3}

      at CICLogger.info (cic/src/lib/logger.ts:19:13)

  console.log
    {"level":"INFO","event":"warm_pool.drained"}

      at CICLogger.info (cic/src/lib/logger.ts:19:13)

  console.log
    {"level":"INFO","event":"warm_pool.draining","poolSize":0}

      at CICLogger.info (cic/src/lib/logger.ts:19:13)

  console.log
    {"level":"INFO","event":"warm_pool.drained"}

      at CICLogger.info (cic/src/lib/logger.ts:19:13)

  console.log
    {"level":"INFO","event":"warm_pool.init","targetSize":3}

      at CICLogger.info (cic/src/lib/logger.ts:19:13)

  console.log
    {"level":"INFO","event":"warm_pool.spawn","sessionId":"f47a4312-78aa-40f1-9b24-e061d8bbe699","poolSize":1,"totalSpawned":1}

      at CICLogger.info (cic/src/lib/logger.ts:19:13)
          at async Promise.all (index 0)

  console.log
    {"level":"INFO","event":"warm_pool.spawn","sessionId":"e3381a41-4a5d-4f6f-9f59-899714469db2","poolSize":2,"totalSpawned":2}

      at CICLogger.info (cic/src/lib/logger.ts:19:13)
          at async Promise.all (index 1)

  console.log
    {"level":"INFO","event":"warm_pool.spawn","sessionId":"45782831-362f-437b-95a8-913144b1679d","poolSize":3,"totalSpawned":3}

      at CICLogger.info (cic/src/lib/logger.ts:19:13)
          at async Promise.all (index 2)

  console.log
    {"level":"INFO","event":"warm_pool.health_check_started","intervalMs":30000}

      at CICLogger.info (cic/src/lib/logger.ts:19:13)

  console.log
    {"level":"INFO","event":"warm_pool.initialized","poolSize":3}

      at CICLogger.info (cic/src/lib/logger.ts:19:13)

  console.log
    {"level":"INFO","event":"warm_pool.draining","poolSize":3}

      at CICLogger.info (cic/src/lib/logger.ts:19:13)

  console.error
    {"level":"ERROR","event":"warm_pool.close_error","sessionId":"f47a4312-78aa-40f1-9b24-e061d8bbe699","error":"Error: Close failed"}

    [0m [90m 25 |[39m
     [90m 26 |[39m   error(event[33m:[39m string[33m,[39m context[33m?[39m[33m:[39m [33mLogContext[39m)[33m:[39m [36mvoid[39m {
    [31m[1m>[22m[39m[90m 27 |[39m     console[33m.[39merror([33mJSON[39m[33m.[39mstringify({ level[33m:[39m [32m"ERROR"[39m[33m,[39m event[33m,[39m [33m...[39mcontext }))
     [90m    |[39m             [31m[1m^[22m[39m
     [90m 28 |[39m   }
     [90m 29 |[39m
     [90m 30 |[39m   debug(event[33m:[39m string[33m,[39m context[33m?[39m[33m:[39m [33mLogContext[39m)[33m:[39m [36mvoid[39m {[0m

      at CICLogger.error (cic/src/lib/logger.ts:27:13)
      at cic/src/extractors/browser/WarmPoolManager.ts:373:16
          at async Promise.all (index 0)
      at WarmPoolManager.drain (cic/src/extractors/browser/WarmPoolManager.ts:380:5)
      at Object.<anonymous> (cic/src/extractors/browser/WarmPoolManager.test.ts:310:7)

  console.log
    {"level":"INFO","event":"warm_pool.drained"}

      at CICLogger.info (cic/src/lib/logger.ts:19:13)

  console.log
    {"level":"INFO","event":"warm_pool.draining","poolSize":0}

      at CICLogger.info (cic/src/lib/logger.ts:19:13)

  console.log
    {"level":"INFO","event":"warm_pool.drained"}

      at CICLogger.info (cic/src/lib/logger.ts:19:13)

  console.log
    {"level":"INFO","event":"warm_pool.init","targetSize":3}

      at CICLogger.info (cic/src/lib/logger.ts:19:13)

  console.log
    {"level":"INFO","event":"warm_pool.spawn","sessionId":"88cdb7c1-2251-4c7e-9ed7-9c67ff14650f","poolSize":1,"totalSpawned":1}

      at CICLogger.info (cic/src/lib/logger.ts:19:13)
          at async Promise.all (index 0)

  console.log
    {"level":"INFO","event":"warm_pool.spawn","sessionId":"2f8f9e3f-c918-4345-88c3-517edb27b345","poolSize":2,"totalSpawned":2}

      at CICLogger.info (cic/src/lib/logger.ts:19:13)
          at async Promise.all (index 1)

  console.log
    {"level":"INFO","event":"warm_pool.spawn","sessionId":"0829cbb0-7a43-49fe-b071-d53629caeb05","poolSize":3,"totalSpawned":3}

      at CICLogger.info (cic/src/lib/logger.ts:19:13)
          at async Promise.all (index 2)

  console.log
    {"level":"INFO","event":"warm_pool.health_check_started","intervalMs":30000}

      at CICLogger.info (cic/src/lib/logger.ts:19:13)

  console.log
    {"level":"INFO","event":"warm_pool.initialized","poolSize":3}

      at CICLogger.info (cic/src/lib/logger.ts:19:13)

  console.log
    {"level":"INFO","event":"warm_pool.checkout","sessionId":"88cdb7c1-2251-4c7e-9ed7-9c67ff14650f","poolSize":2,"checkouts":1}

      at CICLogger.info (cic/src/lib/logger.ts:19:13)

  console.log
    {"level":"INFO","event":"warm_pool.checkin","sessionId":"88cdb7c1-2251-4c7e-9ed7-9c67ff14650f","poolSize":3,"navigationCount":1,"checkins":1}

      at CICLogger.info (cic/src/lib/logger.ts:19:13)

  console.log
    {"level":"INFO","event":"warm_pool.draining","poolSize":3}

      at CICLogger.info (cic/src/lib/logger.ts:19:13)

  console.log
    {"level":"INFO","event":"warm_pool.drained"}

      at CICLogger.info (cic/src/lib/logger.ts:19:13)

  console.log
    {"level":"INFO","event":"warm_pool.init","targetSize":3}

      at CICLogger.info (cic/src/lib/logger.ts:19:13)

  console.log
    {"level":"INFO","event":"warm_pool.spawn","sessionId":"f879904b-7748-45dd-b34a-726f815591a9","poolSize":1,"totalSpawned":1}

      at CICLogger.info (cic/src/lib/logger.ts:19:13)
          at async Promise.all (index 0)

  console.log
    {"level":"INFO","event":"warm_pool.spawn","sessionId":"0cf068b2-e715-4764-b87a-a20b66554ab3","poolSize":2,"totalSpawned":2}

      at CICLogger.info (cic/src/lib/logger.ts:19:13)
          at async Promise.all (index 1)

  console.log
    {"level":"INFO","event":"warm_pool.spawn","sessionId":"ef40e86e-097e-495a-9314-330ce113ea41","poolSize":3,"totalSpawned":3}

      at CICLogger.info (cic/src/lib/logger.ts:19:13)
          at async Promise.all (index 2)

  console.log
    {"level":"INFO","event":"warm_pool.health_check_started","intervalMs":30000}

      at CICLogger.info (cic/src/lib/logger.ts:19:13)

  console.log
    {"level":"INFO","event":"warm_pool.initialized","poolSize":3}

      at CICLogger.info (cic/src/lib/logger.ts:19:13)

  console.log
    {"level":"INFO","event":"warm_pool.checkout","sessionId":"f879904b-7748-45dd-b34a-726f815591a9","poolSize":2,"checkouts":1}

      at CICLogger.info (cic/src/lib/logger.ts:19:13)

  console.log
    {"level":"INFO","event":"warm_pool.checkout","sessionId":"0cf068b2-e715-4764-b87a-a20b66554ab3","poolSize":1,"checkouts":2}

      at CICLogger.info (cic/src/lib/logger.ts:19:13)

  console.log
    {"level":"INFO","event":"warm_pool.checkout","sessionId":"ef40e86e-097e-495a-9314-330ce113ea41","poolSize":0,"checkouts":3}

      at CICLogger.info (cic/src/lib/logger.ts:19:13)

  console.log
    {"level":"INFO","event":"warm_pool.draining","poolSize":0}

      at CICLogger.info (cic/src/lib/logger.ts:19:13)

  console.log
    {"level":"INFO","event":"warm_pool.drained"}

      at CICLogger.info (cic/src/lib/logger.ts:19:13)

  console.log
    {"level":"INFO","event":"warm_pool.init","targetSize":3}

      at CICLogger.info (cic/src/lib/logger.ts:19:13)

  console.log
    {"level":"INFO","event":"warm_pool.spawn","sessionId":"88a30eaa-6ef9-4a69-9f54-0503de3b3611","poolSize":1,"totalSpawned":1}

      at CICLogger.info (cic/src/lib/logger.ts:19:13)
          at async Promise.all (index 0)

  console.log
    {"level":"INFO","event":"warm_pool.spawn","sessionId":"3b2aa9ff-c337-46a7-ad39-d553ac223b51","poolSize":2,"totalSpawned":2}

      at CICLogger.info (cic/src/lib/logger.ts:19:13)
          at async Promise.all (index 1)

  console.log
    {"level":"INFO","event":"warm_pool.spawn","sessionId":"1df118c4-16e4-4147-9ce0-7b48eaf1a714","poolSize":3,"totalSpawned":3}

      at CICLogger.info (cic/src/lib/logger.ts:19:13)
          at async Promise.all (index 2)

  console.log
    {"level":"INFO","event":"warm_pool.health_check_started","intervalMs":30000}

      at CICLogger.info (cic/src/lib/logger.ts:19:13)

  console.log
    {"level":"INFO","event":"warm_pool.initialized","poolSize":3}

      at CICLogger.info (cic/src/lib/logger.ts:19:13)

  console.log
    {"level":"INFO","event":"warm_pool.checkout","sessionId":"88a30eaa-6ef9-4a69-9f54-0503de3b3611","poolSize":2,"checkouts":1}

      at CICLogger.info (cic/src/lib/logger.ts:19:13)

  console.warn
    {"level":"WARN","event":"warm_pool.recycle_unhealthy","sessionId":"88a30eaa-6ef9-4a69-9f54-0503de3b3611","errorCount":0}

    [0m [90m 21 |[39m
     [90m 22 |[39m   warn(event[33m:[39m string[33m,[39m context[33m?[39m[33m:[39m [33mLogContext[39m)[33m:[39m [36mvoid[39m {
    [31m[1m>[22m[39m[90m 23 |[39m     console[33m.[39mwarn([33mJSON[39m[33m.[39mstringify({ level[33m:[39m [32m"WARN"[39m[33m,[39m event[33m,[39m [33m...[39mcontext }))
     [90m    |[39m             [31m[1m^[22m[39m
     [90m 24 |[39m   }
     [90m 25 |[39m
     [90m 26 |[39m   error(event[33m:[39m string[33m,[39m context[33m?[39m[33m:[39m [33mLogContext[39m)[33m:[39m [36mvoid[39m {[0m

      at CICLogger.warn (cic/src/lib/logger.ts:23:13)
      at WarmPoolManager.checkin (cic/src/extractors/browser/WarmPoolManager.ts:161:14)
      at Object.<anonymous> (cic/src/extractors/browser/WarmPoolManager.test.ts:353:21)

  console.log
    {"level":"INFO","event":"warm_pool.spawn","sessionId":"7121e138-6f71-49aa-a535-82759fdb9915","poolSize":3,"totalSpawned":4}

      at CICLogger.info (cic/src/lib/logger.ts:19:13)

PASS cic-ingestion/src/autonomy/routes/__tests__/memory-governance.test.ts
  Memory Router (Phase 5b)
    √ should be defined and exported (2 ms)
    √ should create a router with proper stack (4 ms)
    √ should have 6 memory endpoints registered (1 ms)
    √ should accept custom memory store URL from config (1 ms)
    √ should fallback to environment variable for memory store URL (1 ms)
  Governance Router (Phase 5b)
    √ should be defined and exported
    √ should create a router with proper stack (1 ms)
    √ should have 6 governance endpoints registered (1 ms)
    √ should accept custom governance URL from config
    √ should fallback to environment variable for governance URL (1 ms)
  AutonomyAPIServer Integration (Phase 5b)
    √ should import memory and governance routers without errors (2 ms)
    √ both routers should be instantiable (1 ms)

  console.log
    {"level":"INFO","event":"warm_pool.draining","poolSize":3}

      at CICLogger.info (cic/src/lib/logger.ts:19:13)

  console.log
    {"level":"INFO","event":"warm_pool.drained"}

      at CICLogger.info (cic/src/lib/logger.ts:19:13)

PASS cic/src/extractors/browser/WarmPoolManager.test.ts
  WarmPoolManager
    init
      √ initializes pool with target size (39 ms)
      √ is idempotent (11 ms)
      √ handles spawn errors gracefully (123 ms)
    checkout
      √ returns healthy session from pool (19 ms)
      √ removes session from pool on checkout (18 ms)
      √ increments checkout count (13 ms)
      √ waits when pool is empty (155 ms)
      √ times out when pool remains empty (179 ms)
    checkin
      √ returns healthy session to pool (21 ms)
      √ increments checkin count (20 ms)
      √ closes and replaces unhealthy session (13 ms)
      √ updates lastUsedAt on checkin (11 ms)
    recordNavigation
      √ increments navigation count on success (11 ms)
      √ tracks latency on success (9 ms)
      √ increments error count on failure (9 ms)
      √ marks session unhealthy after 3 errors (18 ms)
      √ marks session unhealthy after max navigations (21 ms)
      √ keeps only last 10 latencies (13 ms)
      √ increments total navigations metric (14 ms)
    metrics
      √ reports pool size (16 ms)
      √ reports healthy and unhealthy counts (7 ms)
      √ calculates average latency (15 ms)
      √ reports spawn and recycle counts (35 ms)
    health check
      √ replaces unresponsive sessions (7 ms)
    drain
      √ closes all sessions (11 ms)
      √ clears pool (13 ms)
      √ handles close errors gracefully (24 ms)
    integration
      √ checkout → recordNavigation → checkin cycle (15 ms)
      √ handles multiple concurrent checkouts (14 ms)
      √ maintains pool size after recycles (171 ms)

PASS cic-ingestion/src/aperture/orchestrator/ExecutionOrchestrator.test.ts (5.194 s)
  ExecutionOrchestrator
    execute() - success path
      √ should execute operation successfully (20 ms)
      √ should generate unique receipt IDs (30 ms)
      √ should preserve trace ID (11 ms)
      √ should track execution latency (12 ms)
      √ should include adapter metadata in receipt (1 ms)
      √ should track policy in receipt (2 ms)
      √ should increment call limits (9 ms)
    execute() - adapter not found
      √ should fail with ADAPTER_NOT_FOUND (1 ms)
    execute() - authorization failures
      √ should deny unauthorized adapter (1 ms)
      √ should deny unknown agent (1 ms)
      √ should emit policy denial event (1 ms)
    execute() - input validation
      √ should fail with invalid input (3 ms)
    execute() - timeout
      √ should timeout when adapter takes too long (261 ms)
    execute() - execution errors
      √ should handle adapter execution errors (77 ms)
      √ should retry on failure (56 ms)
    execute() - sandbox isolation
      √ should create and cleanup sandbox (49 ms)
      √ should track cleanup failures (28 ms)
    execute() - events
      √ should emit success event (54 ms)
      √ should emit policy denial event (2 ms)
    execute() - limits
      √ should fail when call limit exceeded (28 ms)
    bulkExecute()
      √ should execute multiple operations (36 ms)
      √ should handle failures in bulk execution (45 ms)
    bulkExecuteSequential()
      √ should execute operations sequentially (76 ms)
    approval gate integration
      √ should route to approval gate when required (36 ms)
      √ should deny when approval gate rejects (2 ms)
    receipt structure
      √ should have complete receipt structure on success (25 ms)
      √ should have complete receipt structure on failure (4 ms)

PASS cic-ingestion/src/aperture/__tests__/sandbox.test.ts
  Phase A: Docker Sandbox Integration
    Sandbox Creation & Isolation
      √ should create isolated sandbox (31 ms)
      √ should create unique sandbox directories (42 ms)
      √ should isolate sandbox environment (17 ms)
      √ should preserve agent metadata (16 ms)
    Sandbox Cleanup
      √ should clean up sandbox directory on cleanup (40 ms)
      √ should handle cleanup of non-existent directory (16 ms)
      √ should cleanup all sandboxes (61 ms)
      √ should remove sandbox from registry on cleanup (14 ms)
    Sandbox Execution
      √ should execute function in sandbox context (11 ms)
      √ should restore environment after execution (12 ms)
      √ should handle execution errors without breaking cleanup (41 ms)
      √ should return execution result (5 ms)
      √ should fail to execute on non-existent sandbox (14 ms)
    Concurrent Sandbox Operations
      √ should handle concurrent sandbox creation (26 ms)
      √ should handle concurrent executions (31 ms)
      √ should track active sandboxes (16 ms)
    Sandbox File Isolation
      √ should isolate files between sandboxes (18 ms)
      √ should preserve file contents in sandbox (28 ms)
      √ should cleanup sandbox files on removal (29 ms)
    Sandbox Metadata
      √ should preserve sandbox agent metadata (27 ms)
      √ should set creation timestamp (9 ms)
      √ should have unique sandbox IDs (141 ms)

PASS cic-ingestion/src/aperture/sandbox/SandboxRuntime.isolation.test.ts
  SandboxRuntime – Resource Isolation (Phase 27)
    √ RI-01: scoped env excludes VAULT_URL, ANTHROPIC_API_KEY, AWS_ secrets (15 ms)
    √ RI-02: scoped env passes through PATH, NODE_ENV, LOG_LEVEL (15 ms)
    √ RI-03: NODE_OPTIONS includes --max-old-space-size=<memoryQuotaMb> (9 ms)
    √ RI-04: credentialInjector result appears in scoped env (18 ms)
    √ RI-05: credentialRevoker is called with the correct sandboxId on cleanup (12 ms)
    √ RI-06: registered child PIDs receive SIGTERM on cleanup (223 ms)
    √ RI-07: getScopedEnv returns null after cleanup (11 ms)
    √ RI-08: scoped env sets TMPDIR, TEMP, TMP to sandbox tmpdir (8 ms)
    √ RI-09: cleanupAll calls credentialRevoker for each sandbox (13 ms)
    √ RI-10: unregistered child PIDs are not killed on cleanup (5 ms)

PASS src/adapters/__tests__/BrowserScreenshotAdapter.test.ts
  BrowserScreenshotAdapter
    Valid screenshot
      √ returns success envelope for valid PNG (4 ms)
      √ includes meta with adapter, duration, timestamp (5 ms)
      √ respects width and height options (1 ms)
    Schema validation
      √ validates base64 is string (2 ms)
      √ validates dimensions are positive integers (2 ms)
    Guard validation
      √ validates PNG header (1 ms)
      √ rejects oversized images (1 ms)
    Performance
      √ completes within reasonable time (1 ms)

PASS src/tests/cic/Row.test.tsx
  Row
    √ renders row with children (105 ms)
    √ applies selected false by default (10 ms)
    √ applies selected true (7 ms)
    √ forwards ref (13 ms)
    √ accepts className (18 ms)
    √ has tabindex for keyboard navigation (11 ms)
    √ has data-cic-component attribute (12 ms)
    √ renders multiple children (14 ms)

PASS src/adapters/__tests__/PuppeteerEngine.test.ts
  PuppeteerEngine
    Valid execution
      √ returns success envelope for valid script (16 ms)
      √ includes meta with adapter, duration, timestamp (3 ms)
    Error handling
      √ returns error for empty script (6 ms)
      √ handles execution failures (3 ms)
    Schema validation
      √ validates success is boolean, logs is array (3 ms)
    Crash detection
      √ detects "Target closed" crash marker (2 ms)
      √ detects "Protocol error" crash marker (3 ms)
      √ rejects execution if success=false (3 ms)
    Performance
      √ completes within reasonable time (1 ms)

PASS src/adapters/__tests__/BrowserNavigateAdapter.test.ts
  BrowserNavigateAdapter
    Valid navigation
      √ returns success envelope for valid URL (14 ms)
      √ includes meta with adapter, duration, timestamp (6 ms)
      √ handles URL with path and query (10 ms)
    Error handling
      √ returns error for empty URL (1 ms)
      √ returns error for about:blank (2 ms)
      √ error envelope has no data field (2 ms)
    Schema validation
      √ validates URL is required string (3 ms)
      √ validates status is number or null (2 ms)
      √ validates redirected is boolean (3 ms)
    Performance
      √ completes within reasonable time (2 ms)

PASS src/clients/__tests__/AnthropicClient.test.ts
  AnthropicClient
    Valid API response
      √ returns success envelope for valid messages (7 ms)
      √ sanitizes output text (2 ms)
      √ includes meta with adapter, duration, timestamp (2 ms)
    Error handling
      √ returns error for empty messages (3 ms)
      √ returns error for undefined messages (1 ms)
    Schema validation
      √ validates text is string (1 ms)
      √ validates stopReason is string or null (1 ms)
    Guard validation
      √ rejects empty responses (1 ms)
      √ validates text length limits (1 ms)
    Performance
      √ completes within reasonable time (1 ms)

PASS src/tests/cic/Alert.test.tsx
  Alert
    √ renders without crashing (65 ms)
    √ accepts className prop (14 ms)
    √ renders children (11 ms)

PASS src/tests/cic/Grid.test.tsx
  Grid
    √ renders grid with children (13 ms)
    √ applies cols prop (47 ms)
    √ defaults to 12 columns (11 ms)
    √ forwards ref (6 ms)
    √ accepts className (7 ms)
    √ has data-cic-component attribute (6 ms)
    √ renders multiple children (23 ms)
    √ supports different column counts (33 ms)

PASS cic-ingestion/src/aperture/registry/AdapterRegistry.test.ts
  AdapterRegistry
    register()
      √ should register valid adapter definition (7 ms)
      √ should reject adapter with invalid ID (no dot) (79 ms)
      √ should reject adapter missing name (4 ms)
      √ should reject adapter missing implementation (3 ms)
      √ should allow updating existing adapter (1 ms)
    lookup()
      √ should return adapter by ID (1 ms)
      √ should return null for non-existent adapter (9 ms)
    listByCategory()
      √ should list all adapters in category (10 ms)
      √ should return empty array for non-existent category (3 ms)
    validate()
      √ should accept valid input (2 ms)
      √ should reject missing required field (2 ms)
      √ should reject wrong type (1 ms)
      √ should reject non-existent adapter (1 ms)
    validateOutput()
      √ should accept valid output (1 ms)
      √ should reject invalid output (1 ms)
    listAll()
      √ should return all registered adapters (1 ms)
    exists()
      √ should return true for registered adapter (1 ms)
      √ should return false for non-registered adapter (1 ms)
    getCost()
      √ should return adapter cost (1 ms)
      √ should return null for non-existent adapter
    getMaxExecutionMs()
      √ should return adapter max execution time (1 ms)
      √ should return null for non-existent adapter (4 ms)
    getByOperation()
      √ should return adapter by category and operation (1 ms)
      √ should return null for non-existent operation
    requiresApproval()
      √ should return true for adapters requiring approval (1 ms)
      √ should return false for adapters not requiring approval
    getAllowedAgents()
      √ should return allowed agents list (3 ms)
      √ should return null for unrestricted adapters (1 ms)
  createV1Registry()
    √ should create registry with all v1 adapters (2 ms)
    √ should have correct adapter metadata (2 ms)
    √ should list all shell adapters (3 ms)
    √ should have deterministic contracts (2 ms)

PASS cic-ingestion/src/extractors/browser/CloakBrowserAdapter.test.ts
  CloakBrowserAdapter
    open()
      √ creates session with unique ID and metadata (6 ms)
      √ enforces timeout during navigation (1 ms)
      √ emits browser.open.start log event (1 ms)
      √ emits browser.open.error with BROWSER_NAV_FAIL on navigation failure (1 ms)
    getHTML()
      √ returns full HTML content
      √ detects DOM hydration in SPA content (1 ms)
      √ throws BROWSER_CONTENT_FAIL on invalid session (1 ms)
    getScreenshot()
      √ returns PNG buffer (1 ms)
      √ throws BROWSER_SCREENSHOT_FAIL on capture failure (1 ms)
    error codes
      √ emits BROWSER_TIMEOUT on 5s/10s timeout (1 ms)
      √ emits BROWSER_NAV_FAIL on navigation failure (1 ms)
      √ emits BROWSER_JS_FAIL on JS execution failure
      √ all error codes are deterministic
    logging
      √ emits structured JSON logs for all operations (3 ms)
      √ includes timestamp, event, level, sessionId, data in logs (1 ms)
      √ marks error events with level: error
    close()
      √ cleans up resources on close (1 ms)
      √ emits browser.close.success log event (1 ms)
      √ handles close on already-closed session gracefully
    timeout enforcement
      √ respects default 10s timeout (1 ms)
      √ respects custom timeout option (1 ms)
      √ aborts navigation after timeout (1 ms)
    integration with CIC event bus
      √ logs are CIC event bus compatible
      √ error codes map to CIC observability metrics (1 ms)

PASS src/metrics/__tests__/metricsExporter.test.ts
  metricsExporter
    √ increments counters (2 ms)
    √ observes durations (1 ms)
    √ labels are isolated (1 ms)

  console.error
    [BaseAdapter] Output schema validation failed: [ "(root) must have required property 'status'" ]

    [0m [90m 92 |[39m         (e) [33m=>[39m [32m`${e.instancePath || '(root)'} ${e.message}`[39m
     [90m 93 |[39m       )[33m;[39m
    [31m[1m>[22m[39m[90m 94 |[39m       console[33m.[39merror([32m'[BaseAdapter] Output schema validation failed:'[39m[33m,[39m messages)[33m;[39m
     [90m    |[39m               [31m[1m^[22m[39m
     [90m 95 |[39m     }
     [90m 96 |[39m     [36mreturn[39m valid[33m;[39m
     [90m 97 |[39m   }[0m

      at TestAdapter.validateOutput (cic-ingestion/src/aperture/adapters/BaseAdapter.ts:94:15)
      at TestAdapter.testValidateOutput (cic-ingestion/src/aperture/adapters/__tests__/BaseAdapter.validation.test.ts:21:17)
      at Object.<anonymous> (cic-ingestion/src/aperture/adapters/__tests__/BaseAdapter.validation.test.ts:103:28)

PASS cic-ingestion/src/aperture/adapters/__tests__/BaseAdapter.validation.test.ts
  BaseAdapter.validate()
    √ Test 1: accepts valid input → {valid: true} (86 ms)
    √ Test 2: rejects invalid input → {valid: false, errors: [...]} (1 ms)
    √ Test 3: handles null schema → {valid: true} (2 ms)
    √ Test 6: multiple schema violations produce multiple errors (5 ms)
  BaseAdapter.validateOutput()
    √ Test 4: accepts valid output → true (10 ms)
    √ Test 5: rejects invalid output → false (19 ms)

  console.log
    {"level":"INFO","event":"sampling.start","baseUrl":"https://example.com"}

      at CICLogger.info (cic/src/lib/logger.ts:19:13)

  console.log
    {"level":"INFO","event":"sampling.candidate.start","url":"https://example.com/"}

      at CICLogger.info (cic/src/lib/logger.ts:19:13)

  console.log
    {"level":"INFO","event":"sampling.candidate.complete","url":"https://example.com/","nodeCount":500,"completenessScore":34,"hydrationScore":80}

      at CICLogger.info (cic/src/lib/logger.ts:19:13)

  console.log
    {"level":"INFO","event":"sampling.candidate.start","url":"https://example.com/home"}

      at CICLogger.info (cic/src/lib/logger.ts:19:13)

  console.log
    {"level":"INFO","event":"sampling.candidate.complete","url":"https://example.com/home","nodeCount":500,"completenessScore":34,"hydrationScore":80}

      at CICLogger.info (cic/src/lib/logger.ts:19:13)

  console.log
    {"level":"INFO","event":"sampling.candidate.start","url":"https://example.com/services"}

      at CICLogger.info (cic/src/lib/logger.ts:19:13)

  console.log
    {"level":"INFO","event":"sampling.candidate.complete","url":"https://example.com/services","nodeCount":500,"completenessScore":34,"hydrationScore":80}

      at CICLogger.info (cic/src/lib/logger.ts:19:13)

  console.log
    {"level":"INFO","event":"sampling.selected","url":"https://example.com/","score":34}

      at CICLogger.info (cic/src/lib/logger.ts:19:13)

  console.log
    {"level":"INFO","event":"sampling.start","baseUrl":"https://example.com"}

      at CICLogger.info (cic/src/lib/logger.ts:19:13)

  console.log
    {"level":"INFO","event":"sampling.candidate.start","url":"https://example.com/"}

      at CICLogger.info (cic/src/lib/logger.ts:19:13)

  console.log
    {"level":"INFO","event":"sampling.candidate.complete","url":"https://example.com/","nodeCount":500,"completenessScore":36,"hydrationScore":80}

      at CICLogger.info (cic/src/lib/logger.ts:19:13)

  console.log
    {"level":"INFO","event":"sampling.candidate.start","url":"https://example.com/home"}

      at CICLogger.info (cic/src/lib/logger.ts:19:13)

  console.log
    {"level":"INFO","event":"sampling.candidate.complete","url":"https://example.com/home","nodeCount":1000,"completenessScore":44,"hydrationScore":80}

      at CICLogger.info (cic/src/lib/logger.ts:19:13)

  console.log
    {"level":"INFO","event":"sampling.candidate.start","url":"https://example.com/services"}

      at CICLogger.info (cic/src/lib/logger.ts:19:13)

  console.log
    {"level":"INFO","event":"sampling.candidate.complete","url":"https://example.com/services","nodeCount":2000,"completenessScore":54,"hydrationScore":80}

      at CICLogger.info (cic/src/lib/logger.ts:19:13)

  console.log
    {"level":"INFO","event":"sampling.selected","url":"https://example.com/services","score":54}

      at CICLogger.info (cic/src/lib/logger.ts:19:13)

  console.log
    {"level":"INFO","event":"sampling.start","baseUrl":"https://example.com"}

      at CICLogger.info (cic/src/lib/logger.ts:19:13)

  console.log
    {"level":"INFO","event":"sampling.candidate.start","url":"https://example.com/"}

      at CICLogger.info (cic/src/lib/logger.ts:19:13)

  console.log
    {"level":"INFO","event":"sampling.candidate.complete","url":"https://example.com/","nodeCount":100,"completenessScore":14,"hydrationScore":50}

      at CICLogger.info (cic/src/lib/logger.ts:19:13)

  console.log
    {"level":"INFO","event":"sampling.candidate.start","url":"https://example.com/home"}

      at CICLogger.info (cic/src/lib/logger.ts:19:13)

  console.log
    {"level":"INFO","event":"sampling.candidate.complete","url":"https://example.com/home","nodeCount":100,"completenessScore":14,"hydrationScore":50}

      at CICLogger.info (cic/src/lib/logger.ts:19:13)

  console.log
    {"level":"INFO","event":"sampling.candidate.start","url":"https://example.com/services"}

      at CICLogger.info (cic/src/lib/logger.ts:19:13)

  console.log
    {"level":"INFO","event":"sampling.candidate.complete","url":"https://example.com/services","nodeCount":3000,"completenessScore":28,"hydrationScore":50}

      at CICLogger.info (cic/src/lib/logger.ts:19:13)

  console.log
    {"level":"INFO","event":"sampling.selected","url":"https://example.com/services","score":28}

      at CICLogger.info (cic/src/lib/logger.ts:19:13)

  console.log
    {"level":"INFO","event":"sampling.start","baseUrl":"https://example.com"}

      at CICLogger.info (cic/src/lib/logger.ts:19:13)

  console.log
    {"level":"INFO","event":"sampling.candidate.start","url":"https://example.com/"}

      at CICLogger.info (cic/src/lib/logger.ts:19:13)

  console.log
    {"level":"INFO","event":"sampling.candidate.complete","url":"https://example.com/","nodeCount":30,"completenessScore":5,"hydrationScore":20}

      at CICLogger.info (cic/src/lib/logger.ts:19:13)

  console.log
    {"level":"INFO","event":"sampling.candidate.start","url":"https://example.com/home"}

      at CICLogger.info (cic/src/lib/logger.ts:19:13)

  console.log
    {"level":"INFO","event":"sampling.candidate.complete","url":"https://example.com/home","nodeCount":30,"completenessScore":5,"hydrationScore":20}

      at CICLogger.info (cic/src/lib/logger.ts:19:13)

  console.log
    {"level":"INFO","event":"sampling.candidate.start","url":"https://example.com/services"}

      at CICLogger.info (cic/src/lib/logger.ts:19:13)

  console.log
    {"level":"INFO","event":"sampling.candidate.complete","url":"https://example.com/services","nodeCount":30,"completenessScore":5,"hydrationScore":20}

      at CICLogger.info (cic/src/lib/logger.ts:19:13)

  console.log
    {"level":"INFO","event":"sampling.selected","url":"https://example.com/","score":5}

      at CICLogger.info (cic/src/lib/logger.ts:19:13)

  console.log
    {"level":"INFO","event":"sampling.start","baseUrl":"https://example.com"}

      at CICLogger.info (cic/src/lib/logger.ts:19:13)

  console.log
    {"level":"INFO","event":"sampling.candidate.start","url":"https://example.com/"}

      at CICLogger.info (cic/src/lib/logger.ts:19:13)

  console.error
    {"level":"ERROR","event":"sampling.candidate.error","url":"https://example.com/","error":"Error: Navigation failed"}

    [0m [90m 25 |[39m
     [90m 26 |[39m   error(event[33m:[39m string[33m,[39m context[33m?[39m[33m:[39m [33mLogContext[39m)[33m:[39m [36mvoid[39m {
    [31m[1m>[22m[39m[90m 27 |[39m     console[33m.[39merror([33mJSON[39m[33m.[39mstringify({ level[33m:[39m [32m"ERROR"[39m[33m,[39m event[33m,[39m [33m...[39mcontext }))
     [90m    |[39m             [31m[1m^[22m[39m
     [90m 28 |[39m   }
     [90m 29 |[39m
     [90m 30 |[39m   debug(event[33m:[39m string[33m,[39m context[33m?[39m[33m:[39m [33mLogContext[39m)[33m:[39m [36mvoid[39m {[0m

      at CICLogger.error (cic/src/lib/logger.ts:27:13)
      at DomSampler.sample (cic/src/extractors/browser/DomSampler.ts:59:16)
      at Object.<anonymous> (cic/src/extractors/browser/DomSampler.test.ts:191:22)

  console.log
    {"level":"INFO","event":"sampling.candidate.start","url":"https://example.com/home"}

      at CICLogger.info (cic/src/lib/logger.ts:19:13)

  console.log
    {"level":"INFO","event":"sampling.candidate.complete","url":"https://example.com/home","nodeCount":500,"completenessScore":34,"hydrationScore":80}

      at CICLogger.info (cic/src/lib/logger.ts:19:13)

  console.log
    {"level":"INFO","event":"sampling.candidate.start","url":"https://example.com/services"}

      at CICLogger.info (cic/src/lib/logger.ts:19:13)

  console.log
    {"level":"INFO","event":"sampling.candidate.complete","url":"https://example.com/services","nodeCount":800,"completenessScore":39,"hydrationScore":80}

      at CICLogger.info (cic/src/lib/logger.ts:19:13)

  console.log
    {"level":"INFO","event":"sampling.selected","url":"https://example.com/services","score":39}

      at CICLogger.info (cic/src/lib/logger.ts:19:13)

  console.log
    {"level":"INFO","event":"sampling.start","baseUrl":"https://example.com"}

      at CICLogger.info (cic/src/lib/logger.ts:19:13)

  console.log
    {"level":"INFO","event":"sampling.candidate.start","url":"https://example.com/"}

      at CICLogger.info (cic/src/lib/logger.ts:19:13)

  console.log
    {"level":"INFO","event":"sampling.candidate.complete","url":"https://example.com/","nodeCount":3000,"completenessScore":65,"hydrationScore":90}

      at CICLogger.info (cic/src/lib/logger.ts:19:13)

  console.log
    {"level":"INFO","event":"sampling.candidate.start","url":"https://example.com/home"}

      at CICLogger.info (cic/src/lib/logger.ts:19:13)

  console.log
    {"level":"INFO","event":"sampling.candidate.complete","url":"https://example.com/home","nodeCount":3000,"completenessScore":65,"hydrationScore":90}

      at CICLogger.info (cic/src/lib/logger.ts:19:13)

  console.log
    {"level":"INFO","event":"sampling.candidate.start","url":"https://example.com/services"}

      at CICLogger.info (cic/src/lib/logger.ts:19:13)

  console.log
    {"level":"INFO","event":"sampling.candidate.complete","url":"https://example.com/services","nodeCount":3000,"completenessScore":65,"hydrationScore":90}

      at CICLogger.info (cic/src/lib/logger.ts:19:13)

  console.log
    {"level":"INFO","event":"sampling.selected","url":"https://example.com/","score":65}

      at CICLogger.info (cic/src/lib/logger.ts:19:13)

  console.log
    {"level":"INFO","event":"sampling.start","baseUrl":"https://example.com"}

      at CICLogger.info (cic/src/lib/logger.ts:19:13)

  console.log
    {"level":"INFO","event":"sampling.candidate.start","url":"https://example.com/"}

      at CICLogger.info (cic/src/lib/logger.ts:19:13)

  console.log
    {"level":"INFO","event":"sampling.candidate.complete","url":"https://example.com/","nodeCount":80,"completenessScore":10,"hydrationScore":30}

      at CICLogger.info (cic/src/lib/logger.ts:19:13)

  console.log
    {"level":"INFO","event":"sampling.candidate.start","url":"https://example.com/home"}

      at CICLogger.info (cic/src/lib/logger.ts:19:13)

  console.log
    {"level":"INFO","event":"sampling.candidate.complete","url":"https://example.com/home","nodeCount":80,"completenessScore":10,"hydrationScore":30}

      at CICLogger.info (cic/src/lib/logger.ts:19:13)

  console.log
    {"level":"INFO","event":"sampling.candidate.start","url":"https://example.com/services"}

      at CICLogger.info (cic/src/lib/logger.ts:19:13)

  console.log
    {"level":"INFO","event":"sampling.candidate.complete","url":"https://example.com/services","nodeCount":80,"completenessScore":10,"hydrationScore":30}

      at CICLogger.info (cic/src/lib/logger.ts:19:13)

  console.log
    {"level":"INFO","event":"sampling.selected","url":"https://example.com/","score":10}

      at CICLogger.info (cic/src/lib/logger.ts:19:13)

PASS cic/src/extractors/browser/DomSampler.test.ts
  DomSampler
    sample
      √ samples all candidate URLs (58 ms)
      √ selects URL with highest completeness score (26 ms)
      √ filters out scores below threshold (16 ms)
      √ falls back to best available when all scores low (20 ms)
      √ handles navigation errors gracefully (29 ms)
    completeness scoring
      √ scores high for rich DOM (21 ms)
      √ scores low for sparse DOM (26 ms)

PASS src/tests/cic/Button.test.tsx
  Button
    √ renders without crashing (107 ms)
    √ accepts className prop (19 ms)
    √ renders children (13 ms)

PASS cic-ingestion/src/aperture/policy/PolicyEngine.test.ts
  PolicyEngine
    load()
      √ should load valid policy (3 ms)
      √ should reject policy without agent (73 ms)
      √ should reject policy without allow list (1 ms)
      √ should reject policy without limits (2 ms)
      √ should allow updating existing policy
    authorize()
      √ should authorize allowed adapter (1 ms)
      √ should deny adapter not in allow list (1 ms)
      √ should deny adapter in deny list (1 ms)
      √ should deny for unknown agent (1 ms)
    preApproval()
      √ should require approval for specified adapters (1 ms)
      √ should not require approval if not specified (1 ms)
    checkLimits()
      √ should pass limit check when under limit (1 ms)
      √ should fail limit check when at limit
      √ should check bytes limit (1 ms)
      √ should check depth limit
      √ should check QPS limit (1 ms)
      √ should return zeros for unknown agent
    incrementLimit()
      √ should increment counter (1 ms)
      √ should increment by custom amount
      √ should accumulate increments (1 ms)
    resetLimits()
      √ should reset all counters for agent
    getApprovalThreshold()
      √ should return custom threshold (1 ms)
      √ should return default threshold
    getRedactFields()
      √ should return custom redact fields
      √ should return default redact fields (1 ms)
    shouldLogAll()
      √ should return true when log_all enabled (1 ms)
      √ should return true by default
    allowDestructive()
      √ should disallow destructive when no_destructive=true (1 ms)
      √ should allow destructive by default
    getAllowedDomains()
      √ should return allowed domains (1 ms)
      √ should return null when unrestricted (1 ms)
    getAllowedHeaders()
      √ should return allowed headers (2 ms)
      √ should return empty array by default (1 ms)
    listAll()
      √ should list all loaded policies (1 ms)
    checkDomain()
      √ should allow domain in whitelist (1 ms)
      √ should deny domain not in whitelist (1 ms)
      √ should allow any domain if unrestricted
    getLimits()
      √ should return policy limits (3 ms)
      √ should return null for unknown agent
  createDefaultPolicyEngine()
    √ should create engine with harvester policy (1 ms)
    √ should have harvester allow http.get (1 ms)
    √ should deny shell.exec for harvester
    √ should create explorer policy (1 ms)
    √ explorer should be read-only (1 ms)

PASS src/utils/__tests__/idResolver.test.ts
  DeterministicIdResolver
    √ shelfId is deterministic (2 ms)
    √ bookId uses phase number (1 ms)
    √ chapterId uses component name (1 ms)
    √ pageId uses artifact type (2 ms)
    √ resolve returns full ID set (1 ms)

PASS cic/__tests__/planning/autoscheduler-v2.test.ts
  AutoschedulerV2
    √ solves constraint satisfaction problem (2 ms)
    √ validates schedule against constraints (1 ms)
    √ replans on governance gate trigger (1 ms)
    √ replans on constraint violation

PASS cic-ingestion/src/config/__tests__/validator.test.ts
  ConfigValidator
    √ accepts valid config (5 ms)
    √ rejects missing required field (32 ms)
    √ rejects wrong type (3 ms)

PASS cic-ingestion/src/autonomy/ExecutionPolicyInterceptor.test.ts
  ExecutionPolicyInterceptor
    checkToolCall
      √ allows tools when no execution context set (4 ms)
      √ allows pre-approved tools in UNATTENDED mode (2 ms)
      √ denies unauthorized tools in UNATTENDED mode with exitOnUnauthorized (2 ms)
      √ marks task as failed when unauthorized tool called in UNATTENDED mode (1 ms)
      √ records allowed tool calls in audit trail (2 ms)
      √ records denied tool calls in audit trail (1 ms)
    task lifecycle
      √ starts and ends task execution (2 ms)
      √ rejects invalid context (26 ms)
    audit log export
      √ exports task execution as JSON (2 ms)
    global interceptor
      √ returns singleton instance (1 ms)
    INTERACTIVE mode behavior
      √ allows all tools in INTERACTIVE mode (1 ms)
    BATCH mode behavior
      √ allows pre-approved tools in BATCH mode (2 ms)
      √ denies Agent spawn in BATCH mode

PASS cic/src/planning/server.test.ts
  Planning Server Integration
    √ adapter initializes without error (3 ms)
    √ adapter has required methods for server integration (2 ms)

PASS src/adapters/__tests__/ModelGenerateAdapter.test.ts
  ModelGenerateAdapter
    Valid generation
      √ returns success envelope for valid prompt (10 ms)
      √ sanitizes output text (1 ms)
      √ includes meta with adapter, duration, timestamp (2 ms)
    Error handling
      √ returns error for empty prompt (2 ms)
    Schema validation
      √ validates text is string, tokens are integer (1 ms)
      √ rejects empty text (1 ms)
      √ validates text length limits (2 ms)
    JSON validation (optional)
      √ validates JSON when expectJson option set (1 ms)
    Performance
      √ completes within reasonable time (1 ms)

PASS cic-ingestion/src/autonomy/ExecutionPolicy.phase-d.test.ts
  Phase D: Comprehensive Execution Policy Testing
    E2E Docker Integration
      √ simulates Docker build in UNATTENDED mode with no prompts (15 ms)
      √ Docker build with unauthorized tool fails fast in UNATTENDED mode (3 ms)
    Failure Cases & Edge Behavior
      √ UNATTENDED mode with exitOnUnauthorized=false continues after denial (3 ms)
      √ BATCH mode allows single upfront approval with multiple chained calls (4 ms)
      √ MAINTENANCE mode rejects Agent spawn (2 ms)
      √ timeout validation rejects values < 10 seconds (2 ms)
    Load Testing: Concurrent Task Execution
      √ handles 10 concurrent UNATTENDED tasks without cross-contamination (6 ms)
      √ merges settings across 10 tasks in parallel without conflicts (9 ms)
      √ handles 50-call execution without memory leaks (2 ms)
    Audit Trail Validation
      √ exports detailed audit log with all metadata (3 ms)
      √ audit trail records ISO timestamps for traceability (2 ms)
      √ audit trail shows authorization decisions for every tool call (3 ms)
      √ clears old execution records after retention period (2 ms)
      √ exports all execution histories for audit compliance (3 ms)
    Settings Merge Under Load
      √ task context precedence holds across 100 merge operations (60 ms)

PASS src/integration/adapters.integration.test.ts
  Phase 27.3 — Adapter Integration Suite
    All adapters return valid envelopes
      √ BrowserNavigateAdapter returns envelope with meta (13 ms)
      √ BrowserScreenshotAdapter returns envelope with meta (3 ms)
      √ ModelGenerateAdapter returns envelope with meta (2 ms)
      √ AnthropicClient returns envelope with meta (2 ms)
      √ PuppeteerEngine returns envelope with meta (3 ms)
    Success envelopes never have error field
      √ BrowserNavigateAdapter success has no error (2 ms)
      √ BrowserScreenshotAdapter success has no error (2 ms)
    Error envelopes never have data field
      √ BrowserNavigateAdapter error has no data (1 ms)
      √ PuppeteerEngine error has no data (2 ms)
    Error codes are uppercase snake_case
      √ All error codes follow pattern (2 ms)
    Guards validate output correctness
      √ BrowserNavigateAdapter validates URL (7 ms)
      √ BrowserScreenshotAdapter validates PNG (2 ms)
      √ ModelGenerateAdapter sanitizes text (1 ms)
      √ AnthropicClient validates response (1 ms)
    All adapters validate against Zod schemas
      √ BrowserNavigateAdapter validates NavigateResult schema (3 ms)
      √ BrowserScreenshotAdapter validates ScreenshotResult schema (1 ms)
      √ ModelGenerateAdapter validates ModelGenerateResult schema (2 ms)
      √ AnthropicClient validates AnthropicResult schema (2 ms)
      √ PuppeteerEngine validates PuppeteerResult schema (1 ms)
    Adapters execute safely concurrently
      √ All 5 adapters execute in parallel without race conditions (3 ms)
    Meta timing is accurate
      √ durationMs is consistent across calls (3 ms)
      √ timestamp is ISO format (2 ms)

  console.log
    {"level":"INFO","event":"spa.hydration.start","url":"https://example.com"}

      at CICLogger.info (cic/src/lib/logger.ts:19:13)

  console.log
    {"level":"INFO","event":"spa.hydration.complete","score":100,"framework":"react","healthy":true,"timeMs":251,"signals":{"reactNextMarkers":true,"mutationCount":42,"nodeCountDeltaPercent":2,"stabilityAchieved":true}}

      at CICLogger.info (cic/src/lib/logger.ts:19:13)

  console.log
    {"level":"INFO","event":"spa.hydration.start","url":"https://example.webflow.io"}

      at CICLogger.info (cic/src/lib/logger.ts:19:13)

  console.log
    {"level":"INFO","event":"spa.hydration.complete","score":60,"framework":"webflow","healthy":true,"timeMs":2,"signals":{"reactNextMarkers":false,"mutationCount":30,"nodeCountDeltaPercent":2,"stabilityAchieved":true}}

      at CICLogger.info (cic/src/lib/logger.ts:19:13)

  console.log
    {"level":"INFO","event":"spa.hydration.start","url":"https://example.framer.app"}

      at CICLogger.info (cic/src/lib/logger.ts:19:13)

  console.log
    {"level":"INFO","event":"spa.hydration.complete","score":60,"framework":"framer","healthy":true,"timeMs":2,"signals":{"reactNextMarkers":false,"mutationCount":25,"nodeCountDeltaPercent":2,"stabilityAchieved":true}}

      at CICLogger.info (cic/src/lib/logger.ts:19:13)

  console.log
    {"level":"INFO","event":"spa.hydration.start","url":"https://example.wix.com"}

      at CICLogger.info (cic/src/lib/logger.ts:19:13)

  console.log
    {"level":"INFO","event":"spa.hydration.complete","score":60,"framework":"wix","healthy":true,"timeMs":2,"signals":{"reactNextMarkers":false,"mutationCount":35,"nodeCountDeltaPercent":2,"stabilityAchieved":true}}

      at CICLogger.info (cic/src/lib/logger.ts:19:13)

  console.log
    {"level":"INFO","event":"spa.hydration.start","url":"https://example.com"}

      at CICLogger.info (cic/src/lib/logger.ts:19:13)

  console.log
    {"level":"INFO","event":"spa.hydration.complete","score":20,"framework":"unknown","healthy":false,"timeMs":5,"signals":{"reactNextMarkers":false,"mutationCount":0,"nodeCountDeltaPercent":0,"stabilityAchieved":false}}

      at CICLogger.info (cic/src/lib/logger.ts:19:13)

  console.log
    {"level":"INFO","event":"spa.hydration.start","url":"https://example.com"}

      at CICLogger.info (cic/src/lib/logger.ts:19:13)

  console.error
    {"level":"ERROR","event":"spa.hydration.nodecount_error","error":"Error: Page crashed"}

    [0m [90m 25 |[39m
     [90m 26 |[39m   error(event[33m:[39m string[33m,[39m context[33m?[39m[33m:[39m [33mLogContext[39m)[33m:[39m [36mvoid[39m {
    [31m[1m>[22m[39m[90m 27 |[39m     console[33m.[39merror([33mJSON[39m[33m.[39mstringify({ level[33m:[39m [32m"ERROR"[39m[33m,[39m event[33m,[39m [33m...[39mcontext }))
     [90m    |[39m             [31m[1m^[22m[39m
     [90m 28 |[39m   }
     [90m 29 |[39m
     [90m 30 |[39m   debug(event[33m:[39m string[33m,[39m context[33m?[39m[33m:[39m [33mLogContext[39m)[33m:[39m [36mvoid[39m {[0m

      at CICLogger.error (cic/src/lib/logger.ts:27:13)
      at SpaHydrationDetector.getNodeCount (cic/src/extractors/browser/SpaHydrationDetector.ts:227:14)
      at SpaHydrationDetector.detect (cic/src/extractors/browser/SpaHydrationDetector.ts:35:32)
      at Object.<anonymous> (cic/src/extractors/browser/SpaHydrationDetector.test.ts:130:22)

  console.error
    {"level":"ERROR","event":"spa.hydration.script_error","error":"Error: Page crashed"}

    [0m [90m 25 |[39m
     [90m 26 |[39m   error(event[33m:[39m string[33m,[39m context[33m?[39m[33m:[39m [33mLogContext[39m)[33m:[39m [36mvoid[39m {
    [31m[1m>[22m[39m[90m 27 |[39m     console[33m.[39merror([33mJSON[39m[33m.[39mstringify({ level[33m:[39m [32m"ERROR"[39m[33m,[39m event[33m,[39m [33m...[39mcontext }))
     [90m    |[39m             [31m[1m^[22m[39m
     [90m 28 |[39m   }
     [90m 29 |[39m
     [90m 30 |[39m   debug(event[33m:[39m string[33m,[39m context[33m?[39m[33m:[39m [33mLogContext[39m)[33m:[39m [36mvoid[39m {[0m

      at CICLogger.error (cic/src/lib/logger.ts:27:13)
      at SpaHydrationDetector.observeHydration (cic/src/extractors/browser/SpaHydrationDetector.ts:183:14)
      at SpaHydrationDetector.detect (cic/src/extractors/browser/SpaHydrationDetector.ts:36:23)
      at Object.<anonymous> (cic/src/extractors/browser/SpaHydrationDetector.test.ts:130:22)

  console.error
    {"level":"ERROR","event":"spa.hydration.error","error":"Error: Page crashed","url":"https://example.com"}

    [0m [90m 25 |[39m
     [90m 26 |[39m   error(event[33m:[39m string[33m,[39m context[33m?[39m[33m:[39m [33mLogContext[39m)[33m:[39m [36mvoid[39m {
    [31m[1m>[22m[39m[90m 27 |[39m     console[33m.[39merror([33mJSON[39m[33m.[39mstringify({ level[33m:[39m [32m"ERROR"[39m[33m,[39m event[33m,[39m [33m...[39mcontext }))
     [90m    |[39m             [31m[1m^[22m[39m
     [90m 28 |[39m   }
     [90m 29 |[39m
     [90m 30 |[39m   debug(event[33m:[39m string[33m,[39m context[33m?[39m[33m:[39m [33mLogContext[39m)[33m:[39m [36mvoid[39m {[0m

      at CICLogger.error (cic/src/lib/logger.ts:27:13)
      at SpaHydrationDetector.detect (cic/src/extractors/browser/SpaHydrationDetector.ts:63:14)
      at Object.<anonymous> (cic/src/extractors/browser/SpaHydrationDetector.test.ts:130:22)

  console.log
    {"level":"INFO","event":"spa.hydration.start","url":"https://example.com"}

      at CICLogger.info (cic/src/lib/logger.ts:19:13)

  console.log
    {"level":"INFO","event":"spa.hydration.complete","score":100,"framework":"react","healthy":true,"timeMs":4,"signals":{"reactNextMarkers":true,"mutationCount":10,"nodeCountDeltaPercent":1,"stabilityAchieved":true}}

      at CICLogger.info (cic/src/lib/logger.ts:19:13)

  console.log
    {"level":"INFO","event":"spa.hydration.start","url":"https://example.com"}

      at CICLogger.info (cic/src/lib/logger.ts:19:13)

  console.log
    {"level":"INFO","event":"spa.hydration.complete","score":100,"framework":"react","healthy":true,"timeMs":4,"signals":{"reactNextMarkers":true,"mutationCount":5,"nodeCountDeltaPercent":1,"stabilityAchieved":true}}

      at CICLogger.info (cic/src/lib/logger.ts:19:13)

  console.log
    {"level":"INFO","event":"spa.hydration.start","url":"https://example.com"}

      at CICLogger.info (cic/src/lib/logger.ts:19:13)

  console.log
    {"level":"INFO","event":"spa.hydration.complete","score":0,"framework":"unknown","healthy":false,"timeMs":3,"signals":{"reactNextMarkers":false,"mutationCount":100,"nodeCountDeltaPercent":10,"stabilityAchieved":false}}

      at CICLogger.info (cic/src/lib/logger.ts:19:13)

PASS cic/src/extractors/browser/SpaHydrationDetector.test.ts
  SpaHydrationDetector
    detect
      √ detects React/Next.js hydration (257 ms)
      √ detects Webflow hydration (4 ms)
      √ detects Framer hydration (4 ms)
      √ detects Wix hydration (5 ms)
      √ marks unhealthy when score < 40 (8 ms)
      √ handles page.evaluate errors gracefully (32 ms)
      √ returns timeMs metric (7 ms)
    scoring
      √ scores perfectly when all signals present (8 ms)
      √ scores low when node count delta exceeds threshold (6 ms)

PASS src/tests/cic/Checkbox.test.tsx
  Checkbox Component
    √ renders checkbox (194 ms)
    √ renders with label (28 ms)
    √ renders with description (7 ms)
    √ can be checked (29 ms)
    √ forwards ref (10 ms)
    √ respects disabled prop (34 ms)
    √ generates unique id when not provided (13 ms)

PASS cic-ingestion/src/extractors/browser/RetryPolicy.test.ts
  RetryPolicy
    transient error detection
      √ detects BROWSER_TIMEOUT as transient (2 ms)
      √ detects BROWSER_NAV_FAIL as transient (1 ms)
      √ detects BROWSER_JS_FAIL as transient
      √ detects BROWSER_SCREENSHOT_FAIL as permanent (1 ms)
      √ detects BROWSER_CONTENT_FAIL as permanent
    retry conditions
      √ allows retry on transient error with attempts available
      √ denies retry on permanent error (1 ms)
      √ denies retry after max attempts reached
      √ allows retry on first attempt
      √ allows retry on second attempt (1 ms)
    backoff calculation
      √ returns 250ms for first backoff (1 ms)
      √ returns 500ms for second backoff (1 ms)
      √ returns max backoff after max retries
    attempt recording
      √ records attempt with error code and message (1 ms)
      √ includes timestamp in attempt record (1 ms)
      √ includes backoff in attempt record
      √ increments attempt number (1 ms)
    session cleanup
      √ clears attempts for session (1 ms)
      √ allows retry again after cleanup (4 ms)
    custom config
      √ respects custom max retries (2 ms)
      √ respects custom backoff schedule (1 ms)
      √ respects custom transient error codes (1 ms)
    edge cases
      √ handles multiple sessions independently (1 ms)
      √ returns empty attempts for unknown session
      √ clear on unknown session is safe (1 ms)

PASS src/tests/cic/Panel.test.tsx
  Panel
    √ renders panel with children (11 ms)
    √ applies padding default (9 ms)
    √ applies padding none (6 ms)
    √ applies elevation default (8 ms)
    √ applies elevation none (5 ms)
    √ forwards ref (27 ms)
    √ accepts className (5 ms)

{"level":"INFO","time":"2026-06-22T22:17:50.213Z","pid":30332,"hostname":"LAPTOP-66OOGH2M","component":"bookstack","action":"upsertPage","status":"success","meta":{"adapter":"bookstack","operation":"upsertPage","msg":"ok"},"level":"info"}
PASS src/logging/__tests__/adapterLogger.test.ts
  adapterLogger
    √ logs info entries with metadata (7 ms)
    √ logs error entries with stack traces (27 ms)
    √ timestamps are included (2 ms)

{"level":"ERROR","time":"2026-06-22T22:17:50.242Z","pid":30332,"hostname":"LAPTOP-66OOGH2M","component":"bookstack","action":"search","status":"error","errorCode":"ERROR","errorDetails":{"message":"boom","stack":"Error: boom\n    at Object.<anonymous> (C:\\dev\\src\\logging\\__tests__\\adapterLogger.test.ts:27:17)\n    at Promise.then.completed (C:\\dev\\node_modules\\jest-circus\\build\\utils.js:298:28)\n    at new Promise (<anonymous>)\n    at callAsyncCircusFn (C:\\dev\\node_modules\\jest-circus\\build\\utils.js:231:10)\n    at _callCircusTest (C:\\dev\\node_modules\\jest-circus\\build\\run.js:316:40)\n    at processTicksAndRejections (node:internal/process/task_queues:104:5)\n    at _runTest (C:\\dev\\node_modules\\jest-circus\\build\\run.js:252:3)\n    at _runTestsForDescribeBlock (C:\\dev\\node_modules\\jest-circus\\build\\run.js:126:9)\n    at _runTestsForDescribeBlock (C:\\dev\\node_modules\\jest-circus\\build\\run.js:121:9)\n    at run (C:\\dev\\node_modules\\jest-circus\\build\\run.js:71:3)\n    at runAndTransformResultsToJestFormat (C:\\dev\\node_modules\\jest-circus\\build\\legacy-code-todo-rewrite\\jestAdapterInit.js:122:21)\n    at jestAdapter (C:\\dev\\node_modules\\jest-circus\\build\\legacy-code-todo-rewrite\\jestAdapter.js:79:19)\n    at runTestInternal (C:\\dev\\node_modules\\jest-runner\\build\\runTest.js:367:16)\n    at runTest (C:\\dev\\node_modules\\jest-runner\\build\\runTest.js:444:34)\n    at Object.worker (C:\\dev\\node_modules\\jest-runner\\build\\testWorker.js:106:12)"},"meta":{"adapter":"bookstack","operation":"search","error":{}},"level":"error"}
{"level":"INFO","time":"2026-06-22T22:17:50.246Z","pid":30332,"hostname":"LAPTOP-66OOGH2M","component":"bookstack","action":"health","status":"success","meta":{"adapter":"bookstack","operation":"health"},"level":"info"}
PASS cic-ingestion/src/autonomy/ExecutionPolicy.test.ts
  ExecutionPolicy
    ExecutionMode definitions
      √ should define all execution modes (6 ms)
    isToolAllowed
      √ INTERACTIVE mode allows all tools (2 ms)
      √ UNATTENDED mode denies Agent spawn (7 ms)
      √ UNATTENDED mode allows pre-approved tools (2 ms)
      √ UNATTENDED mode rejects non-pre-approved tools (2 ms)
      √ BATCH mode allows pre-approved tools (2 ms)
      √ MAINTENANCE mode respects its policy (2 ms)
    getPreapprovedTools
      √ INTERACTIVE returns empty (no pre-approval needed) (2 ms)
      √ UNATTENDED returns context pre-approved tools (2 ms)
    validateContext
      √ accepts valid UNATTENDED context (2 ms)
      √ rejects missing taskId (1 ms)
      √ rejects invalid mode (2 ms)
      √ rejects UNATTENDED without pre-approved tools (2 ms)
      √ rejects timeout < 10 seconds (1 ms)
    pattern matching
      √ matches exact patterns (2 ms)
      √ matches wildcard patterns (2 ms)
    global engine
      √ returns singleton instance (2 ms)
  TaskMetadataStore
    context management
      √ registers and retrieves execution context (3 ms)
      √ returns null for non-existent task (2 ms)
      √ sets and gets current context globally (4 ms)
      √ clears current context
    execution tracking
      √ starts and completes execution (2 ms)
      √ records multiple tool calls (1 ms)
    audit log export
      √ exports execution history as JSON (1 ms)
      √ exports all execution histories (1 ms)
    cleanup
      √ clears old execution records (2 ms)
    global store
      √ returns singleton instance (1 ms)
    settings merge
      √ merges partial context with mode settings defaults (3 ms)
      √ task context takes precedence over settings (3 ms)
      √ uses defaults for BATCH mode (2 ms)
      √ getModeSettings returns settings for known mode (2 ms)

PASS cic-ingestion/src/config/__tests__/loader.test.ts
  ConfigLoader
    √ loads defaults.json without override (17 ms)
    √ merges override file via CIC_CONFIG_PATH (8 ms)
    √ config object is frozen at top level (53 ms)

PASS cic-ingestion/src/prompt-cache/config/__tests__/config.test.ts
  CacheConfig
    √ default config loads without env vars (7 ms)
    √ env var overrides model (2 ms)
    √ env var overrides registry path (1 ms)
    √ env var overrides TTL hours (1 ms)
    √ env var overrides batch size (1 ms)
    √ env vars override pricing tiers (1 ms)
    √ invalid TTL throws error (91 ms)
    √ partial env merge with defaults (3 ms)

  console.log
    {"level":"INFO","event":"spa.hydration.start","url":"https://example.com"}

      at CICLogger.info (src/lib/logger.ts:19:13)

  console.log
    {"level":"INFO","event":"spa.hydration.complete","score":100,"framework":"react","healthy":true,"timeMs":214,"signals":{"reactNextMarkers":true,"mutationCount":42,"nodeCountDeltaPercent":2,"stabilityAchieved":true}}

      at CICLogger.info (src/lib/logger.ts:19:13)

  console.log
    {"level":"INFO","event":"spa.hydration.start","url":"https://example.webflow.io"}

      at CICLogger.info (src/lib/logger.ts:19:13)

  console.log
    {"level":"INFO","event":"spa.hydration.complete","score":60,"framework":"webflow","healthy":true,"timeMs":3,"signals":{"reactNextMarkers":false,"mutationCount":30,"nodeCountDeltaPercent":2,"stabilityAchieved":true}}

      at CICLogger.info (src/lib/logger.ts:19:13)

  console.log
    {"level":"INFO","event":"spa.hydration.start","url":"https://example.framer.app"}

      at CICLogger.info (src/lib/logger.ts:19:13)

  console.log
    {"level":"INFO","event":"spa.hydration.complete","score":60,"framework":"framer","healthy":true,"timeMs":3,"signals":{"reactNextMarkers":false,"mutationCount":25,"nodeCountDeltaPercent":2,"stabilityAchieved":true}}

      at CICLogger.info (src/lib/logger.ts:19:13)

  console.log
    {"level":"INFO","event":"spa.hydration.start","url":"https://example.wix.com"}

      at CICLogger.info (src/lib/logger.ts:19:13)

  console.log
    {"level":"INFO","event":"spa.hydration.complete","score":60,"framework":"wix","healthy":true,"timeMs":5,"signals":{"reactNextMarkers":false,"mutationCount":35,"nodeCountDeltaPercent":2,"stabilityAchieved":true}}

      at CICLogger.info (src/lib/logger.ts:19:13)

  console.log
    {"level":"INFO","event":"sampling.start","baseUrl":"https://example.com"}

      at CICLogger.info (src/lib/logger.ts:19:13)

  console.log
    {"level":"INFO","event":"spa.hydration.start","url":"https://example.com"}

      at CICLogger.info (src/lib/logger.ts:19:13)

  console.log
    {"level":"INFO","event":"spa.hydration.complete","score":20,"framework":"unknown","healthy":false,"timeMs":4,"signals":{"reactNextMarkers":false,"mutationCount":0,"nodeCountDeltaPercent":0,"stabilityAchieved":false}}

      at CICLogger.info (src/lib/logger.ts:19:13)

  console.log
    {"level":"INFO","event":"sampling.candidate.start","url":"https://example.com/"}

      at CICLogger.info (src/lib/logger.ts:19:13)

  console.log
    {"level":"INFO","event":"sampling.candidate.complete","url":"https://example.com/","nodeCount":500,"completenessScore":34,"hydrationScore":80}

      at CICLogger.info (src/lib/logger.ts:19:13)

  console.log
    {"level":"INFO","event":"sampling.candidate.start","url":"https://example.com/home"}

      at CICLogger.info (src/lib/logger.ts:19:13)

  console.log
    {"level":"INFO","event":"spa.hydration.start","url":"https://example.com"}

      at CICLogger.info (src/lib/logger.ts:19:13)

  console.log
    {"level":"INFO","event":"sampling.candidate.complete","url":"https://example.com/home","nodeCount":500,"completenessScore":34,"hydrationScore":80}

      at CICLogger.info (src/lib/logger.ts:19:13)

  console.log
    {"level":"INFO","event":"sampling.candidate.start","url":"https://example.com/services"}

      at CICLogger.info (src/lib/logger.ts:19:13)

  console.log
    {"level":"INFO","event":"sampling.candidate.complete","url":"https://example.com/services","nodeCount":500,"completenessScore":34,"hydrationScore":80}

      at CICLogger.info (src/lib/logger.ts:19:13)

  console.log
    {"level":"INFO","event":"sampling.selected","url":"https://example.com/","score":34}

      at CICLogger.info (src/lib/logger.ts:19:13)

  console.log
    {"level":"INFO","event":"sampling.start","baseUrl":"https://example.com"}

      at CICLogger.info (src/lib/logger.ts:19:13)

  console.log
    {"level":"INFO","event":"sampling.candidate.start","url":"https://example.com/"}

      at CICLogger.info (src/lib/logger.ts:19:13)

  console.log
    {"level":"INFO","event":"sampling.candidate.complete","url":"https://example.com/","nodeCount":500,"completenessScore":36,"hydrationScore":80}

      at CICLogger.info (src/lib/logger.ts:19:13)

  console.log
    {"level":"INFO","event":"sampling.candidate.start","url":"https://example.com/home"}

      at CICLogger.info (src/lib/logger.ts:19:13)

  console.error
    {"level":"ERROR","event":"spa.hydration.nodecount_error","error":"Error: Page crashed"}

    [0m [90m 25 |[39m
     [90m 26 |[39m   error(event[33m:[39m string[33m,[39m context[33m?[39m[33m:[39m [33mLogContext[39m)[33m:[39m [36mvoid[39m {
    [31m[1m>[22m[39m[90m 27 |[39m     console[33m.[39merror([33mJSON[39m[33m.[39mstringify({ level[33m:[39m [32m"ERROR"[39m[33m,[39m event[33m,[39m [33m...[39mcontext }))
     [90m    |[39m             [31m[1m^[22m[39m
     [90m 28 |[39m   }
     [90m 29 |[39m
     [90m 30 |[39m   debug(event[33m:[39m string[33m,[39m context[33m?[39m[33m:[39m [33mLogContext[39m)[33m:[39m [36mvoid[39m {[0m

      at CICLogger.error (src/lib/logger.ts:27:13)
      at SpaHydrationDetector.getNodeCount (src/extractors/browser/SpaHydrationDetector.ts:227:14)
      at SpaHydrationDetector.detect (src/extractors/browser/SpaHydrationDetector.ts:35:32)
      at Object.<anonymous> (src/extractors/browser/SpaHydrationDetector.test.ts:130:22)

  console.log
    {"level":"INFO","event":"sampling.candidate.complete","url":"https://example.com/home","nodeCount":1000,"completenessScore":44,"hydrationScore":80}

      at CICLogger.info (src/lib/logger.ts:19:13)

  console.log
    {"level":"INFO","event":"sampling.candidate.start","url":"https://example.com/services"}

      at CICLogger.info (src/lib/logger.ts:19:13)

  console.log
    {"level":"INFO","event":"sampling.candidate.complete","url":"https://example.com/services","nodeCount":2000,"completenessScore":54,"hydrationScore":80}

      at CICLogger.info (src/lib/logger.ts:19:13)

  console.log
    {"level":"INFO","event":"sampling.selected","url":"https://example.com/services","score":54}

      at CICLogger.info (src/lib/logger.ts:19:13)

  console.error
    {"level":"ERROR","event":"spa.hydration.script_error","error":"Error: Page crashed"}

    [0m [90m 25 |[39m
     [90m 26 |[39m   error(event[33m:[39m string[33m,[39m context[33m?[39m[33m:[39m [33mLogContext[39m)[33m:[39m [36mvoid[39m {
    [31m[1m>[22m[39m[90m 27 |[39m     console[33m.[39merror([33mJSON[39m[33m.[39mstringify({ level[33m:[39m [32m"ERROR"[39m[33m,[39m event[33m,[39m [33m...[39mcontext }))
     [90m    |[39m             [31m[1m^[22m[39m
     [90m 28 |[39m   }
     [90m 29 |[39m
     [90m 30 |[39m   debug(event[33m:[39m string[33m,[39m context[33m?[39m[33m:[39m [33mLogContext[39m)[33m:[39m [36mvoid[39m {[0m

      at CICLogger.error (src/lib/logger.ts:27:13)
      at SpaHydrationDetector.observeHydration (src/extractors/browser/SpaHydrationDetector.ts:183:14)
      at SpaHydrationDetector.detect (src/extractors/browser/SpaHydrationDetector.ts:36:23)
      at Object.<anonymous> (src/extractors/browser/SpaHydrationDetector.test.ts:130:22)

  console.log
    {"level":"INFO","event":"sampling.start","baseUrl":"https://example.com"}

      at CICLogger.info (src/lib/logger.ts:19:13)

  console.log
    {"level":"INFO","event":"sampling.candidate.start","url":"https://example.com/"}

      at CICLogger.info (src/lib/logger.ts:19:13)

  console.error
    {"level":"ERROR","event":"spa.hydration.error","error":"Error: Page crashed","url":"https://example.com"}

    [0m [90m 25 |[39m
     [90m 26 |[39m   error(event[33m:[39m string[33m,[39m context[33m?[39m[33m:[39m [33mLogContext[39m)[33m:[39m [36mvoid[39m {
    [31m[1m>[22m[39m[90m 27 |[39m     console[33m.[39merror([33mJSON[39m[33m.[39mstringify({ level[33m:[39m [32m"ERROR"[39m[33m,[39m event[33m,[39m [33m...[39mcontext }))
     [90m    |[39m             [31m[1m^[22m[39m
     [90m 28 |[39m   }
     [90m 29 |[39m
     [90m 30 |[39m   debug(event[33m:[39m string[33m,[39m context[33m?[39m[33m:[39m [33mLogContext[39m)[33m:[39m [36mvoid[39m {[0m

      at CICLogger.error (src/lib/logger.ts:27:13)
      at SpaHydrationDetector.detect (src/extractors/browser/SpaHydrationDetector.ts:63:14)
      at Object.<anonymous> (src/extractors/browser/SpaHydrationDetector.test.ts:130:22)

  console.log
    {"level":"INFO","event":"sampling.candidate.complete","url":"https://example.com/","nodeCount":100,"completenessScore":14,"hydrationScore":50}

      at CICLogger.info (src/lib/logger.ts:19:13)

  console.log
    {"level":"INFO","event":"sampling.candidate.start","url":"https://example.com/home"}

      at CICLogger.info (src/lib/logger.ts:19:13)

  console.log
    {"level":"INFO","event":"sampling.candidate.complete","url":"https://example.com/home","nodeCount":100,"completenessScore":14,"hydrationScore":50}

      at CICLogger.info (src/lib/logger.ts:19:13)

  console.log
    {"level":"INFO","event":"spa.hydration.start","url":"https://example.com"}

      at CICLogger.info (src/lib/logger.ts:19:13)

  console.log
    {"level":"INFO","event":"sampling.candidate.start","url":"https://example.com/services"}

      at CICLogger.info (src/lib/logger.ts:19:13)

  console.log
    {"level":"INFO","event":"spa.hydration.complete","score":100,"framework":"react","healthy":true,"timeMs":2,"signals":{"reactNextMarkers":true,"mutationCount":10,"nodeCountDeltaPercent":1,"stabilityAchieved":true}}

      at CICLogger.info (src/lib/logger.ts:19:13)

  console.log
    {"level":"INFO","event":"sampling.candidate.complete","url":"https://example.com/services","nodeCount":3000,"completenessScore":28,"hydrationScore":50}

      at CICLogger.info (src/lib/logger.ts:19:13)

  console.log
    {"level":"INFO","event":"sampling.selected","url":"https://example.com/services","score":28}

      at CICLogger.info (src/lib/logger.ts:19:13)

  console.log
    {"level":"INFO","event":"spa.hydration.start","url":"https://example.com"}

      at CICLogger.info (src/lib/logger.ts:19:13)

  console.log
    {"level":"INFO","event":"sampling.start","baseUrl":"https://example.com"}

      at CICLogger.info (src/lib/logger.ts:19:13)

  console.log
    {"level":"INFO","event":"spa.hydration.complete","score":100,"framework":"react","healthy":true,"timeMs":2,"signals":{"reactNextMarkers":true,"mutationCount":5,"nodeCountDeltaPercent":1,"stabilityAchieved":true}}

      at CICLogger.info (src/lib/logger.ts:19:13)

  console.log
    {"level":"INFO","event":"sampling.candidate.start","url":"https://example.com/"}

      at CICLogger.info (src/lib/logger.ts:19:13)

  console.log
    {"level":"INFO","event":"sampling.candidate.complete","url":"https://example.com/","nodeCount":30,"completenessScore":5,"hydrationScore":20}

      at CICLogger.info (src/lib/logger.ts:19:13)

  console.log
    {"level":"INFO","event":"spa.hydration.start","url":"https://example.com"}

      at CICLogger.info (src/lib/logger.ts:19:13)

  console.log
    {"level":"INFO","event":"sampling.candidate.start","url":"https://example.com/home"}

      at CICLogger.info (src/lib/logger.ts:19:13)

  console.log
    {"level":"INFO","event":"spa.hydration.complete","score":0,"framework":"unknown","healthy":false,"timeMs":3,"signals":{"reactNextMarkers":false,"mutationCount":100,"nodeCountDeltaPercent":10,"stabilityAchieved":false}}

      at CICLogger.info (src/lib/logger.ts:19:13)

  console.log
    {"level":"INFO","event":"sampling.candidate.complete","url":"https://example.com/home","nodeCount":30,"completenessScore":5,"hydrationScore":20}

      at CICLogger.info (src/lib/logger.ts:19:13)

  console.log
    {"level":"INFO","event":"sampling.candidate.start","url":"https://example.com/services"}

      at CICLogger.info (src/lib/logger.ts:19:13)

  console.log
    {"level":"INFO","event":"sampling.candidate.complete","url":"https://example.com/services","nodeCount":30,"completenessScore":5,"hydrationScore":20}

      at CICLogger.info (src/lib/logger.ts:19:13)

PASS src/extractors/browser/SpaHydrationDetector.test.ts
  SpaHydrationDetector
    detect
      √ detects React/Next.js hydration (220 ms)
      √ detects Webflow hydration (8 ms)
      √ detects Framer hydration (5 ms)
      √ detects Wix hydration (8 ms)
      √ marks unhealthy when score < 40 (8 ms)
      √ handles page.evaluate errors gracefully (29 ms)
      √ returns timeMs metric (4 ms)
    scoring
      √ scores perfectly when all signals present (4 ms)
      √ scores low when node count delta exceeds threshold (5 ms)

  console.log
    {"level":"INFO","event":"sampling.selected","url":"https://example.com/","score":5}

      at CICLogger.info (src/lib/logger.ts:19:13)

  console.log
    {"level":"INFO","event":"sampling.start","baseUrl":"https://example.com"}

      at CICLogger.info (src/lib/logger.ts:19:13)

  console.log
    {"level":"INFO","event":"sampling.candidate.start","url":"https://example.com/"}

      at CICLogger.info (src/lib/logger.ts:19:13)

  console.error
    {"level":"ERROR","event":"sampling.candidate.error","url":"https://example.com/","error":"Error: Navigation failed"}

    [0m [90m 25 |[39m
     [90m 26 |[39m   error(event[33m:[39m string[33m,[39m context[33m?[39m[33m:[39m [33mLogContext[39m)[33m:[39m [36mvoid[39m {
    [31m[1m>[22m[39m[90m 27 |[39m     console[33m.[39merror([33mJSON[39m[33m.[39mstringify({ level[33m:[39m [32m"ERROR"[39m[33m,[39m event[33m,[39m [33m...[39mcontext }))
     [90m    |[39m             [31m[1m^[22m[39m
     [90m 28 |[39m   }
     [90m 29 |[39m
     [90m 30 |[39m   debug(event[33m:[39m string[33m,[39m context[33m?[39m[33m:[39m [33mLogContext[39m)[33m:[39m [36mvoid[39m {[0m

      at CICLogger.error (src/lib/logger.ts:27:13)
      at DomSampler.sample (src/extractors/browser/DomSampler.ts:59:16)
      at Object.<anonymous> (src/extractors/browser/DomSampler.test.ts:191:22)

  console.log
    {"level":"INFO","event":"sampling.candidate.start","url":"https://example.com/home"}

      at CICLogger.info (src/lib/logger.ts:19:13)

  console.log
    {"level":"INFO","event":"sampling.candidate.complete","url":"https://example.com/home","nodeCount":500,"completenessScore":34,"hydrationScore":80}

      at CICLogger.info (src/lib/logger.ts:19:13)

  console.log
    {"level":"INFO","event":"sampling.candidate.start","url":"https://example.com/services"}

      at CICLogger.info (src/lib/logger.ts:19:13)

  console.log
    {"level":"INFO","event":"sampling.candidate.complete","url":"https://example.com/services","nodeCount":800,"completenessScore":39,"hydrationScore":80}

      at CICLogger.info (src/lib/logger.ts:19:13)

  console.log
    {"level":"INFO","event":"sampling.selected","url":"https://example.com/services","score":39}

      at CICLogger.info (src/lib/logger.ts:19:13)

  console.log
    {"level":"INFO","event":"sampling.start","baseUrl":"https://example.com"}

      at CICLogger.info (src/lib/logger.ts:19:13)

  console.log
    {"level":"INFO","event":"sampling.candidate.start","url":"https://example.com/"}

      at CICLogger.info (src/lib/logger.ts:19:13)

  console.log
    {"level":"INFO","event":"sampling.candidate.complete","url":"https://example.com/","nodeCount":3000,"completenessScore":65,"hydrationScore":90}

      at CICLogger.info (src/lib/logger.ts:19:13)

  console.log
    {"level":"INFO","event":"sampling.candidate.start","url":"https://example.com/home"}

      at CICLogger.info (src/lib/logger.ts:19:13)

  console.log
    {"level":"INFO","event":"sampling.candidate.complete","url":"https://example.com/home","nodeCount":3000,"completenessScore":65,"hydrationScore":90}

      at CICLogger.info (src/lib/logger.ts:19:13)

  console.log
    {"level":"INFO","event":"sampling.candidate.start","url":"https://example.com/services"}

      at CICLogger.info (src/lib/logger.ts:19:13)

  console.log
    {"level":"INFO","event":"sampling.candidate.complete","url":"https://example.com/services","nodeCount":3000,"completenessScore":65,"hydrationScore":90}

      at CICLogger.info (src/lib/logger.ts:19:13)

  console.log
    {"level":"INFO","event":"sampling.selected","url":"https://example.com/","score":65}

      at CICLogger.info (src/lib/logger.ts:19:13)

  console.log
    {"level":"INFO","event":"sampling.start","baseUrl":"https://example.com"}

      at CICLogger.info (src/lib/logger.ts:19:13)

  console.log
    {"level":"INFO","event":"sampling.candidate.start","url":"https://example.com/"}

      at CICLogger.info (src/lib/logger.ts:19:13)

  console.log
    {"level":"INFO","event":"sampling.candidate.complete","url":"https://example.com/","nodeCount":80,"completenessScore":10,"hydrationScore":30}

      at CICLogger.info (src/lib/logger.ts:19:13)

  console.log
    {"level":"INFO","event":"sampling.candidate.start","url":"https://example.com/home"}

      at CICLogger.info (src/lib/logger.ts:19:13)

  console.log
    {"level":"INFO","event":"sampling.candidate.complete","url":"https://example.com/home","nodeCount":80,"completenessScore":10,"hydrationScore":30}

      at CICLogger.info (src/lib/logger.ts:19:13)

  console.log
    {"level":"INFO","event":"sampling.candidate.start","url":"https://example.com/services"}

      at CICLogger.info (src/lib/logger.ts:19:13)

  console.log
    {"level":"INFO","event":"sampling.candidate.complete","url":"https://example.com/services","nodeCount":80,"completenessScore":10,"hydrationScore":30}

      at CICLogger.info (src/lib/logger.ts:19:13)

  console.log
    {"level":"INFO","event":"sampling.selected","url":"https://example.com/","score":10}

      at CICLogger.info (src/lib/logger.ts:19:13)

PASS src/extractors/browser/DomSampler.test.ts
  DomSampler
    sample
      √ samples all candidate URLs (29 ms)
      √ selects URL with highest completeness score (12 ms)
      √ filters out scores below threshold (13 ms)
      √ falls back to best available when all scores low (11 ms)
      √ handles navigation errors gracefully (12 ms)
    completeness scoring
      √ scores high for rich DOM (11 ms)
      √ scores low for sparse DOM (11 ms)

PASS cic/__tests__/planning/phase-cost-estimator.test.ts
  PhaseCostEstimator
    √ estimates cost for single phase (2 ms)
    √ estimates batch costs with correlation (1 ms)
    √ updates model from actuals

PASS src/validation/envelope.test.ts
  Envelope Helpers
    makeSuccess
      √ returns envelope with ok=true (6 ms)
      √ includes meta with adapter name (1 ms)
      √ includes durationMs as non-negative number (9 ms)
      √ includes ISO timestamp (1 ms)
      √ never includes error field (1 ms)
      √ preserves data type (object) (2 ms)
      √ preserves data type (array) (1 ms)
      √ allows null data (1 ms)
      √ calculates duration correctly
      √ handles large data payloads (1 ms)
      √ handles deeply nested objects (2 ms)
    makeError
      √ returns envelope with ok=false (1 ms)
      √ never includes data field (2 ms)
      √ includes error with code and message (1 ms)
      √ includes error details object (1 ms)
      √ includes meta with adapter, duration, timestamp (87 ms)
      √ handles Error object in details (1 ms)
      √ handles null details
      √ handles undefined details (1 ms)
      √ preserves error code case (uppercase)
      √ handles long error codes
    Envelope invariants
      √ success envelope never has both ok=true and error field (78 ms)
      √ error envelope never has both ok=false and data field
      √ all envelopes have meta field (1 ms)
      √ all meta fields have required properties (1 ms)
      √ adapter name is non-empty string (1 ms)
      √ durationMs is always a number (never negative) (3 ms)
      √ timestamp is always ISO string (1 ms)
    Edge cases
      √ handles empty string adapter name (1 ms)
      √ handles zero duration (1 ms)
      √ handles very large duration (2 ms)
      √ handles special characters in error code
      √ handles Unicode in data (1 ms)
      √ handles circular reference protection (if applicable) (1 ms)
    Type consistency
      √ success envelope always has ok: true (boolean) (1 ms)
      √ error envelope always has ok: false (boolean) (1 ms)
      √ meta object has correct types (1 ms)
      √ error object has correct types (1 ms)

PASS cic/__tests__/planning/delta-synthesizer.test.ts
  RoadmapDeltaSynthesizer
    √ synthesizes roadmap delta from actual vs planned (2 ms)
    √ correlates delta with governance vault (1 ms)
    √ persists delta to vault store

PASS cic-ingestion/src/config/__tests__/schema.test.ts
  Schema
    √ schema.json is valid JSON (3 ms)
    √ schema has required top-level properties (2 ms)

FAIL cic-ingestion/src/wayland/__tests__/wayland-security-policy.test.ts
  ● Test suite failed to run

    [96mcic-ingestion/src/wayland/__tests__/wayland-security-policy.test.ts[0m:[93m11[0m:[93m8[0m - [91merror[0m[90m TS2307: [0mCannot find module '../wayland-security-policy' or its corresponding type declarations.

    [7m11[0m } from '../wayland-security-policy';
    [7m  [0m [91m       ~~~~~~~~~~~~~~~~~~~~~~~~~~~~[0m
    [96mcic-ingestion/src/wayland/__tests__/wayland-security-policy.test.ts[0m:[93m44[0m:[93m33[0m - [91merror[0m[90m TS7006: [0mParameter 'r' implicitly has an 'any' type.

    [7m44[0m       const added = rules.find((r) => r.id === 'test-rule-1');
    [7m  [0m [91m                                ~[0m

FAIL cic/src/runtime/tests/queue.redis.test.js
  ● Test suite failed to run

    Jest encountered an unexpected token

    Jest failed to parse a file. This happens e.g. when your code or its dependencies use non-standard JavaScript syntax, or when Jest is not configured to support such syntax.

    Out of the box Jest supports Babel, which will be used to transform your files into valid JS based on your Babel configuration.

    By default "node_modules" folder is ignored by transformers.

    Here's what you can do:
     • If you are trying to use ECMAScript Modules, see https://jestjs.io/docs/ecmascript-modules for how to enable it.
     • If you are trying to use TypeScript, see https://jestjs.io/docs/getting-started#using-typescript
     • To have some of your "node_modules" files transformed, you can specify a custom "transformIgnorePatterns" in your config.
     • If you need a custom transformation specify a "transform" option in your config.
     • If you simply want to mock your non-JS modules (e.g. binary assets) you can stub them out with the "moduleNameMapper" config option.

    You'll find more details and examples of these config options in the docs:
    https://jestjs.io/docs/configuration
    For information about custom transformations, see:
    https://jestjs.io/docs/code-transformation

    Details:

    C:\dev\cic\src\runtime\tests\queue.redis.test.js:9
    import { describe, it, expect, beforeAll, afterAll, beforeEach } from "@jest/globals";
    ^^^^^^

    SyntaxError: Cannot use import statement outside a module

      at Runtime.createScriptFromCode (node_modules/jest-runtime/build/index.js:1505:14)

FAIL cic-ingestion/src/vector/__tests__/torqueQueryRegression.test.ts
  ● Test suite failed to run

    [96mcic-ingestion/src/vector/__tests__/torqueQueryRegression.test.ts[0m:[93m6[0m:[93m36[0m - [91merror[0m[90m TS2307: [0mCannot find module '../torqueQueryPlanner.js' or its corresponding type declarations.

    [7m6[0m import { TorqueQueryPlanner } from "../torqueQueryPlanner.js";
    [7m [0m [91m                                   ~~~~~~~~~~~~~~~~~~~~~~~~~~[0m
    [96mcic-ingestion/src/vector/__tests__/torqueQueryRegression.test.ts[0m:[93m7[0m:[93m49[0m - [91merror[0m[90m TS2307: [0mCannot find module '../qdrantClient.js' or its corresponding type declarations.

    [7m7[0m import QdrantClient, { QdrantQueryResult } from "../qdrantClient.js";
    [7m [0m [91m                                                ~~~~~~~~~~~~~~~~~~~~[0m
    [96mcic-ingestion/src/vector/__tests__/torqueQueryRegression.test.ts[0m:[93m19[0m:[93m18[0m - [91merror[0m[90m TS4112: [0mThis member cannot have an 'override' modifier because its containing class 'FakeQdrantClient' does not extend another class.

    [7m19[0m   override async query(_vector: number[], limit: number) {
    [7m  [0m [91m                 ~~~~~[0m
    [96mcic-ingestion/src/vector/__tests__/torqueQueryRegression.test.ts[0m:[93m23[0m:[93m12[0m - [91merror[0m[90m TS4112: [0mThis member cannot have an 'override' modifier because its containing class 'FakeQdrantClient' does not extend another class.

    [7m23[0m   override collectionName() {
    [7m  [0m [91m           ~~~~~~~~~~~~~~[0m
    [96mcic-ingestion/src/vector/__tests__/torqueQueryRegression.test.ts[0m:[93m27[0m:[93m18[0m - [91merror[0m[90m TS4112: [0mThis member cannot have an 'override' modifier because its containing class 'FakeQdrantClient' does not extend another class.

    [7m27[0m   override async health() {
    [7m  [0m [91m                 ~~~~~~[0m
    [96mcic-ingestion/src/vector/__tests__/torqueQueryRegression.test.ts[0m:[93m31[0m:[93m18[0m - [91merror[0m[90m TS4112: [0mThis member cannot have an 'override' modifier because its containing class 'FakeQdrantClient' does not extend another class.

    [7m31[0m   override async stats() {
    [7m  [0m [91m                 ~~~~~[0m
    [96mcic-ingestion/src/vector/__tests__/torqueQueryRegression.test.ts[0m:[93m69[0m:[93m31[0m - [91merror[0m[90m TS7006: [0mParameter 'h' implicitly has an 'any' type.

    [7m69[0m     const ids = res.hits.map((h) => h.id);
    [7m  [0m [91m                              ~[0m
    [96mcic-ingestion/src/vector/__tests__/torqueQueryRegression.test.ts[0m:[93m104[0m:[93m47[0m - [91merror[0m[90m TS7006: [0mParameter 'h' implicitly has an 'any' type.

    [7m104[0m     const collections = new Set(res.hits.map((h) => h.collection));
    [7m   [0m [91m                                              ~[0m
    [96mcic-ingestion/src/vector/__tests__/torqueQueryRegression.test.ts[0m:[93m131[0m:[93m27[0m - [91merror[0m[90m TS7006: [0mParameter 'h' implicitly has an 'any' type.

    [7m131[0m     expect(res1.hits.map((h) => h.id)).toEqual(res2.hits.map((h) => h.id));
    [7m   [0m [91m                          ~[0m
    [96mcic-ingestion/src/vector/__tests__/torqueQueryRegression.test.ts[0m:[93m131[0m:[93m63[0m - [91merror[0m[90m TS7006: [0mParameter 'h' implicitly has an 'any' type.

    [7m131[0m     expect(res1.hits.map((h) => h.id)).toEqual(res2.hits.map((h) => h.id));
    [7m   [0m [91m                                                              ~[0m

FAIL cic-ingestion/src/wayland/__tests__/wayland-adapter-registry.test.ts
  ● Test suite failed to run

    [96mcic-ingestion/src/wayland/__tests__/wayland-adapter-registry.test.ts[0m:[93m11[0m:[93m8[0m - [91merror[0m[90m TS2307: [0mCannot find module '../wayland-adapter-registry' or its corresponding type declarations.

    [7m11[0m } from '../wayland-adapter-registry';
    [7m  [0m [91m       ~~~~~~~~~~~~~~~~~~~~~~~~~~~~~[0m
    [96mcic-ingestion/src/wayland/__tests__/wayland-adapter-registry.test.ts[0m:[93m143[0m:[93m28[0m - [91merror[0m[90m TS7006: [0mParameter 'a' implicitly has an 'any' type.

    [7m143[0m       expect(adapters.map((a) => a.id)).toContain('adapter-5');
    [7m   [0m [91m                           ~[0m
    [96mcic-ingestion/src/wayland/__tests__/wayland-adapter-registry.test.ts[0m:[93m144[0m:[93m28[0m - [91merror[0m[90m TS7006: [0mParameter 'a' implicitly has an 'any' type.

    [7m144[0m       expect(adapters.map((a) => a.id)).toContain('adapter-6');
    [7m   [0m [91m                           ~[0m

FAIL cic-ingestion/src/vector/__tests__/goldenQueries.test.ts
  ● Test suite failed to run

    [96mcic-ingestion/src/vector/__tests__/goldenQueries.test.ts[0m:[93m3[0m:[93m36[0m - [91merror[0m[90m TS2307: [0mCannot find module '../torqueQueryPlanner.js' or its corresponding type declarations.

    [7m3[0m import { TorqueQueryPlanner } from "../torqueQueryPlanner.js";
    [7m [0m [91m                                   ~~~~~~~~~~~~~~~~~~~~~~~~~~[0m
    [96mcic-ingestion/src/vector/__tests__/goldenQueries.test.ts[0m:[93m4[0m:[93m25[0m - [91merror[0m[90m TS2307: [0mCannot find module '../vectorLayer.js' or its corresponding type declarations.

    [7m4[0m import VectorLayer from "../vectorLayer.js";
    [7m [0m [91m                        ~~~~~~~~~~~~~~~~~~~[0m
    [96mcic-ingestion/src/vector/__tests__/goldenQueries.test.ts[0m:[93m59[0m:[93m39[0m - [91merror[0m[90m TS7006: [0mParameter 'h' implicitly has an 'any' type.

    [7m59[0m       const actualIds = res.hits.map((h) => h.id);
    [7m  [0m [91m                                      ~[0m

FAIL cic-ingestion/src/cli/__tests__/cic-cli-cache.test.ts
  ● Test suite failed to run

    [96mcic-ingestion/src/cli/__tests__/cic-cli-cache.test.ts[0m:[93m2[0m:[93m38[0m - [91merror[0m[90m TS2307: [0mCannot find module '../../prompt-cache/router' or its corresponding type declarations.

    [7m2[0m import { CICPromptCacheRouter } from '../../prompt-cache/router';
    [7m [0m [91m                                     ~~~~~~~~~~~~~~~~~~~~~~~~~~~[0m

FAIL cic-ingestion/src/autonomy/__tests__/phase-23-2-integration.test.ts
  ● Test suite failed to run

    [96mcic-ingestion/src/autonomy/__tests__/phase-23-2-integration.test.ts[0m:[93m12[0m:[93m33[0m - [91merror[0m[90m TS2307: [0mCannot find module '../AutonomyService' or its corresponding type declarations.

    [7m12[0m import { AutonomyService } from '../AutonomyService';
    [7m  [0m [91m                                ~~~~~~~~~~~~~~~~~~~~[0m
    [96mcic-ingestion/src/autonomy/__tests__/phase-23-2-integration.test.ts[0m:[93m15[0m:[93m33[0m - [91merror[0m[90m TS2307: [0mCannot find module '../models/RoadmapProposal' or its corresponding type declarations.

    [7m15[0m import { RoadmapProposal } from '../models/RoadmapProposal';
    [7m  [0m [91m                                ~~~~~~~~~~~~~~~~~~~~~~~~~~~[0m

FAIL cic/src/runtime/tests/phase-6-integration.test.js
  ● Test suite failed to run

    Jest encountered an unexpected token

    Jest failed to parse a file. This happens e.g. when your code or its dependencies use non-standard JavaScript syntax, or when Jest is not configured to support such syntax.

    Out of the box Jest supports Babel, which will be used to transform your files into valid JS based on your Babel configuration.

    By default "node_modules" folder is ignored by transformers.

    Here's what you can do:
     • If you are trying to use ECMAScript Modules, see https://jestjs.io/docs/ecmascript-modules for how to enable it.
     • If you are trying to use TypeScript, see https://jestjs.io/docs/getting-started#using-typescript
     • To have some of your "node_modules" files transformed, you can specify a custom "transformIgnorePatterns" in your config.
     • If you need a custom transformation specify a "transform" option in your config.
     • If you simply want to mock your non-JS modules (e.g. binary assets) you can stub them out with the "moduleNameMapper" config option.

    You'll find more details and examples of these config options in the docs:
    https://jestjs.io/docs/configuration
    For information about custom transformations, see:
    https://jestjs.io/docs/code-transformation

    Details:

    C:\dev\cic\src\runtime\tests\phase-6-integration.test.js:10
    import { describe, it, expect, beforeAll, afterAll } from "@jest/globals";
    ^^^^^^

    SyntaxError: Cannot use import statement outside a module

      at Runtime.createScriptFromCode (node_modules/jest-runtime/build/index.js:1505:14)

FAIL cic-runtime/integration.test.ts
  ● Test suite failed to run

    Jest encountered an unexpected token

    Jest failed to parse a file. This happens e.g. when your code or its dependencies use non-standard JavaScript syntax, or when Jest is not configured to support such syntax.

    Out of the box Jest supports Babel, which will be used to transform your files into valid JS based on your Babel configuration.

    By default "node_modules" folder is ignored by transformers.

    Here's what you can do:
     • If you are trying to use ECMAScript Modules, see https://jestjs.io/docs/ecmascript-modules for how to enable it.
     • If you are trying to use TypeScript, see https://jestjs.io/docs/getting-started#using-typescript
     • To have some of your "node_modules" files transformed, you can specify a custom "transformIgnorePatterns" in your config.
     • If you need a custom transformation specify a "transform" option in your config.
     • If you simply want to mock your non-JS modules (e.g. binary assets) you can stub them out with the "moduleNameMapper" config option.

    You'll find more details and examples of these config options in the docs:
    https://jestjs.io/docs/configuration
    For information about custom transformations, see:
    https://jestjs.io/docs/code-transformation

    Details:

    C:\dev\node_modules\node-cron\node_modules\uuid\dist\esm-browser\index.js:1
    ({"Object.<anonymous>":function(module,exports,require,__dirname,__filename,jest){export { default as v1 } from './v1.js';
                                                                                      ^^^^^^

    SyntaxError: Unexpected token 'export'

    [0m [90m  7 |[39m [36mimport[39m { pathToFileURL [36mas[39m pathToFileUrl } [36mfrom[39m [32m'url'[39m[33m;[39m
     [90m  8 |[39m [36mimport[39m yaml [36mfrom[39m [32m'js-yaml'[39m[33m;[39m
    [31m[1m>[22m[39m[90m  9 |[39m [36mimport[39m cron [36mfrom[39m [32m'node-cron'[39m[33m;[39m
     [90m    |[39m [31m[1m^[22m[39m
     [90m 10 |[39m [36mimport[39m { [33mPool[39m[33m,[39m [33mPoolClient[39m } [36mfrom[39m [32m'pg'[39m[33m;[39m
     [90m 11 |[39m [36mimport[39m [33mDocker[39m [36mfrom[39m [32m'dockerode'[39m[33m;[39m
     [90m 12 |[39m [36mimport[39m { z } [36mfrom[39m [32m'zod'[39m[33m;[39m[0m

      at Runtime.createScriptFromCode (node_modules/jest-runtime/build/index.js:1505:14)
      at Object.<anonymous> (node_modules/node-cron/src/scheduled-task.js:6:14)
      at Object.<anonymous> (node_modules/node-cron/src/node-cron.js:3:23)
      at Object.<anonymous> (cic-runtime/defineAgent.ts:9:1)
      at Object.<anonymous> (cic-runtime/integration.test.ts:17:1)

Summary of all failing tests
FAIL src/metrics/VerticalDriftDetector.test.ts (16.297 s)
  ● VerticalDriftDetector › detectDrift › detects WAF drift

    expect(received).not.toBeNull()

    Received: null

    [0m [90m 117 |[39m       )
     [90m 118 |[39m
    [31m[1m>[22m[39m[90m 119 |[39m       expect(event)[33m.[39mnot[33m.[39mtoBeNull()
     [90m     |[39m                         [31m[1m^[22m[39m
     [90m 120 |[39m       expect(event[33m![39m[33m.[39mclassification)[33m.[39mtoBe([32m"waf"[39m)
     [90m 121 |[39m     })
     [90m 122 |[39m[0m

      at Object.<anonymous> (src/metrics/VerticalDriftDetector.test.ts:119:25)

  ● VerticalDriftDetector › detectDrift › detects structural drift (node count)

    expect(received).toBe(expected) // Object.is equality

    Expected: "structural"
    Received: "waf"

    [0m [90m 139 |[39m
     [90m 140 |[39m       expect(event)[33m.[39mnot[33m.[39mtoBeNull()
    [31m[1m>[22m[39m[90m 141 |[39m       expect(event[33m![39m[33m.[39mclassification)[33m.[39mtoBe([32m"structural"[39m)
     [90m     |[39m                                     [31m[1m^[22m[39m
     [90m 142 |[39m     })
     [90m 143 |[39m
     [90m 144 |[39m     it([32m"classifies as critical severity for 20%+ drift"[39m[33m,[39m [36masync[39m () [33m=>[39m {[0m

      at Object.<anonymous> (src/metrics/VerticalDriftDetector.test.ts:141:37)

  ● VerticalDriftDetector › severity mapping › maps info severity for transient error drift

    TypeError: Cannot read properties of null (reading 'severity')

    [0m [90m 252 |[39m       )
     [90m 253 |[39m
    [31m[1m>[22m[39m[90m 254 |[39m       expect(event[33m![39m[33m.[39mseverity)[33m.[39mtoBe([32m"info"[39m)
     [90m     |[39m                     [31m[1m^[22m[39m
     [90m 255 |[39m     })
     [90m 256 |[39m   })
     [90m 257 |[39m[0m

      at Object.<anonymous> (src/metrics/VerticalDriftDetector.test.ts:254:21)

  ● VerticalDriftDetector › recommendations › recommends network investigation for transient drift

    TypeError: Cannot read properties of null (reading 'recommendation')

    [0m [90m 282 |[39m       )
     [90m 283 |[39m
    [31m[1m>[22m[39m[90m 284 |[39m       expect(event[33m![39m[33m.[39mrecommendation)[33m.[39mtoContain([32m"network"[39m)
     [90m     |[39m                     [31m[1m^[22m[39m
     [90m 285 |[39m     })
     [90m 286 |[39m
     [90m 287 |[39m     it([32m"recommends WAF investigation for WAF drift"[39m[33m,[39m [36masync[39m () [33m=>[39m {[0m

      at Object.<anonymous> (src/metrics/VerticalDriftDetector.test.ts:284:21)

  ● VerticalDriftDetector › recommendations › recommends WAF investigation for WAF drift

    TypeError: Cannot read properties of null (reading 'recommendation')

    [0m [90m 297 |[39m       )
     [90m 298 |[39m
    [31m[1m>[22m[39m[90m 299 |[39m       expect(event[33m![39m[33m.[39mrecommendation)[33m.[39mtoContain([32m"WAF"[39m)
     [90m     |[39m                     [31m[1m^[22m[39m
     [90m 300 |[39m     })
     [90m 301 |[39m   })
     [90m 302 |[39m })[0m

      at Object.<anonymous> (src/metrics/VerticalDriftDetector.test.ts:299:21)

FAIL src/validation/guards.test.ts (17.144 s)
  ● Guard Helpers › Performance › validateFinalUrl is fast

    expect(received).toBeLessThan(expected)

    Expected: < 500
    Received:   1001

    [0m [90m 400 |[39m
     [90m 401 |[39m       [36mconst[39m elapsed [33m=[39m [33mDate[39m[33m.[39mnow() [33m-[39m start[33m;[39m
    [31m[1m>[22m[39m[90m 402 |[39m       expect(elapsed)[33m.[39mtoBeLessThan([35m500[39m)[33m;[39m [90m// reasonable threshold for 10k calls[39m
     [90m     |[39m                       [31m[1m^[22m[39m
     [90m 403 |[39m     })[33m;[39m
     [90m 404 |[39m
     [90m 405 |[39m     it([32m'sanitizeText handles large strings efficiently'[39m[33m,[39m () [33m=>[39m {[0m

      at Object.<anonymous> (src/validation/guards.test.ts:402:23)

FAIL cic-ingestion/src/aperture/__tests__/tool-execution-docker.test.ts (19.946 s)
  ● Phase A: Docker Tool Execution › Single Tool Execution › should execute file read tool

    expect(received).toBe(expected) // Object.is equality

    Expected: "success"
    Received: "failed"

    [0m [90m 92 |[39m       )[33m;[39m
     [90m 93 |[39m
    [31m[1m>[22m[39m[90m 94 |[39m       expect(result[33m.[39mreceipt[33m.[39mstatus)[33m.[39mtoBe([32m'success'[39m)[33m;[39m
     [90m    |[39m                                     [31m[1m^[22m[39m
     [90m 95 |[39m       expect(result[33m.[39moutput[33m.[39mdata)[33m.[39mtoBe([32m'test content'[39m)[33m;[39m
     [90m 96 |[39m
     [90m 97 |[39m       [36mawait[39m sandbox[33m.[39mcleanup()[33m;[39m[0m

      at Object.<anonymous> (cic-ingestion/src/aperture/__tests__/tool-execution-docker.test.ts:94:37)

  ● Phase A: Docker Tool Execution › Single Tool Execution › should execute file write tool

    ENOENT: no such file or directory, open 'C:\Users\soren\AppData\Local\Temp\aperture-7f7ac41c-5a0f-407c-9273-55a60a30d7c1\output.txt'



  ● Phase A: Docker Tool Execution › Chained Tool Execution › should execute write then read in sequence

    expect(received).toBe(expected) // Object.is equality

    Expected: "success"
    Received: "failed"

    [0m [90m 167 |[39m       )[33m;[39m
     [90m 168 |[39m
    [31m[1m>[22m[39m[90m 169 |[39m       expect(readResult[33m.[39mreceipt[33m.[39mstatus)[33m.[39mtoBe([32m'success'[39m)[33m;[39m
     [90m     |[39m                                         [31m[1m^[22m[39m
     [90m 170 |[39m       expect(readResult[33m.[39moutput[33m.[39mdata)[33m.[39mtoBe([32m'chained data'[39m)[33m;[39m
     [90m 171 |[39m
     [90m 172 |[39m       [36mawait[39m sandbox[33m.[39mcleanup()[33m;[39m[0m

      at Object.<anonymous> (cic-ingestion/src/aperture/__tests__/tool-execution-docker.test.ts:169:41)

  ● Phase A: Docker Tool Execution › Chained Tool Execution › should execute shell command then write result

    TypeError: Cannot read properties of null (reading 'data')

    [0m [90m 204 |[39m       )[33m;[39m
     [90m 205 |[39m
    [31m[1m>[22m[39m[90m 206 |[39m       expect(readResult[33m.[39moutput[33m.[39mdata)[33m.[39mtoContain([32m'generated content'[39m)[33m;[39m
     [90m     |[39m                                [31m[1m^[22m[39m
     [90m 207 |[39m
     [90m 208 |[39m       [36mawait[39m sandbox[33m.[39mcleanup()[33m;[39m
     [90m 209 |[39m     })[33m;[39m[0m

      at Object.<anonymous> (cic-ingestion/src/aperture/__tests__/tool-execution-docker.test.ts:206:32)

  ● Phase A: Docker Tool Execution › Docker Volume Mounting › should persist files written to sandbox

    ENOENT: no such file or directory, open 'C:\Users\soren\AppData\Local\Temp\aperture-e384b456-c566-4b01-9011-d599979818ab\persist.txt'



  ● Phase A: Docker Tool Execution › Docker Volume Mounting › should handle large file operations

    expect(received).toBe(expected) // Object.is equality

    Expected: "success"
    Received: "failed"

    [0m [90m 468 |[39m       )[33m;[39m
     [90m 469 |[39m
    [31m[1m>[22m[39m[90m 470 |[39m       expect(readResult[33m.[39mreceipt[33m.[39mstatus)[33m.[39mtoBe([32m'success'[39m)[33m;[39m
     [90m     |[39m                                         [31m[1m^[22m[39m
     [90m 471 |[39m       expect(readResult[33m.[39moutput[33m.[39msize)[33m.[39mtoBe(largeData[33m.[39mlength)[33m;[39m
     [90m 472 |[39m
     [90m 473 |[39m       [36mawait[39m sandbox[33m.[39mcleanup()[33m;[39m[0m

      at Object.<anonymous> (cic-ingestion/src/aperture/__tests__/tool-execution-docker.test.ts:470:41)

FAIL cic/src/runtime/tests/gracefulShutdown.test.ts (17.482 s)
  ● gracefulShutdown › installGracefulShutdown › flushes metrics on shutdown

    expect(jest.fn()).toHaveBeenCalled()

    Expected number of calls: >= 1
    Received number of calls:    0

    [0m [90m 108 |[39m       [36mawait[39m [36mnew[39m [33mPromise[39m(resolve [33m=>[39m setTimeout(resolve[33m,[39m [35m100[39m))[33m;[39m
     [90m 109 |[39m
    [31m[1m>[22m[39m[90m 110 |[39m       expect(flushMetricsFn)[33m.[39mtoHaveBeenCalled()[33m;[39m
     [90m     |[39m                              [31m[1m^[22m[39m
     [90m 111 |[39m       expect(exitCode)[33m.[39mtoBe([35m0[39m)[33m;[39m
     [90m 112 |[39m     })[33m;[39m
     [90m 113 |[39m[0m

      at Object.<anonymous> (cic/src/runtime/tests/gracefulShutdown.test.ts:110:30)

  ● gracefulShutdown › installGracefulShutdown › closes connections on shutdown

    expect(jest.fn()).toHaveBeenCalled()

    Expected number of calls: >= 1
    Received number of calls:    0

    [0m [90m 125 |[39m       [36mawait[39m [36mnew[39m [33mPromise[39m(resolve [33m=>[39m setTimeout(resolve[33m,[39m [35m100[39m))[33m;[39m
     [90m 126 |[39m
    [31m[1m>[22m[39m[90m 127 |[39m       expect(closeConnectionsFn)[33m.[39mtoHaveBeenCalled()[33m;[39m
     [90m     |[39m                                  [31m[1m^[22m[39m
     [90m 128 |[39m       expect(exitCode)[33m.[39mtoBe([35m0[39m)[33m;[39m
     [90m 129 |[39m     })[33m;[39m
     [90m 130 |[39m[0m

      at Object.<anonymous> (cic/src/runtime/tests/gracefulShutdown.test.ts:127:34)

  ● gracefulShutdown › installGracefulShutdown › exits with code 1 on drain error

    expect(received).toBe(expected) // Object.is equality

    Expected: 1
    Received: null

    [0m [90m 141 |[39m       [36mawait[39m [36mnew[39m [33mPromise[39m(resolve [33m=>[39m setTimeout(resolve[33m,[39m [35m100[39m))[33m;[39m
     [90m 142 |[39m
    [31m[1m>[22m[39m[90m 143 |[39m       expect(exitCode)[33m.[39mtoBe([35m1[39m)[33m;[39m
     [90m     |[39m                        [31m[1m^[22m[39m
     [90m 144 |[39m       expect(mockLogger[33m.[39merror)[33m.[39mtoHaveBeenCalledWith(
     [90m 145 |[39m         expect[33m.[39mobjectContaining({
     [90m 146 |[39m           msg[33m:[39m [32m"shutdown:error"[39m[0m

      at Object.<anonymous> (cic/src/runtime/tests/gracefulShutdown.test.ts:143:24)

  ● gracefulShutdown › installGracefulShutdown › handles drain timeout gracefully

    expect(jest.fn()).toHaveBeenCalled()

    Expected number of calls: >= 1
    Received number of calls:    0

    [0m [90m 169 |[39m
     [90m 170 |[39m       [90m// Should have called drain[39m
    [31m[1m>[22m[39m[90m 171 |[39m       expect(drainFn)[33m.[39mtoHaveBeenCalled()[33m;[39m
     [90m     |[39m                       [31m[1m^[22m[39m
     [90m 172 |[39m
     [90m 173 |[39m       [90m// Should log timeout warning and exit despite drain not completing[39m
     [90m 174 |[39m       expect(mockLogger[33m.[39mwarn)[33m.[39mtoHaveBeenCalledWith([0m

      at Object.<anonymous> (cic/src/runtime/tests/gracefulShutdown.test.ts:171:23)

FAIL cic-ingestion/tests/phase-26-integration.test.ts (17.396 s)
  ● Phase 26: TorqueQuery Integration (Python ↔ TypeScript) › ingests event via TypeScript endpoint

    expect(received).toBe(expected) // Object.is equality

    Expected: 201
    Received: 404

    [0m [90m 27 |[39m     })[33m;[39m
     [90m 28 |[39m
    [31m[1m>[22m[39m[90m 29 |[39m     expect(response[33m.[39mstatus)[33m.[39mtoBe([35m201[39m)[33m;[39m
     [90m    |[39m                             [31m[1m^[22m[39m
     [90m 30 |[39m     [36mconst[39m result [33m=[39m [36mawait[39m response[33m.[39mjson()[33m;[39m
     [90m 31 |[39m     expect(result[33m.[39mstatus)[33m.[39mtoBe([32m'indexed'[39m)[33m;[39m
     [90m 32 |[39m   })[33m;[39m[0m

      at Object.<anonymous> (cic-ingestion/tests/phase-26-integration.test.ts:29:29)

  ● Phase 26: TorqueQuery Integration (Python ↔ TypeScript) › queries ingested event by type

    expect(received).toBe(expected) // Object.is equality

    Expected: 200
    Received: 404

    [0m [90m 54 |[39m     )[33m;[39m
     [90m 55 |[39m
    [31m[1m>[22m[39m[90m 56 |[39m     expect(response[33m.[39mstatus)[33m.[39mtoBe([35m200[39m)[33m;[39m
     [90m    |[39m                             [31m[1m^[22m[39m
     [90m 57 |[39m     [36mconst[39m result [33m=[39m [36mawait[39m response[33m.[39mjson()[33m;[39m
     [90m 58 |[39m     expect(result[33m.[39mcount)[33m.[39mtoBeGreaterThan([35m0[39m)[33m;[39m
     [90m 59 |[39m     expect(result[33m.[39mevents[33m.[39msome((e[33m:[39m any) [33m=>[39m e[33m.[39magentId [33m===[39m [32m'query-agent'[39m))[33m.[39mtoBe([36mtrue[39m)[33m;[39m[0m

      at Object.<anonymous> (cic-ingestion/tests/phase-26-integration.test.ts:56:29)

  ● Phase 26: TorqueQuery Integration (Python ↔ TypeScript) › handles batch ingest from TypeScript

    expect(received).toBe(expected) // Object.is equality

    Expected: 201
    Received: 404

    [0m [90m 83 |[39m     })[33m;[39m
     [90m 84 |[39m
    [31m[1m>[22m[39m[90m 85 |[39m     expect(response[33m.[39mstatus)[33m.[39mtoBe([35m201[39m)[33m;[39m
     [90m    |[39m                             [31m[1m^[22m[39m
     [90m 86 |[39m     [36mconst[39m result [33m=[39m [36mawait[39m response[33m.[39mjson()[33m;[39m
     [90m 87 |[39m     expect(result[33m.[39mindexed)[33m.[39mtoBe([35m2[39m)[33m;[39m
     [90m 88 |[39m   })[33m;[39m[0m

      at Object.<anonymous> (cic-ingestion/tests/phase-26-integration.test.ts:85:29)

  ● Phase 26: TorqueQuery Integration (Python ↔ TypeScript) › rejects invalid query from Python

    FetchError: request to http://localhost:8000/query failed, reason:

      at ClientRequest.<anonymous> (cic-ingestion/node_modules/node-fetch/lib/index.js:1501:11)

  ● Phase 26: TorqueQuery Integration (Python ↔ TypeScript) › enforces read limit validation

    FetchError: request to http://localhost:8000/api/fs/read failed, reason:

      at ClientRequest.<anonymous> (cic-ingestion/node_modules/node-fetch/lib/index.js:1501:11)

  ● Phase 26: TorqueQuery Integration (Python ↔ TypeScript) › rejects event without required fields

    expect(received).toBe(expected) // Object.is equality

    Expected: 400
    Received: 404

    [0m [90m 134 |[39m     })[33m;[39m
     [90m 135 |[39m
    [31m[1m>[22m[39m[90m 136 |[39m     expect(response[33m.[39mstatus)[33m.[39mtoBe([35m400[39m)[33m;[39m
     [90m     |[39m                             [31m[1m^[22m[39m
     [90m 137 |[39m     [36mconst[39m result [33m=[39m [36mawait[39m response[33m.[39mjson()[33m;[39m
     [90m 138 |[39m     expect(result[33m.[39merror)[33m.[39mtoContain([32m'agentId'[39m)[33m;[39m
     [90m 139 |[39m   })[33m;[39m[0m

      at Object.<anonymous> (cic-ingestion/tests/phase-26-integration.test.ts:136:29)

  ● Phase 26: TorqueQuery Integration (Python ↔ TypeScript) › preserves signals through ingestion

    expect(received).toBe(expected) // Object.is equality

    Expected: 201
    Received: 404

    [0m [90m 159 |[39m     })[33m;[39m
     [90m 160 |[39m
    [31m[1m>[22m[39m[90m 161 |[39m     expect(response[33m.[39mstatus)[33m.[39mtoBe([35m201[39m)[33m;[39m
     [90m     |[39m                             [31m[1m^[22m[39m
     [90m 162 |[39m
     [90m 163 |[39m     [90m// Query signals back[39m
     [90m 164 |[39m     [36mconst[39m signalResponse [33m=[39m [36mawait[39m fetch([0m

      at Object.<anonymous> (cic-ingestion/tests/phase-26-integration.test.ts:161:29)

  ● Phase 26: TorqueQuery Integration (Python ↔ TypeScript) › reports health from TypeScript endpoint

    expect(received).toBe(expected) // Object.is equality

    Expected: "ok"
    Received: "healthy"

    [0m [90m 178 |[39m     expect(response[33m.[39mstatus)[33m.[39mtoBe([35m200[39m)[33m;[39m
     [90m 179 |[39m     [36mconst[39m result [33m=[39m [36mawait[39m response[33m.[39mjson()[33m;[39m
    [31m[1m>[22m[39m[90m 180 |[39m     expect(result[33m.[39mstatus)[33m.[39mtoBe([32m'ok'[39m)[33m;[39m
     [90m     |[39m                           [31m[1m^[22m[39m
     [90m 181 |[39m   })[33m;[39m
     [90m 182 |[39m
     [90m 183 |[39m   it([32m'reports health from Python endpoint'[39m[33m,[39m [36masync[39m () [33m=>[39m {[0m

      at Object.<anonymous> (cic-ingestion/tests/phase-26-integration.test.ts:180:27)

  ● Phase 26: TorqueQuery Integration (Python ↔ TypeScript) › reports health from Python endpoint

    FetchError: request to http://localhost:8000/health failed, reason:

      at ClientRequest.<anonymous> (cic-ingestion/node_modules/node-fetch/lib/index.js:1501:11)

FAIL cic/src/adapters/__tests__/FileWriteAdapter.concurrency.test.ts (17.949 s)
  ● FileWriteAdapter – Concurrency › CC-06: concurrent writes with mixed valid/invalid paths

    expect(received).toBeGreaterThan(expected)

    Expected: > 8
    Received:   0

    [0m [90m 161 |[39m
     [90m 162 |[39m     [90m// Should have more successes than errors[39m
    [31m[1m>[22m[39m[90m 163 |[39m     expect(successes)[33m.[39mtoBeGreaterThan(errors)[33m;[39m
     [90m     |[39m                       [31m[1m^[22m[39m
     [90m 164 |[39m     expect(errors)[33m.[39mtoBeGreaterThan([35m0[39m)[33m;[39m
     [90m 165 |[39m   })[33m;[39m
     [90m 166 |[39m[0m

      at Object.<anonymous> (cic/src/adapters/__tests__/FileWriteAdapter.concurrency.test.ts:163:23)

FAIL src/integration/torquequery.bookstack.ingestion.test.ts (17.674 s)
  ● TorqueQuery BookStack ingestion › ingests pages with metadata

    TypeError: Network request failed

      at node_modules/whatwg-fetch/dist/fetch.umd.js:567:18
      at Timeout.task [as _onTimeout] (node_modules/jsdom/lib/jsdom/browser/Window.js:579:19)

  ● TorqueQuery BookStack ingestion › vector embeddings are generated

    TypeError: Network request failed

      at node_modules/whatwg-fetch/dist/fetch.umd.js:567:18
      at Timeout.task [as _onTimeout] (node_modules/jsdom/lib/jsdom/browser/Window.js:579:19)

  ● TorqueQuery BookStack ingestion › bm25 fields are populated

    TypeError: Network request failed

      at node_modules/whatwg-fetch/dist/fetch.umd.js:567:18
      at Timeout.task [as _onTimeout] (node_modules/jsdom/lib/jsdom/browser/Window.js:579:19)

FAIL cic-ingestion/src/wayland/__tests__/wayland-security-policy.test.ts
  ● Test suite failed to run

    [96mcic-ingestion/src/wayland/__tests__/wayland-security-policy.test.ts[0m:[93m11[0m:[93m8[0m - [91merror[0m[90m TS2307: [0mCannot find module '../wayland-security-policy' or its corresponding type declarations.

    [7m11[0m } from '../wayland-security-policy';
    [7m  [0m [91m       ~~~~~~~~~~~~~~~~~~~~~~~~~~~~[0m
    [96mcic-ingestion/src/wayland/__tests__/wayland-security-policy.test.ts[0m:[93m44[0m:[93m33[0m - [91merror[0m[90m TS7006: [0mParameter 'r' implicitly has an 'any' type.

    [7m44[0m       const added = rules.find((r) => r.id === 'test-rule-1');
    [7m  [0m [91m                                ~[0m

FAIL cic/src/runtime/tests/queue.redis.test.js
  ● Test suite failed to run

    Jest encountered an unexpected token

    Jest failed to parse a file. This happens e.g. when your code or its dependencies use non-standard JavaScript syntax, or when Jest is not configured to support such syntax.

    Out of the box Jest supports Babel, which will be used to transform your files into valid JS based on your Babel configuration.

    By default "node_modules" folder is ignored by transformers.

    Here's what you can do:
     • If you are trying to use ECMAScript Modules, see https://jestjs.io/docs/ecmascript-modules for how to enable it.
     • If you are trying to use TypeScript, see https://jestjs.io/docs/getting-started#using-typescript
     • To have some of your "node_modules" files transformed, you can specify a custom "transformIgnorePatterns" in your config.
     • If you need a custom transformation specify a "transform" option in your config.
     • If you simply want to mock your non-JS modules (e.g. binary assets) you can stub them out with the "moduleNameMapper" config option.

    You'll find more details and examples of these config options in the docs:
    https://jestjs.io/docs/configuration
    For information about custom transformations, see:
    https://jestjs.io/docs/code-transformation

    Details:

    C:\dev\cic\src\runtime\tests\queue.redis.test.js:9
    import { describe, it, expect, beforeAll, afterAll, beforeEach } from "@jest/globals";
    ^^^^^^

    SyntaxError: Cannot use import statement outside a module

      at Runtime.createScriptFromCode (node_modules/jest-runtime/build/index.js:1505:14)

FAIL cic-ingestion/src/vector/__tests__/torqueQueryRegression.test.ts
  ● Test suite failed to run

    [96mcic-ingestion/src/vector/__tests__/torqueQueryRegression.test.ts[0m:[93m6[0m:[93m36[0m - [91merror[0m[90m TS2307: [0mCannot find module '../torqueQueryPlanner.js' or its corresponding type declarations.

    [7m6[0m import { TorqueQueryPlanner } from "../torqueQueryPlanner.js";
    [7m [0m [91m                                   ~~~~~~~~~~~~~~~~~~~~~~~~~~[0m
    [96mcic-ingestion/src/vector/__tests__/torqueQueryRegression.test.ts[0m:[93m7[0m:[93m49[0m - [91merror[0m[90m TS2307: [0mCannot find module '../qdrantClient.js' or its corresponding type declarations.

    [7m7[0m import QdrantClient, { QdrantQueryResult } from "../qdrantClient.js";
    [7m [0m [91m                                                ~~~~~~~~~~~~~~~~~~~~[0m
    [96mcic-ingestion/src/vector/__tests__/torqueQueryRegression.test.ts[0m:[93m19[0m:[93m18[0m - [91merror[0m[90m TS4112: [0mThis member cannot have an 'override' modifier because its containing class 'FakeQdrantClient' does not extend another class.

    [7m19[0m   override async query(_vector: number[], limit: number) {
    [7m  [0m [91m                 ~~~~~[0m
    [96mcic-ingestion/src/vector/__tests__/torqueQueryRegression.test.ts[0m:[93m23[0m:[93m12[0m - [91merror[0m[90m TS4112: [0mThis member cannot have an 'override' modifier because its containing class 'FakeQdrantClient' does not extend another class.

    [7m23[0m   override collectionName() {
    [7m  [0m [91m           ~~~~~~~~~~~~~~[0m
    [96mcic-ingestion/src/vector/__tests__/torqueQueryRegression.test.ts[0m:[93m27[0m:[93m18[0m - [91merror[0m[90m TS4112: [0mThis member cannot have an 'override' modifier because its containing class 'FakeQdrantClient' does not extend another class.

    [7m27[0m   override async health() {
    [7m  [0m [91m                 ~~~~~~[0m
    [96mcic-ingestion/src/vector/__tests__/torqueQueryRegression.test.ts[0m:[93m31[0m:[93m18[0m - [91merror[0m[90m TS4112: [0mThis member cannot have an 'override' modifier because its containing class 'FakeQdrantClient' does not extend another class.

    [7m31[0m   override async stats() {
    [7m  [0m [91m                 ~~~~~[0m
    [96mcic-ingestion/src/vector/__tests__/torqueQueryRegression.test.ts[0m:[93m69[0m:[93m31[0m - [91merror[0m[90m TS7006: [0mParameter 'h' implicitly has an 'any' type.

    [7m69[0m     const ids = res.hits.map((h) => h.id);
    [7m  [0m [91m                              ~[0m
    [96mcic-ingestion/src/vector/__tests__/torqueQueryRegression.test.ts[0m:[93m104[0m:[93m47[0m - [91merror[0m[90m TS7006: [0mParameter 'h' implicitly has an 'any' type.

    [7m104[0m     const collections = new Set(res.hits.map((h) => h.collection));
    [7m   [0m [91m                                              ~[0m
    [96mcic-ingestion/src/vector/__tests__/torqueQueryRegression.test.ts[0m:[93m131[0m:[93m27[0m - [91merror[0m[90m TS7006: [0mParameter 'h' implicitly has an 'any' type.

    [7m131[0m     expect(res1.hits.map((h) => h.id)).toEqual(res2.hits.map((h) => h.id));
    [7m   [0m [91m                          ~[0m
    [96mcic-ingestion/src/vector/__tests__/torqueQueryRegression.test.ts[0m:[93m131[0m:[93m63[0m - [91merror[0m[90m TS7006: [0mParameter 'h' implicitly has an 'any' type.

    [7m131[0m     expect(res1.hits.map((h) => h.id)).toEqual(res2.hits.map((h) => h.id));
    [7m   [0m [91m                                                              ~[0m

FAIL cic-ingestion/src/wayland/__tests__/wayland-adapter-registry.test.ts
  ● Test suite failed to run

    [96mcic-ingestion/src/wayland/__tests__/wayland-adapter-registry.test.ts[0m:[93m11[0m:[93m8[0m - [91merror[0m[90m TS2307: [0mCannot find module '../wayland-adapter-registry' or its corresponding type declarations.

    [7m11[0m } from '../wayland-adapter-registry';
    [7m  [0m [91m       ~~~~~~~~~~~~~~~~~~~~~~~~~~~~~[0m
    [96mcic-ingestion/src/wayland/__tests__/wayland-adapter-registry.test.ts[0m:[93m143[0m:[93m28[0m - [91merror[0m[90m TS7006: [0mParameter 'a' implicitly has an 'any' type.

    [7m143[0m       expect(adapters.map((a) => a.id)).toContain('adapter-5');
    [7m   [0m [91m                           ~[0m
    [96mcic-ingestion/src/wayland/__tests__/wayland-adapter-registry.test.ts[0m:[93m144[0m:[93m28[0m - [91merror[0m[90m TS7006: [0mParameter 'a' implicitly has an 'any' type.

    [7m144[0m       expect(adapters.map((a) => a.id)).toContain('adapter-6');
    [7m   [0m [91m                           ~[0m

FAIL cic-ingestion/src/vector/__tests__/goldenQueries.test.ts
  ● Test suite failed to run

    [96mcic-ingestion/src/vector/__tests__/goldenQueries.test.ts[0m:[93m3[0m:[93m36[0m - [91merror[0m[90m TS2307: [0mCannot find module '../torqueQueryPlanner.js' or its corresponding type declarations.

    [7m3[0m import { TorqueQueryPlanner } from "../torqueQueryPlanner.js";
    [7m [0m [91m                                   ~~~~~~~~~~~~~~~~~~~~~~~~~~[0m
    [96mcic-ingestion/src/vector/__tests__/goldenQueries.test.ts[0m:[93m4[0m:[93m25[0m - [91merror[0m[90m TS2307: [0mCannot find module '../vectorLayer.js' or its corresponding type declarations.

    [7m4[0m import VectorLayer from "../vectorLayer.js";
    [7m [0m [91m                        ~~~~~~~~~~~~~~~~~~~[0m
    [96mcic-ingestion/src/vector/__tests__/goldenQueries.test.ts[0m:[93m59[0m:[93m39[0m - [91merror[0m[90m TS7006: [0mParameter 'h' implicitly has an 'any' type.

    [7m59[0m       const actualIds = res.hits.map((h) => h.id);
    [7m  [0m [91m                                      ~[0m

FAIL cic-ingestion/src/cli/__tests__/cic-cli-cache.test.ts
  ● Test suite failed to run

    [96mcic-ingestion/src/cli/__tests__/cic-cli-cache.test.ts[0m:[93m2[0m:[93m38[0m - [91merror[0m[90m TS2307: [0mCannot find module '../../prompt-cache/router' or its corresponding type declarations.

    [7m2[0m import { CICPromptCacheRouter } from '../../prompt-cache/router';
    [7m [0m [91m                                     ~~~~~~~~~~~~~~~~~~~~~~~~~~~[0m

FAIL cic-ingestion/src/autonomy/__tests__/phase-23-2-integration.test.ts
  ● Test suite failed to run

    [96mcic-ingestion/src/autonomy/__tests__/phase-23-2-integration.test.ts[0m:[93m12[0m:[93m33[0m - [91merror[0m[90m TS2307: [0mCannot find module '../AutonomyService' or its corresponding type declarations.

    [7m12[0m import { AutonomyService } from '../AutonomyService';
    [7m  [0m [91m                                ~~~~~~~~~~~~~~~~~~~~[0m
    [96mcic-ingestion/src/autonomy/__tests__/phase-23-2-integration.test.ts[0m:[93m15[0m:[93m33[0m - [91merror[0m[90m TS2307: [0mCannot find module '../models/RoadmapProposal' or its corresponding type declarations.

    [7m15[0m import { RoadmapProposal } from '../models/RoadmapProposal';
    [7m  [0m [91m                                ~~~~~~~~~~~~~~~~~~~~~~~~~~~[0m

FAIL cic/src/runtime/tests/phase-6-integration.test.js
  ● Test suite failed to run

    Jest encountered an unexpected token

    Jest failed to parse a file. This happens e.g. when your code or its dependencies use non-standard JavaScript syntax, or when Jest is not configured to support such syntax.

    Out of the box Jest supports Babel, which will be used to transform your files into valid JS based on your Babel configuration.

    By default "node_modules" folder is ignored by transformers.

    Here's what you can do:
     • If you are trying to use ECMAScript Modules, see https://jestjs.io/docs/ecmascript-modules for how to enable it.
     • If you are trying to use TypeScript, see https://jestjs.io/docs/getting-started#using-typescript
     • To have some of your "node_modules" files transformed, you can specify a custom "transformIgnorePatterns" in your config.
     • If you need a custom transformation specify a "transform" option in your config.
     • If you simply want to mock your non-JS modules (e.g. binary assets) you can stub them out with the "moduleNameMapper" config option.

    You'll find more details and examples of these config options in the docs:
    https://jestjs.io/docs/configuration
    For information about custom transformations, see:
    https://jestjs.io/docs/code-transformation

    Details:

    C:\dev\cic\src\runtime\tests\phase-6-integration.test.js:10
    import { describe, it, expect, beforeAll, afterAll } from "@jest/globals";
    ^^^^^^

    SyntaxError: Cannot use import statement outside a module

      at Runtime.createScriptFromCode (node_modules/jest-runtime/build/index.js:1505:14)

FAIL cic-runtime/integration.test.ts
  ● Test suite failed to run

    Jest encountered an unexpected token

    Jest failed to parse a file. This happens e.g. when your code or its dependencies use non-standard JavaScript syntax, or when Jest is not configured to support such syntax.

    Out of the box Jest supports Babel, which will be used to transform your files into valid JS based on your Babel configuration.

    By default "node_modules" folder is ignored by transformers.

    Here's what you can do:
     • If you are trying to use ECMAScript Modules, see https://jestjs.io/docs/ecmascript-modules for how to enable it.
     • If you are trying to use TypeScript, see https://jestjs.io/docs/getting-started#using-typescript
     • To have some of your "node_modules" files transformed, you can specify a custom "transformIgnorePatterns" in your config.
     • If you need a custom transformation specify a "transform" option in your config.
     • If you simply want to mock your non-JS modules (e.g. binary assets) you can stub them out with the "moduleNameMapper" config option.

    You'll find more details and examples of these config options in the docs:
    https://jestjs.io/docs/configuration
    For information about custom transformations, see:
    https://jestjs.io/docs/code-transformation

    Details:

    C:\dev\node_modules\node-cron\node_modules\uuid\dist\esm-browser\index.js:1
    ({"Object.<anonymous>":function(module,exports,require,__dirname,__filename,jest){export { default as v1 } from './v1.js';
                                                                                      ^^^^^^

    SyntaxError: Unexpected token 'export'

    [0m [90m  7 |[39m [36mimport[39m { pathToFileURL [36mas[39m pathToFileUrl } [36mfrom[39m [32m'url'[39m[33m;[39m
     [90m  8 |[39m [36mimport[39m yaml [36mfrom[39m [32m'js-yaml'[39m[33m;[39m
    [31m[1m>[22m[39m[90m  9 |[39m [36mimport[39m cron [36mfrom[39m [32m'node-cron'[39m[33m;[39m
     [90m    |[39m [31m[1m^[22m[39m
     [90m 10 |[39m [36mimport[39m { [33mPool[39m[33m,[39m [33mPoolClient[39m } [36mfrom[39m [32m'pg'[39m[33m;[39m
     [90m 11 |[39m [36mimport[39m [33mDocker[39m [36mfrom[39m [32m'dockerode'[39m[33m;[39m
     [90m 12 |[39m [36mimport[39m { z } [36mfrom[39m [32m'zod'[39m[33m;[39m[0m

      at Runtime.createScriptFromCode (node_modules/jest-runtime/build/index.js:1505:14)
      at Object.<anonymous> (node_modules/node-cron/src/scheduled-task.js:6:14)
      at Object.<anonymous> (node_modules/node-cron/src/node-cron.js:3:23)
      at Object.<anonymous> (cic-runtime/defineAgent.ts:9:1)
      at Object.<anonymous> (cic-runtime/integration.test.ts:17:1)


Test Suites: 16 failed, 51 passed, 67 total
Tests:       29 failed, 769 passed, 798 total
Snapshots:   0 total
Time:        54.816 s
Ran all test suites.
Force exiting Jest: Have you considered using `--detectOpenHandles` to detect async operations that kept running after all tests finished?
